2021-12-13 17:14:00.413 3326-689/? I/ResourceManagerService: getMediaResourceInfo (PID : 6328, clientID : 505272259584, non-secure-codec/video-codec:1, 576x874(fps:30) - SoftCodec : No, Encorder : No)
2021-12-13 17:14:00.413 3326-689/? I/ResourceManagerService: getMediaResourceInfo (PID : 6328, clientID : 505272261888, non-secure-codec/video-codec:1, 576x874(fps:29) - SoftCodec : No, Encorder : No)
2021-12-13 17:14:00.413 3326-689/? I/ResourceManagerService: getMediaResourceInfo (PID : 6328, clientID : 505272262528, non-secure-codec/video-codec:1, 576x874(fps:23) - SoftCodec : No, Encorder : No)
2021-12-13 17:14:00.413 3326-689/? I/ResourceManagerService: getMediaResourceInfo (PID : 6328, clientID : 504962962560, non-secure-codec/video-codec:1, 576x874(fps:29) - SoftCodec : No, Encorder : No)
2021-12-13 17:14:00.413 3326-689/? I/ResourceManagerService: getMediaResourceInfo (PID : 6328, clientID : 504713750272, non-secure-codec/video-codec:1, 576x874(fps:29) - SoftCodec : No, Encorder : No)
2021-12-13 17:14:00.413 3326-689/? I/ResourceManagerService: getMediaResourceInfo (PID : 6328, clientID : 505264982528, non-secure-codec/video-codec:1, 720x1280(fps:29) - SoftCodec : No, Encorder : No)
2021-12-13 17:14:00.414 3326-689/? I/ResourceManagerService: getMediaResourceInfo (PID : 6328, clientID : 505671937856, non-secure-codec/video-codec:1, 576x874(fps:29) - SoftCodec : No, Encorder : No)
2021-12-13 17:14:00.414 3326-689/? I/ResourceManagerService: getMediaResourceInfo (PID : 6328, clientID : 504744069376, non-secure-codec/video-codec:1, 576x874(fps:30) - SoftCodec : No, Encorder : No)
2021-12-13 17:14:00.414 3326-689/? I/ResourceManagerService: getMediaResourceInfo (PID : 6328, clientID : 504585915456, non-secure-codec/video-codec:1, 576x874(fps:29) - SoftCodec : No, Encorder : No)
2021-12-13 17:14:00.414 3326-689/? I/ResourceManagerService: getMediaResourceInfo (PID : 6328, clientID : 504737919040, non-secure-codec/video-codec:1, 576x874(fps:29) - SoftCodec : No, Encorder : No)
2021-12-13 17:14:00.414 3668-5333/? V/ResourceManagerHelper-JNI: JNIMediaResourceHelper::notify eventType : 1, ext1 : 0, ext2 : 0
2021-12-13 17:14:00.414 3668-5333/? V/ResourceManagerHelper-JNI: notify eventType : 1, ext1 : 0, ext2 : 0
2021-12-13 17:14:00.415 3668-5333/? I/SemMediaResourceHelper: makeMediaResourceInfo mOwnResourceEventExcluded : false, mPid : 3668
2021-12-13 17:14:00.415 3668-5333/? I/SemMediaResourceHelper: [1] makeMediaResourceInfo resourceType : 2 isSecured : false, pid : 6328, client id : 505272259584
2021-12-13 17:14:00.415 3668-5333/? I/SemMediaResourceHelper: [2] makeMediaResourceInfo resourceType : 2 isSecured : false, pid : 6328, client id : 505272261888
2021-12-13 17:14:00.415 3668-5333/? I/SemMediaResourceHelper: [3] makeMediaResourceInfo resourceType : 2 isSecured : false, pid : 6328, client id : 505272262528
2021-12-13 17:14:00.415 3668-5333/? I/SemMediaResourceHelper: [4] makeMediaResourceInfo resourceType : 2 isSecured : false, pid : 6328, client id : 504962962560
2021-12-13 17:14:00.415 3668-5333/? I/SemMediaResourceHelper: [5] makeMediaResourceInfo resourceType : 2 isSecured : false, pid : 6328, client id : 504713750272
2021-12-13 17:14:00.415 3668-5333/? I/SemMediaResourceHelper: [6] makeMediaResourceInfo resourceType : 2 isSecured : false, pid : 6328, client id : 505264982528
2021-12-13 17:14:00.415 3668-5333/? I/SemMediaResourceHelper: [7] makeMediaResourceInfo resourceType : 2 isSecured : false, pid : 6328, client id : 505671937856
2021-12-13 17:14:00.415 3668-5333/? I/SemMediaResourceHelper: [8] makeMediaResourceInfo resourceType : 2 isSecured : false, pid : 6328, client id : 504744069376
2021-12-13 17:14:00.415 3668-5333/? I/SemMediaResourceHelper: [9] makeMediaResourceInfo resourceType : 2 isSecured : false, pid : 6328, client id : 504585915456
2021-12-13 17:14:00.415 3668-5333/? I/SemMediaResourceHelper: [10] makeMediaResourceInfo resourceType : 2 isSecured : false, pid : 6328, client id : 504737919040
2021-12-13 17:14:00.416 3668-13541/? I/SemMediaResourceHelper: onAdd
2021-12-13 17:14:00.416 3668-13541/? I/DrmMediaResourceHelper: onAdd size = 10
2021-12-13 17:14:00.420 6328-6753/com.izwin.hotpot2 I/ACodec:  [] Now uninitialized
2021-12-13 17:14:00.421 3335-6784/? D/ExynosVideoDecoder: MFC_Decoder_ExtensionEnqueue_Inbuf: DATA with flags(0x20000000)
2021-12-13 17:14:00.421 6328-6786/com.izwin.hotpot2 I/ACodec: [] onAllocateComponent
2021-12-13 17:14:00.423 6328-6786/com.izwin.hotpot2 I/OMXClient: Treble IOmx obtained
2021-12-13 17:14:00.424 3335-691/? I/OMXMaster: makeComponentInstance(OMX.google.aac.decoder) in omx@1.0-service process
2021-12-13 17:14:00.424 3335-6779/? I/EXYNOS_BASE_PORT: [0xd8f0fc00][Exynos_OMX_PortDisableProcess] Before disabling output port, do flush
2021-12-13 17:14:00.426 6328-6778/com.izwin.hotpot2 I/ACodec: [OMX.Exynos.avc.dec] Now handling output port settings change
2021-12-13 17:14:00.426 6328-6778/com.izwin.hotpot2 W/AHierarchicalStateMachine: Warning message AMessage(what = 'omxI') = {
      int32_t type = 0
      int32_t event = 3
      int32_t data1 = 1
      int32_t data2 = 117440527
    } unhandled in root state.
2021-12-13 17:14:00.426 3335-6779/? I/EXYNOS_BASE_PORT: [0xd8f0fc00][Exynos_OMX_PortDisableProcess] Disable output Port
2021-12-13 17:14:00.428 3335-6784/? D/ExynosVideoDecoder: MFC_Decoder_ExtensionEnqueue_Inbuf: DATA with flags(0x20000000)
2021-12-13 17:14:00.429 3335-6779/? I/EXYNOS_BASE_PORT: [0xd8f0fc00][Exynos_OMX_PortEnableProcess] Enable output Port
2021-12-13 17:14:00.429 3335-6784/? D/ExynosVideoDecoder: MFC_Decoder_ExtensionEnqueue_Inbuf: DATA with flags(0x20000000)
2021-12-13 17:14:00.429 6328-6786/com.izwin.hotpot2 I/ACodec: [OMX.google.aac.decoder] Now Loaded
2021-12-13 17:14:00.430 6328-6778/com.izwin.hotpot2 D/SurfaceUtils: set up nativeWindow 0x7575ce0010 for 576x880, color 0x121, rotation 0, usage 0x2900
2021-12-13 17:14:00.430 6328-6778/com.izwin.hotpot2 I/ACodec: [OMX.Exynos.avc.dec] configureOutputBuffersFromNativeWindow setBufferCount : 15, minUndequeuedBuffers : 4
2021-12-13 17:14:00.431 3335-691/? E/OMXNodeInstance: setConfig(0xd18c5a80:google.aac.decoder, ConfigPriority(0x6f800002)) ERROR: Undefined(0x80001001)
2021-12-13 17:14:00.431 6328-6786/com.izwin.hotpot2 I/ACodec: codec does not support config priority (err -2147483648)
2021-12-13 17:14:00.432 3335-708/? E/OMXNodeInstance: getConfig(0xd18c5a80:google.aac.decoder, ConfigAndroidVendorExtension(0x6f100004)) ERROR: Undefined(0x80001001)
2021-12-13 17:14:00.433 6328-6786/com.izwin.hotpot2 I/ACodec: [OMX.google.aac.decoder] Now Loaded->Idle
2021-12-13 17:14:00.433 3335-6779/? I/EXYNOS_BASE_COMP: [0xd8f0fc00][Exynos_OMX_EventHandler] OMX_EventCmdComplete(Enable/output port)
2021-12-13 17:14:00.435 3182-3182/? W//system/bin/hw/android.hidl.allocator@1.0-service: ashmem_create_region(8192) returning hidl_memory(0x70c982c530, 8192)
2021-12-13 17:14:00.436 3182-3182/? I/chatty: uid=1000(system) allocator@1.0-s identical 2 lines
2021-12-13 17:14:00.437 3182-3182/? W//system/bin/hw/android.hidl.allocator@1.0-service: ashmem_create_region(8192) returning hidl_memory(0x70c982c530, 8192)
2021-12-13 17:14:00.438 6328-6778/com.izwin.hotpot2 I/ACodec: [OMX.Exynos.avc.dec] Now Executing
2021-12-13 17:14:00.440 3182-3182/? W//system/bin/hw/android.hidl.allocator@1.0-service: ashmem_create_region(32768) returning hidl_memory(0x70c982c530, 32768)
2021-12-13 17:14:00.440 3182-3182/? I/chatty: uid=1000(system) allocator@1.0-s identical 2 lines
2021-12-13 17:14:00.441 3182-3182/? W//system/bin/hw/android.hidl.allocator@1.0-service: ashmem_create_region(32768) returning hidl_memory(0x70c982c530, 32768)
2021-12-13 17:14:00.442 6328-6786/com.izwin.hotpot2 I/ACodec: [OMX.google.aac.decoder] Now Idle->Executing
2021-12-13 17:14:00.442 6328-6786/com.izwin.hotpot2 I/ACodec: [OMX.google.aac.decoder] Now Executing
2021-12-13 17:14:00.686 6328-6790/com.izwin.hotpot2 I/System.out: (HTTPLog)-Static: isSBSettingEnabled false
2021-12-13 17:14:00.686 6328-6790/com.izwin.hotpot2 I/System.out: (HTTPLog)-Static: isSBSettingEnabled false
2021-12-13 17:14:00.687 3335-6787/? I/SoftAAC2: Reconfiguring decoder: 0->44100 Hz, 0->2 channels
2021-12-13 17:14:00.694 6328-6786/com.izwin.hotpot2 I/ACodec: [OMX.google.aac.decoder] Now handling output port settings change
2021-12-13 17:14:00.701 3182-3182/? W//system/bin/hw/android.hidl.allocator@1.0-service: ashmem_create_region(32768) returning hidl_memory(0x70c982c530, 32768)
2021-12-13 17:14:00.703 3182-3182/? I/chatty: uid=1000(system) allocator@1.0-s identical 2 lines
2021-12-13 17:14:00.704 3182-3182/? W//system/bin/hw/android.hidl.allocator@1.0-service: ashmem_create_region(32768) returning hidl_memory(0x70c982c530, 32768)
2021-12-13 17:14:00.705 6328-6786/com.izwin.hotpot2 I/ACodec: [OMX.google.aac.decoder] Now Executing
2021-12-13 17:14:00.713 3307-3307/? V/APM_AudioPolicyManager: getOutput() device 2, stream 3, samplingRate 0, format 0, channelMask 3, flags 0
2021-12-13 17:14:00.713 3307-3307/? V/APM_AudioPolicyManager: selectOutput() commonFlags for output 13, 0000
2021-12-13 17:14:00.713 3307-3307/? V/APM_AudioPolicyManager: selectOutput() commonFlags for output 21, 0000
2021-12-13 17:14:00.713 3307-3307/? V/APM_AudioPolicyManager:   getOutputForDevice() returns output 13
2021-12-13 17:14:00.714 3307-3307/? V/APM_AudioPolicyManager: getOutput() device 2, stream 3, samplingRate 0, format 0, channelMask 3, flags 0
2021-12-13 17:14:00.714 3307-3307/? V/APM_AudioPolicyManager: selectOutput() commonFlags for output 13, 0000
2021-12-13 17:14:00.714 3307-3307/? V/APM_AudioPolicyManager: selectOutput() commonFlags for output 21, 0000
2021-12-13 17:14:00.714 3307-3307/? V/APM_AudioPolicyManager:   getOutputForDevice() returns output 13
2021-12-13 17:14:00.714 3307-3307/? V/APM_AudioPolicyManager: getOutput() device 2, stream 3, samplingRate 0, format 0, channelMask 3, flags 0
2021-12-13 17:14:00.714 3307-3307/? V/APM_AudioPolicyManager: selectOutput() commonFlags for output 13, 0000
2021-12-13 17:14:00.714 3307-3307/? V/APM_AudioPolicyManager: selectOutput() commonFlags for output 21, 0000
2021-12-13 17:14:00.714 3307-3307/? V/APM_AudioPolicyManager:   getOutputForDevice() returns output 13
2021-12-13 17:14:00.717 3307-3307/? V/APM_AudioPolicyManager: getOutputForAttr() usage=1, content=0, tag= flags=00000200 session 1609 selectedDeviceId 0
2021-12-13 17:14:00.717 3307-3307/? D/APM::SoundKitchen: getDevice, uid = 10476, device = 0
2021-12-13 17:14:00.717 3307-3307/? V/APM_AudioPolicyManager: getOutputForAttr() device 0x2, samplingRate 44100, format 1, channelMask 3, flags 8
2021-12-13 17:14:00.717 3307-3307/? V/APM_AudioPolicyManager: selectOutput() commonFlags for output 13, 0001
2021-12-13 17:14:00.717 3307-3307/? V/APM_AudioPolicyManager:   getOutputForDevice() returns output 13
2021-12-13 17:14:00.718 6328-6753/com.izwin.hotpot2 D/AudioTrack: Client defaulted notificationFrames to 4725 for frameCount 14176
2021-12-13 17:14:00.723 3201-3201/? D/SurfaceFlinger:   Display[0] configurations (* current):
        * 0: 1440x2560, xdpi=537.882019, ydpi=532.982971, refresh=16949152
      numHwLayers=4, flags=00000000
        type   |  handle  | hint | flag | tr | blnd |   format    |     source crop (l,t,r,b)      |          frame         | name 
    -----------+----------+------+------+----+------+-------------+--------------------------------+------------------------+------
           HWC | 754d3b0dc0 | 0000 | 0020 | 00 | 0100 | ? 00000121  |    0.0,    0.0,  576.0,  874.0 |    0,   96, 1440, 2560 | SurfaceView - com.izwin.hotpot2/com.izwin.hotpot2.view.MainActivity@3e54c0b@0#0
           HWC | 75516c2b80 | 0000 | 0000 | 00 | 0105 | RGBA_8888   |    0.0,    0.0, 1440.0, 2560.0 |    0,    0, 1440, 2560 | com.izwin.hotpot2/com.izwin.hotpot2.view.MainActivity#0
           HWC | 75516c2ac0 | 0000 | 0000 | 00 | 0105 | RGBA_8888   |    0.0,    0.0, 1440.0,   96.0 |    0,    0, 1440,   96 | StatusBar#0
     FB TARGET | 75519f5f00 | 0000 | 0000 | 00 | 0105 | RGBA_8888   |    0.0,    0.0, 1440.0, 2560.0 |    0
2021-12-13 17:14:00.724 3201-3201/? D/SurfaceFlinger: ,    0, 1440, 2560 | HWC_FRAMEBUFFER_TARGET
2021-12-13 17:14:00.730 6328-6328/com.izwin.hotpot2 D/SurfaceView: BG show() Surface(name=Background for - SurfaceView - com.izwin.hotpot2/com.izwin.hotpot2.view.MainActivity@3e54c0b@0) android.view.SurfaceView{3e54c0b V.E...... ......ID 0,0-1440,2185}
2021-12-13 17:14:00.735 6328-6328/com.izwin.hotpot2 D/SurfaceView: surfaceChanged (1440,2185) 1 android.view.SurfaceView{3e54c0b V.E...... ......ID 0,0-1440,2185}
2021-12-13 17:14:00.753 3668-5333/? V/WindowManager: Relayout Window{3868f41 u0 com.izwin.hotpot2/com.izwin.hotpot2.view.MainActivity}: viewVisibility=0 req=1440x2560 WM.LayoutParams{(0,0)(fillxfill) sim=#10 ty=1 fl=#81810100 pfl=0x20000 fmt=-3 wanim=0x10302fd vsysui=0x600 needsMenuKey=2 colorMode=0 naviIconColor=0}
2021-12-13 17:14:00.760 6328-6328/com.izwin.hotpot2 D/ViewRootImpl@c021a16[MainActivity]: Relayout returned: old=[0,0][1440,2560] new=[0,0][1440,2560] result=0x1 surface={valid=true 505288982528} changed=false
2021-12-13 17:14:00.937 4841-4841/? D/io_stats: !@   8,0 r 6844494 263064680 w 2346605 53835128 d 322698 28258220 f 870139 861231 iot 6961090 6433727 th 331584 0 0 pt 0 inp 0 0 83185.550
2021-12-13 17:14:00.966 6328-6775/com.izwin.hotpot2 I/System.out: (HTTPLog)-Static: isSBSettingEnabled false
2021-12-13 17:14:00.966 6328-6775/com.izwin.hotpot2 I/System.out: (HTTPLog)-Static: isSBSettingEnabled false
2021-12-13 17:14:00.970 3327-3600/? D/DnsProxyListener: DNSDBG::dns addrinfo af 0
2021-12-13 17:14:01.223 3668-3668/? D/CustomFrequencyManagerService: releaseDVFSLockLocked : Getting Lock type frm List : DVFS_MIN_LIMIT  frequency : 832000  uid : 1000  pid : 3668  tag : GESTURE_DETECTED@CPU_MIN@48
2021-12-13 17:14:01.475 3668-5333/? D/EdgeLightingManager: isCallingUserSupported : callingUserId=0, mUserId=0, isDualAppId=false
2021-12-13 17:14:01.476 3668-5333/? D/EdgeLightingManager: showForToast : packageName = com.izwin.hotpot2
2021-12-13 17:14:01.476 3668-5333/? D/EdgeLightingClientManager: isAvailableEdgeLighting: condition=1 mCondition=3 mIsConnected=false0
2021-12-13 17:14:01.476 3668-5333/? D/EdgeLightingPolicyManager: isAcceptableApplication:  pkg=com.izwin.hotpot2 , range=512 , includeAllApp=false , userId=0 , infoRange=0 , infoCategory=0
2021-12-13 17:14:01.476 3668-5333/? D/EdgeLightingManager: showForToast : return false by isAcceptableApplication.
2021-12-13 17:14:01.499 3668-3713/? V/MARsPolicyManager: handelAlertToastWindowStarted pkgName = com.izwin.hotpot2, userId = 0
2021-12-13 17:14:01.501 6328-6328/com.izwin.hotpot2 D/ViewRootImpl@a509ef2[Toast]: setView = android.widget.LinearLayout{5ed9943 V.E...... ......I. 0,0-0,0} TM=true MM=false
2021-12-13 17:14:01.502 6328-6328/com.izwin.hotpot2 V/Toast: Text: Tlow in android.widget.Toast$TN@7aedbc0
2021-12-13 17:14:01.504 6328-6328/com.izwin.hotpot2 D/ViewRootImpl@a509ef2[Toast]: dispatchAttachedToWindow
2021-12-13 17:14:01.508 3668-5333/? V/WindowManager: Relayout Window{aafaf45 u0 Toast}: viewVisibility=0 req=828x176 WM.LayoutParams{(0,256)(wrapxwrap) gr=#51 sim=#20 ty=2005 fl=#1000098 fmt=-3 wanim=0x1030004 colorMode=0 naviIconColor=0}
2021-12-13 17:14:01.516 3201-3201/? I/SurfaceFlinger: id=643 createSurf (828x176),1 flag=4, Toast#0
2021-12-13 17:14:01.519 3668-5333/? V/Surface: sf_framedrop debug : 0x4f4c, game : false, logging : 0
2021-12-13 17:14:01.535 6328-6328/com.izwin.hotpot2 V/Surface: sf_framedrop debug : 0x4f4c, game : false, logging : 0
2021-12-13 17:14:01.537 6328-6328/com.izwin.hotpot2 D/ViewRootImpl@a509ef2[Toast]: Relayout returned: old=[0,0][0,0] new=[306,2128][1134,2304] result=0x7 surface={valid=true 505853734912} changed=true
2021-12-13 17:14:01.542 6328-6328/com.izwin.hotpot2 D/ViewRootImpl@a509ef2[Toast]: MSG_RESIZED_REPORT: frame=Rect(306, 2128 - 1134, 2304) ci=Rect(0, 0 - 0, 0) vi=Rect(0, 0 - 0, 0) or=1
2021-12-13 17:14:01.559 3668-5333/? V/WindowManager: finishDrawingLocked: mDrawState=COMMIT_DRAW_PENDING Window{aafaf45 u0 Toast} in Surface(name=Toast)
2021-12-13 17:14:01.588 3668-3776/? D/PowerManagerService: [api] acquire WakeLock flags=0x2000000a tag=WindowManager uid=1000 pid=3668 ws=WorkSource{10476} pkg=android
2021-12-13 17:14:01.615 3201-3201/? D/SurfaceFlinger:   Display[0] configurations (* current):
        * 0: 1440x2560, xdpi=537.882019, ydpi=532.982971, refresh=16949152
      numHwLayers=5, flags=00000000
        type   |  handle  | hint | flag | tr | blnd |   format    |     source crop (l,t,r,b)      |          frame         | name 
    -----------+----------+------+------+----+------+-------------+--------------------------------+------------------------+------
           HWC | 754d3b0dc0 | 0000 | 0020 | 00 | 0100 | ? 00000121  |    0.0,    0.0,  576.0,  874.0 |    0,  235, 1440, 2420 | SurfaceView - com.izwin.hotpot2/com.izwin.hotpot2.view.MainActivity@3e54c0b@0#0
           HWC | 7555a2d180 | 0000 | 0000 | 00 | 0105 | RGBA_8888   |    0.0,    0.0, 1440.0, 2560.0 |    0,    0, 1440, 2560 | com.izwin.hotpot2/com.izwin.hotpot2.view.MainActivity#0
           HWC | 75516c2ac0 | 0000 | 0000 | 00 | 0105 | RGBA_8888   |    0.0,    0.0, 1440.0,   96.0 |    0,    0, 1440,   96 | StatusBar#0
           HWC | 7555a2d900 | 0000 | 0000 | 00 | 0105 | RGBA_8888   |    0.0,    0.0,  828.0,  176.0 |  306
2021-12-13 17:14:01.615 3201-3201/? D/SurfaceFlinger: , 2128, 1134, 2304 | Toast#0
     FB TARGET | 75519f5f00 | 0000 | 0000 | 00 | 0105 | RGBA_8888   |    0.0,    0.0, 1440.0, 2560.0 |    0,    0, 1440, 2560 | HWC_FRAMEBUFFER_TARGET
2021-12-13 17:14:01.618 6328-6753/com.izwin.hotpot2 I/AudioTrack: This process already got info. FadeIn[0] FadeOut[0] FadeInRing[0]
2021-12-13 17:14:01.619 3668-5333/? D/AudioPlaybackMonitor: Found a new active media playback. ID:1119 -- type:android.media.AudioTrack -- u/pid:10476/6328 -- state:started -- attr:AudioAttributes: usage=1 content=0 flags=0x200 tags= bundle=null
2021-12-13 17:14:01.619 3307-3307/? W/AudioPolicyIntefaceImpl: Skipped to add effects on session 1609
2021-12-13 17:14:01.619 3307-3307/? V/APM_AudioPolicyManager: startOutput() output 13, stream 3, session 1609
2021-12-13 17:14:01.619 3307-3307/? D/APM::SoundKitchen: getDevice, uid = 10476, device = 0
2021-12-13 17:14:01.619 3307-3307/? D/APM_AudioPolicyManager: newDevice=0
2021-12-13 17:14:01.619 3307-3307/? V/APM_AudioPolicyManager: setBeaconMute(1) mBeaconMuteRefCount=1 mBeaconPlayingRefCount=0
2021-12-13 17:14:01.619 3668-5333/? D/MediaSessionStack: updateMediaButtonSessionIfNeeded, callers=com.android.server.media.MediaSessionService$1.onAudioPlaybackStarted:189 com.android.server.media.AudioPlaybackMonitor.dispatchPlaybackConfigChange:127 
2021-12-13 17:14:01.619 3307-3307/? V/APM_AudioPolicyManager: selectOutputForMusicEffects activeOnly 1 outputs[0] flags 0x0000000a
2021-12-13 17:14:01.619 3307-3307/? V/APM_AudioPolicyManager: selectOutputForMusicEffects selected output 13
2021-12-13 17:14:01.619 3307-3307/? V/APM_AudioPolicyManager: getNewOutputDevice() selected device 2
2021-12-13 17:14:01.619 3307-3307/? V/APM_AudioPolicyManager: setOutputDevice() device 0002 delayMs 0
2021-12-13 17:14:01.619 3307-3307/? V/APM_AudioPolicyManager: setOutputDevice() prevDevice 0x0002
2021-12-13 17:14:01.620 3307-3307/? V/APM_AudioPolicyManager: setOutputDevice() setting same device 0x0002 or null device
2021-12-13 17:14:01.620 3307-3307/? I/AudioEffectStage: getStageIndex primary_output_sub1_normal
2021-12-13 17:14:01.620 3307-3307/? I/AudioFlinger: updateStageIndex prev 0, new -1305
2021-12-13 17:14:01.620 3307-3307/? I/AudioEffectStage: getSinkBuffer primary_output_sub1_normal
2021-12-13 17:14:01.621 3307-3646/? I/AudioMixer: create resampler src 44100, 2, dst 48000, 2, q 8
2021-12-13 17:14:01.621 3307-3646/? D/SoundAliveResampler: [SoundAliveResampler] Init+++
2021-12-13 17:14:01.686 6328-6775/com.izwin.hotpot2 I/System.out: (HTTPLog)-Static: isSBSettingEnabled false
2021-12-13 17:14:01.687 6328-6775/com.izwin.hotpot2 I/System.out: (HTTPLog)-Static: isSBSettingEnabled false
2021-12-13 17:14:01.758 6328-6790/com.izwin.hotpot2 I/System.out: (HTTPLog)-Static: isSBSettingEnabled false
2021-12-13 17:14:01.758 6328-6790/com.izwin.hotpot2 I/System.out: (HTTPLog)-Static: isSBSettingEnabled false
2021-12-13 17:14:02.081 6328-6333/com.izwin.hotpot2 I/zygote64: Do full code cache collection, code=1007KB, data=689KB
2021-12-13 17:14:02.087 6328-6333/com.izwin.hotpot2 I/zygote64: After code cache collection, code=1007KB, data=606KB
2021-12-13 17:14:02.187 6328-6793/com.izwin.hotpot2 I/System.out: (HTTPLog)-Static: isSBSettingEnabled false
2021-12-13 17:14:02.187 6328-6793/com.izwin.hotpot2 I/System.out: (HTTPLog)-Static: isSBSettingEnabled false
2021-12-13 17:14:02.361 6328-6790/com.izwin.hotpot2 I/System.out: (HTTPLog)-Static: isSBSettingEnabled false
2021-12-13 17:14:02.364 6328-6790/com.izwin.hotpot2 I/System.out: (HTTPLog)-Static: isSBSettingEnabled false
2021-12-13 17:14:02.408 6328-6793/com.izwin.hotpot2 I/System.out: (HTTPLog)-Static: isSBSettingEnabled false
2021-12-13 17:14:02.675 3192-3192/? I/android.hardware.wifi@1.0-service: getLinkLayerStats
2021-12-13 17:14:03.027 6328-6793/com.izwin.hotpot2 I/chatty: uid=10476(u0_a476) ExoPlayer:Loade identical 2 lines
2021-12-13 17:14:03.028 6328-6793/com.izwin.hotpot2 I/System.out: (HTTPLog)-Static: isSBSettingEnabled false
2021-12-13 17:14:03.271 6328-6794/com.izwin.hotpot2 I/System.out: (HTTPLog)-Static: isSBSettingEnabled false
2021-12-13 17:14:03.272 6328-6794/com.izwin.hotpot2 I/System.out: (HTTPLog)-Static: isSBSettingEnabled false
2021-12-13 17:14:03.309 3668-3824/? D/InputReader: Input event(3): value=1 when=83187922642000
2021-12-13 17:14:03.309 3668-3824/? D/InputReader: Input event(3): value=1 when=83187922642000
2021-12-13 17:14:03.309 3668-3824/? I/InputReader: Touch event's action is 0x0 (deviceType=0) [pCnt=1, s=0.509 ] when=83187922642000
2021-12-13 17:14:03.309 3668-3823/? I/InputDispatcher: Delivering touch to (4175): action: 0x4, toolType: 1
2021-12-13 17:14:03.309 3668-3823/? I/InputDispatcher: Delivering touch to (6328): action: 0x0, toolType: 1
2021-12-13 17:14:03.310 6328-6328/com.izwin.hotpot2 D/ViewRootImpl@c021a16[MainActivity]: ViewPostIme pointer 0
2021-12-13 17:14:03.390 3668-3824/? D/InputReader: Input event(3): value=0 when=83188004021000
2021-12-13 17:14:03.390 3668-3824/? D/InputReader: Input event(3): value=0 when=83188004021000
2021-12-13 17:14:03.390 3668-3824/? I/InputReader: Touch event's action is 0x1 (deviceType=0) [pCnt=1, s=] when=83188004021000
2021-12-13 17:14:03.391 3668-3823/? I/InputDispatcher: Delivering touch to (6328): action: 0x1, toolType: 1
2021-12-13 17:14:03.393 3668-10475/? D/CustomFrequencyManagerService: acquireDVFSLockLocked : type : DVFS_MIN_LIMIT  frequency : 832000  uid : 1000  pid : 3668  pkgName : GESTURE_DETECTED@CPU_MIN@48
2021-12-13 17:14:03.397 6328-6328/com.izwin.hotpot2 D/ViewRootImpl@c021a16[MainActivity]: ViewPostIme pointer 1
2021-12-13 17:14:03.402 3201-3201/? I/SurfaceFlinger: id=644 createSurf (1440x2464),4 flag=404, SurfaceView - com.izwin.hotpot2/com.izwin.hotpot2.view.MainActivity@8916d13@0#0
2021-12-13 17:14:03.404 3201-3201/? I/SurfaceFlinger: id=645 createSurf (1440x2464),-1 flag=20404, Background for - SurfaceView - com.izwin.hotpot2/com.izwin.hotpot2.view.MainActivity@8916d13@0#0
2021-12-13 17:14:03.405 6328-6328/com.izwin.hotpot2 D/SurfaceView: BG show() Surface(name=Background for - SurfaceView - com.izwin.hotpot2/com.izwin.hotpot2.view.MainActivity@8916d13@0) android.view.SurfaceView{8916d13 V.E...... ......ID 0,0-1440,2464}
2021-12-13 17:14:03.419 6328-6328/com.izwin.hotpot2 V/Surface: sf_framedrop debug : 0x4f4c, game : false, logging : 0
2021-12-13 17:14:03.419 6328-6328/com.izwin.hotpot2 D/SurfaceView: surfaceCreated 1 android.view.SurfaceView{8916d13 V.E...... ......ID 0,0-1440,2464}
2021-12-13 17:14:03.420 6328-6328/com.izwin.hotpot2 D/SurfaceView: surfaceChanged (1440,2464) 1 android.view.SurfaceView{8916d13 V.E...... ......ID 0,0-1440,2464}
2021-12-13 17:14:03.425 3201-3201/? D/SurfaceFlinger:   Display[0] configurations (* current):
        * 0: 1440x2560, xdpi=537.882019, ydpi=532.982971, refresh=16949152
      numHwLayers=6, flags=00000000
        type   |  handle  | hint | flag | tr | blnd |   format    |     source crop (l,t,r,b)      |          frame         | name 
    -----------+----------+------+------+----+------+-------------+--------------------------------+------------------------+------
          GLES | 00000000 | 0000 | 0220 | 00 | 0105 | ? ffffffff  |    0.0,    0.0,   -1.0,   -0.1 |    0, 2242, 1440, 2560 | Background for - SurfaceView - com.izwin.hotpot2/com.izwin.hotpot2.view.MainActivity@8916d13@0#0
           HWC | 754d3aff80 | 0000 | 0020 | 00 | 0100 | ? 00000121  |    0.0,    0.0,  576.0,  874.0 |    0,  235, 1440, 2420 | SurfaceView - com.izwin.hotpot2/com.izwin.hotpot2.view.MainActivity@3e54c0b@0#0
           HWC | 7555a2d180 | 0000 | 0000 | 00 | 0105 | RGBA_8888   |    0.0,    0.0, 1440.0, 2560.0 |    0,    0, 1440, 2560 | com.izwin.hotpot2/com.izwin.hotpot2.view.MainActivity#0
           HWC | 75516c2
2021-12-13 17:14:03.425 3201-3201/? D/SurfaceFlinger: ac0 | 0000 | 0000 | 00 | 0105 | RGBA_8888   |    0.0,    0.0, 1440.0,   96.0 |    0,    0, 1440,   96 | StatusBar#0
           HWC | 7555a2d900 | 0000 | 0000 | 00 | 0105 | RGBA_8888   |    0.0,    0.0,  828.0,  176.0 |  306, 2128, 1134, 2304 | Toast#0
     FB TARGET | 75519f5e40 | 0000 | 0000 | 00 | 0105 | RGBA_8888   |    0.0,    0.0, 1440.0, 2560.0 |    0,    0, 1440, 2560 | HWC_FRAMEBUFFER_TARGET
2021-12-13 17:14:03.491 6328-6328/com.izwin.hotpot2 I/ExoPlayerImpl: Init 4ffc103 [ExoPlayerLib/2.16.1] [hero2lte, SM-G935F, samsung, 26]
2021-12-13 17:14:03.494 3668-4489/? D/AudioService: GetAppDevice, uid=10476
2021-12-13 17:14:03.495 3668-4489/? D/AudioService: getStreamVolume 3 index 20
2021-12-13 17:14:03.495 3668-3668/? W/WindowManager: removeWindowToken: Attempted to remove non-existing token: android.os.Binder@93c53af
2021-12-13 17:14:03.500 6328-6328/com.izwin.hotpot2 D/VPNAA: androidx.constraintlayout.widget.ConstraintLayout{4c40eb9 V.E...... ......I. 0,0-0,0}
2021-12-13 17:14:03.506 6328-6328/com.izwin.hotpot2 D/RecView: Position change 10
2021-12-13 17:14:03.518 6328-6328/com.izwin.hotpot2 D/RecView: Last is 6842611376507079938
2021-12-13 17:14:03.520 6328-6328/com.izwin.hotpot2 D/RecView: Stop 9
2021-12-13 17:14:03.521 6328-6328/com.izwin.hotpot2 D/RecView: Play 10 
2021-12-13 17:14:03.523 3668-4489/? V/WindowManager: Relayout Window{3868f41 u0 com.izwin.hotpot2/com.izwin.hotpot2.view.MainActivity}: viewVisibility=0 req=1440x2560 WM.LayoutParams{(0,0)(fillxfill) sim=#10 ty=1 fl=#81810100 pfl=0x20000 fmt=-3 wanim=0x10302fd vsysui=0x600 needsMenuKey=2 colorMode=0 naviIconColor=0}
2021-12-13 17:14:03.526 6328-6798/com.izwin.hotpot2 I/System.out: (HTTPLog)-Static: isSBSettingEnabled false
2021-12-13 17:14:03.526 6328-6798/com.izwin.hotpot2 I/System.out: (HTTPLog)-Static: isSBSettingEnabled false
2021-12-13 17:14:03.529 3327-3600/? D/DnsProxyListener: DNSDBG::dns addrinfo af 0
2021-12-13 17:14:03.529 6328-6328/com.izwin.hotpot2 D/ViewRootImpl@c021a16[MainActivity]: Relayout returned: old=[0,0][1440,2560] new=[0,0][1440,2560] result=0x1 surface={valid=true 505288982528} changed=false
2021-12-13 17:14:03.544 6328-6328/com.izwin.hotpot2 D/ViewRootImpl@a509ef2[Toast]: dispatchDetachedFromWindow
2021-12-13 17:14:03.545 6328-6328/com.izwin.hotpot2 D/InputEventReceiver: channel 'aafaf45 Toast (client)' ~ Disposing input event receiver.
2021-12-13 17:14:03.545 6328-6328/com.izwin.hotpot2 D/InputEventReceiver: channel 'aafaf45 Toast (client)' ~NativeInputEventReceiver.
2021-12-13 17:14:03.557 3307-3646/? I/AudioSAEffectSecPlus: command EFFECT_CMD_SET_VOLUME left = 0.000000, right =0.000000
2021-12-13 17:14:03.557 3307-3646/? I/SoundBoosterEffectPlus: SB_setVolume(0xe9728540)
2021-12-13 17:14:03.557 3307-3646/? I/SoundBoosterEffectPlus: command EFFECT_CMD_SET_VOLUME left = 0.000000, right =0.000000
2021-12-13 17:14:03.558 3307-3646/? I/SoundAlive_PrePost: [ -378454144 ][ 48000 ]Exe_Pre() mRequiredPreVolume is changed - dB : -100.000000  mRequiredPreVolume : -10.000000
2021-12-13 17:14:03.558 3307-3646/? I/SoundAlive_PrePost: [ -378454144 ][ 48000 ]Exe_Pre() mRequiredPreGain is changed - dB : -100.000000  mRequiredPreGain : 0.000000
2021-12-13 17:14:03.558 3307-3646/? I/SoundAlive_PrePost: [ -378454144 ][ 48000 ]Exe_Post() mRequiredPostVolume is changed - dB : -100.000000  mRequiredPostVolume : -100.000000
2021-12-13 17:14:03.558 3307-3646/? I/SoundAlive_PrePost: [ -378454144 ][ 48000 ]Exe_Post() mRequiredPostGain is changed - dB : -100.000000  mRequiredPostGain : 0.000000
2021-12-13 17:14:03.577 3307-3646/? I/AudioSAEffectSecPlus: command EFFECT_CMD_SET_VOLUME left = 0.013916, right =0.013916
2021-12-13 17:14:03.577 3307-3646/? I/SoundBoosterEffectPlus: SB_setVolume(0xe9728540)
2021-12-13 17:14:03.577 3307-3646/? I/SoundBoosterEffectPlus: command EFFECT_CMD_SET_VOLUME left = 0.013916, right =0.013916
2021-12-13 17:14:03.588 3307-3646/? I/SoundAlive_Interface: [ -378454144 ][ 48000 ]FlushBuffers()
2021-12-13 17:14:03.588 3307-3646/? I/SoundAlive_Core: [ -378454144 ][ 48000 ](interface-API)FlushBuffers()
2021-12-13 17:14:03.588 3307-3646/? D/SoundAlive_Core: [ -378454144 ][ 48000 ](internal-API)ReOpen( ConfigMode : 1 )
2021-12-13 17:14:03.588 3307-3646/? I/SoundAlive_Effect: [ -378454144 ][ 48000 ]Init() nch : 2  bitdepth : 0 
2021-12-13 17:14:03.588 3307-3646/? I/SoundAlive_Effect: [ -378454144 ][ 48000 ]SamplingRateConfig() SamplingRate : 48000
2021-12-13 17:14:03.588 3307-3646/? I/SoundAlive_Effect: [ -378454144 ][ 48000 ]OutDevConfig() OutDevConfig : 1
2021-12-13 17:14:03.588 3307-3646/? D/SoundAlive_Core: [ -378454144 ][ 48000 ](internal-API)Set_Current_Effect_Configuration( ConfigMode : 1 )
2021-12-13 17:14:03.588 3307-3646/? I/SoundAlive_Effect: [ -378454144 ][ 48000 ]Set_Preset() : 0
2021-12-13 17:14:03.588 3307-3646/? I/SoundAlive_Effect: [ -378454144 ][ 48000 ]Set_User_BWE() 0
2021-12-13 17:14:03.588 3307-3646/? I/SoundAlive_Effect: [ -378454144 ][ 48000 ]Set_User_CH() : 0
2021-12-13 17:14:03.588 3307-3646/? I/SoundAlive_Effect: [ -378454144 ][ 48000 ]Set_SquareUI() : 4 , 4
2021-12-13 17:14:03.588 3307-3646/? I/SoundAlive_Effect: [ -378454144 ][ 48000 ]Set_User_3D() : 0
2021-12-13 17:14:03.588 3307-3646/? I/SoundAlive_Effect: [ -378454144 ][ 48000 ]Set_User_BE() : 0
2021-12-13 17:14:03.608 3307-3646/? I/SoundAlive_PrePost: [ -378454144 ][ 48000 ]Exe_Pre() mRequiredPreVolume is changed - dB : -37.123463  mRequiredPreVolume : -10.123463
2021-12-13 17:14:03.608 3307-3646/? I/SoundAlive_PrePost: [ -378454144 ][ 48000 ]Exe_Post() mRequiredPostVolume is changed - dB : -37.123463  mRequiredPostVolume : -27.000000
2021-12-13 17:14:03.628 3307-3646/? I/SoundAlive_PrePost: [ -378454144 ][ 48000 ]Exe_Pre() mRequiredPreGain is changed - dB : -37.123463  mRequiredPreGain : 0.000000
2021-12-13 17:14:03.628 3307-3646/? I/SoundAlive_PrePost: [ -378454144 ][ 48000 ]Exe_Post() mRequiredPostGain is changed - dB : -37.123463  mRequiredPostGain : 0.000000
2021-12-13 17:14:03.675 3201-3201/? D/SurfaceFlinger:   Display[0] configurations (* current):
        * 0: 1440x2560, xdpi=537.882019, ydpi=532.982971, refresh=16949152
      numHwLayers=5, flags=00000000
        type   |  handle  | hint | flag | tr | blnd |   format    |     source crop (l,t,r,b)      |          frame         | name 
    -----------+----------+------+------+----+------+-------------+--------------------------------+------------------------+------
          GLES | 00000000 | 0000 | 0220 | 00 | 0105 | ? ffffffff  |    0.0,    0.0,   -1.0,   -1.0 |    0,  122, 1440, 2560 | Background for - SurfaceView - com.izwin.hotpot2/com.izwin.hotpot2.view.MainActivity@8916d13@0#0
          GLES | 7555a2d180 | 0000 | 0000 | 00 | 0105 | RGBA_8888   |    0.0,    0.0, 1440.0, 2560.0 |    0,    0, 1440, 2560 | com.izwin.hotpot2/com.izwin.hotpot2.view.MainActivity#0
          GLES | 75516c2ac0 | 0000 | 0000 | 00 | 0105 | RGBA_8888   |    0.0,    0.0, 1440.0,   96.0 |    0,    0, 1440,   96 | StatusBar#0
          GLES | 7555a2d900 | 0000 | 0000 | 00 | 0105 | RGBA_8888   |    0.0,    0.0,  828.0
2021-12-13 17:14:03.675 3201-3201/? D/SurfaceFlinger: ,  176.0 |  306, 2128, 1134, 2304 | Toast#0
     FB TARGET | 75519f5d80 | 0000 | 0000 | 00 | 0105 | RGBA_8888   |    0.0,    0.0, 1440.0, 2560.0 |    0,    0, 1440, 2560 | HWC_FRAMEBUFFER_TARGET
2021-12-13 17:14:03.683 6328-6328/com.izwin.hotpot2 D/SurfaceView: BG show() Surface(name=Background for - SurfaceView - com.izwin.hotpot2/com.izwin.hotpot2.view.MainActivity@3e54c0b@0) android.view.SurfaceView{3e54c0b V.E...... ........ 0,0-1440,2185}
2021-12-13 17:14:03.684 6328-6328/com.izwin.hotpot2 D/SurfaceView: surfaceDestroyed 1 android.view.SurfaceView{3e54c0b V.E...... ........ 0,0-1440,2185}
2021-12-13 17:14:03.692 6328-6800/com.izwin.hotpot2 V/Surface: sf_framedrop debug : 0x4f4c, game : false, logging : 0
2021-12-13 17:14:03.692 6328-6753/com.izwin.hotpot2 V/Surface: sf_framedrop debug : 0x4f4c, game : false, logging : 0
2021-12-13 17:14:03.693 6328-6777/com.izwin.hotpot2 D/SurfaceUtils: connecting to surface 0x7574bff010, reason connectToSurface
2021-12-13 17:14:03.693 6328-6777/com.izwin.hotpot2 I/MediaCodec: [OMX.Exynos.avc.dec] setting surface generation to 6479892
2021-12-13 17:14:03.693 6328-6777/com.izwin.hotpot2 D/SurfaceUtils: disconnecting from surface 0x7574bff010, reason connectToSurface(reconnect)
2021-12-13 17:14:03.693 6328-6777/com.izwin.hotpot2 D/SurfaceUtils: connecting to surface 0x7574bff010, reason connectToSurface(reconnect)
2021-12-13 17:14:03.693 6328-6778/com.izwin.hotpot2 D/SurfaceUtils: set up nativeWindow 0x7574bff010 for 576x880, color 0x121, rotation 0, usage 0x2900
2021-12-13 17:14:03.693 6328-6777/com.izwin.hotpot2 D/SurfaceUtils: disconnecting from surface 0x7575ce0010, reason disconnectFromSurface
2021-12-13 17:14:03.698 3201-5876/? I/SurfaceFlinger: id=641 Removed SurfaceView - com.izwin.hotpot2/com.izwin.hotpot2.view.MainActivity@3e54c0b@0#0 (2/6)
2021-12-13 17:14:03.699 3201-5876/? I/SurfaceFlinger: id=641 Removed SurfaceView - com.izwin.hotpot2/com.izwin.hotpot2.view.MainActivity@3e54c0b@0#0 (-2/6)
2021-12-13 17:14:03.699 6328-6328/com.izwin.hotpot2 D/SurfaceView: BG destroy() Surface(name=Background for - SurfaceView - com.izwin.hotpot2/com.izwin.hotpot2.view.MainActivity@3e54c0b@0) android.view.SurfaceView{3e54c0b V.E...... ........ 0,0-1440,2185}
2021-12-13 17:14:03.699 3201-3201/? I/Layer: id=641 onRemoved SurfaceView - com.izwin.hotpot2/com.izwin.hotpot2.view.MainActivity@3e54c0b@0#0 
2021-12-13 17:14:03.700 3201-3285/? I/SurfaceFlinger: id=642 Removed Background for - SurfaceView - com.izwin.hotpot2/com.izwin.hotpot2.view.MainActivity@3e54c0b@0#0 (0/6)
2021-12-13 17:14:03.701 3201-3285/? I/SurfaceFlinger: id=642 Removed Background for - SurfaceView - com.izwin.hotpot2/com.izwin.hotpot2.view.MainActivity@3e54c0b@0#0 (-2/6)
2021-12-13 17:14:03.716 3201-3201/? I/Layer: id=642 onRemoved Background for - SurfaceView - com.izwin.hotpot2/com.izwin.hotpot2.view.MainActivity@3e54c0b@0#0 
2021-12-13 17:14:03.727 3307-3646/? I/SoundAlive_Interface: [ -378454144 ][ 48000 ]FlushBuffers()
2021-12-13 17:14:03.727 3307-3646/? I/SoundAlive_Core: [ -378454144 ][ 48000 ](interface-API)FlushBuffers()
2021-12-13 17:14:03.727 3307-3646/? D/SoundAlive_Core: [ -378454144 ][ 48000 ](internal-API)ReOpen( ConfigMode : 1 )
2021-12-13 17:14:03.727 3307-3646/? I/SoundAlive_Effect: [ -378454144 ][ 48000 ]Init() nch : 2  bitdepth : 0 
2021-12-13 17:14:03.727 3307-3646/? I/SoundAlive_Effect: [ -378454144 ][ 48000 ]SamplingRateConfig() SamplingRate : 48000
2021-12-13 17:14:03.727 3307-3646/? I/SoundAlive_Effect: [ -378454144 ][ 48000 ]OutDevConfig() OutDevConfig : 1
2021-12-13 17:14:03.727 3307-3646/? D/SoundAlive_Core: [ -378454144 ][ 48000 ](internal-API)Set_Current_Effect_Configuration( ConfigMode : 1 )
2021-12-13 17:14:03.728 3307-3646/? I/SoundAlive_Effect: [ -378454144 ][ 48000 ]Set_Preset() : 0
2021-12-13 17:14:03.728 3307-3646/? I/SoundAlive_Effect: [ -378454144 ][ 48000 ]Set_User_BWE() 0
2021-12-13 17:14:03.728 3307-3646/? I/SoundAlive_Effect: [ -378454144 ][ 48000 ]Set_User_CH() : 0
2021-12-13 17:14:03.728 3307-3646/? I/SoundAlive_Effect: [ -378454144 ][ 48000 ]Set_SquareUI() : 4 , 4
2021-12-13 17:14:03.728 3307-3646/? I/SoundAlive_Effect: [ -378454144 ][ 48000 ]Set_User_3D() : 0
2021-12-13 17:14:03.728 3307-3646/? I/SoundAlive_Effect: [ -378454144 ][ 48000 ]Set_User_BE() : 0
2021-12-13 17:14:03.728 3307-3646/? I/SoundBoosterEffectPlus: SB_reset SoundBooster sessionId(-1305)
2021-12-13 17:14:03.728 3307-3646/? I/SoundBooster7: BuffClear()
2021-12-13 17:14:03.737 3307-3486/? V/APM_AudioPolicyManager: stopOutput() output 13, stream 3, session 1609
2021-12-13 17:14:03.737 3307-3486/? V/APM_AudioPolicyManager: setBeaconMute(1) mBeaconMuteRefCount=0 mBeaconPlayingRefCount=0
2021-12-13 17:14:03.737 3307-3486/? V/APM_AudioPolicyManager: getNewOutputDevice() selected device 0
2021-12-13 17:14:03.737 3307-3486/? V/APM_AudioPolicyManager: setOutputDevice() device 0000 delayMs 160
2021-12-13 17:14:03.737 3307-3486/? V/APM_AudioPolicyManager: setOutputDevice() prevDevice 0x0002
2021-12-13 17:14:03.737 3307-3486/? V/APM_AudioPolicyManager: setOutputDevice() setting same device 0x0000 or null device
2021-12-13 17:14:03.737 3307-3486/? V/APM_AudioPolicyManager: selectOutputForMusicEffects selected output 13
2021-12-13 17:14:03.776 6328-6794/com.izwin.hotpot2 I/System.out: (HTTPLog)-Static: isSBSettingEnabled false
2021-12-13 17:14:03.905 3668-4489/? D/BatteryService: !@BatteryListener : batteryPropertiesChanged!
2021-12-13 17:14:03.906 3668-4489/? D/BatteryService: level:65, scale:100, status:2, health:2, present:true, voltage: 3905, temperature: 315, technology: Li-ion, AC powered:false, USB powered:true, POGO powered:false, Wireless powered:false, icon:17303851, invalid charger:0, maxChargingCurrent:0, maxChargingVoltage:0, chargeCounter:0
2021-12-13 17:14:03.906 3668-4489/? D/BatteryService: online:4, current avg:41, charge type:1, power sharing:false, high voltage charger:false, capacity:280000, batterySWSelfDischarging:false, misc_event:131072, current_event:0, current_now:-33
2021-12-13 17:14:03.906 3668-3668/? D/BatteryService: Sending ACTION_BATTERY_CHANGED.
2021-12-13 17:14:03.908 3668-3668/? I/MotionRecognitionService: Plugged
2021-12-13 17:14:03.908 3668-3668/? D/MotionRecognitionService:   mCableConnection= 1
2021-12-13 17:14:03.908 3668-3668/? D/MotionRecognitionService: setPowerConnected : mGripEnabled = false
2021-12-13 17:14:03.909 3668-3668/? D/SamsungPhoneWindowManager: ACTION_BATTERY_CHANGED - Level :: 65, battStatus :: 2
2021-12-13 17:14:03.909 4175-4175/? D/KeyguardUpdateMonitor: received broadcast android.intent.action.BATTERY_CHANGED
2021-12-13 17:14:03.910 3668-3717/? D/UsbDeviceManager: handleMessage -> MSG_UPDATE_CHARGING_STATE = 1
2021-12-13 17:14:03.911 4175-4175/? D/BatteryController: onReceive-ACTION_BATTERY_CHANGED : mLevel=65, mBatteryStatus=2
2021-12-13 17:14:03.925 4175-4175/? D/PowerUI: priorPlugType = 2 mPlugType =  2
2021-12-13 17:14:03.925 4175-4175/? D/PowerUI.Notification: showChargingNotice oldChargingType : 1 currentChargingType : 1 oldChargingTime : 9384000 mChargingTime : 9384000
2021-12-13 17:14:03.925 4175-4175/? D/PowerUI.Notification: There is no change about charging status, so return!
2021-12-13 17:14:04.034 3668-3776/? I/WindowManager: Destroying surface Surface(name=Toast) called by com.android.server.wm.WindowStateAnimator.destroySurface:2501 com.android.server.wm.WindowStateAnimator.destroySurfaceLocked:985 com.android.server.wm.WindowState.destroyOrSaveSurfaceUnchecked:3680 com.android.server.wm.RootWindowContainer.performSurfacePlacement:826 com.android.server.wm.WindowSurfacePlacer.performSurfacePlacementLoop:233 com.android.server.wm.WindowSurfacePlacer.performSurfacePlacement:168 com.android.server.wm.WindowSurfacePlacer.performSurfacePlacement:158 com.android.server.wm.WindowSurfacePlacer.lambda$-com_android_server_wm_WindowSurfacePlacer_6459:135 
2021-12-13 17:14:04.035 3201-3285/? I/SurfaceFlinger: id=643 Removed Toast#0 (5/5)
2021-12-13 17:14:04.035 3201-3285/? I/SurfaceFlinger: id=643 Removed Toast#0 (-2/5)
2021-12-13 17:14:04.036 3668-3776/? D/PowerManagerService: [api] release WakeLock SCREEN_BRIGHT_WAKE_LOCK        'WindowManager' ON_AFTER_RELEASE ACQ=-2s447ms (uid=1000 pid=3668 ws=WorkSource{10476}) (0x0)
2021-12-13 17:14:04.036 3201-3201/? D/SurfaceFlinger:   Display[0] configurations (* current):
        * 0: 1440x2560, xdpi=537.882019, ydpi=532.982971, refresh=16949152
      numHwLayers=4, flags=00000000
        type   |  handle  | hint | flag | tr | blnd |   format    |     source crop (l,t,r,b)      |          frame         | name 
    -----------+----------+------+------+----+------+-------------+--------------------------------+------------------------+------
          GLES | 00000000 | 0000 | 0220 | 00 | 0105 | ? ffffffff  |    0.0,    0.0,   -1.0,   -1.0 |    0,   96, 1440, 2560 | Background for - SurfaceView - com.izwin.hotpot2/com.izwin.hotpot2.view.MainActivity@8916d13@0#0
           HWC | 75516c2b80 | 0000 | 0000 | 00 | 0105 | RGBA_8888   |    0.0,    0.0, 1440.0, 2560.0 |    0,    0, 1440, 2560 | com.izwin.hotpot2/com.izwin.hotpot2.view.MainActivity#0
           HWC | 75516c2ac0 | 0000 | 0000 | 00 | 0105 | RGBA_8888   |    0.0,    0.0, 1440.0,   96.0 |    0,    0, 1440,   96 | StatusBar#0
     FB TARGET | 75519f5f00 | 0000 | 0000 | 00 | 0105 | RGBA_8888   |    0.0,    0.0, 1440.0
2021-12-13 17:14:04.036 3201-3201/? D/SurfaceFlinger: , 2560.0 |    0,    0, 1440, 2560 | HWC_FRAMEBUFFER_TARGET
2021-12-13 17:14:04.036 3668-3776/? D/EdgeLightingManager: hideForWakeLock packageName=android
2021-12-13 17:14:04.036 3668-3776/? D/EdgeLightingManager: isCallingUserSupported : callingUserId=0, mUserId=0, isDualAppId=false
2021-12-13 17:14:04.036 3668-3776/? D/EdgeLightingClientManager: isAvailableEdgeLighting: condition=2 mCondition=3 mIsConnected=false0
2021-12-13 17:14:04.036 3668-3776/? D/EdgeLightingManager: hideForWakeLockInternal : return false by isAcceptableApplication.
2021-12-13 17:14:04.036 3668-3776/? D/PowerManagerService: [api] applyWakeLockFlagsOnReleaseLocked : userActivityNoUpdateLocked is called : SCREEN_BRIGHT_WAKE_LOCK        'WindowManager' ON_AFTER_RELEASE (uid=1000 pid=3668 ws=WorkSource{10476})
2021-12-13 17:14:04.047 3201-3201/? I/Layer: id=643 onRemoved Toast#0 
2021-12-13 17:14:04.411 6328-6798/com.izwin.hotpot2 I/System.out: (HTTPLog)-Static: isSBSettingEnabled false
2021-12-13 17:14:04.411 6328-6798/com.izwin.hotpot2 I/System.out: (HTTPLog)-Static: isSBSettingEnabled false
2021-12-13 17:14:04.683 6328-6802/com.izwin.hotpot2 I/System.out: (HTTPLog)-Static: isSBSettingEnabled false
2021-12-13 17:14:04.684 6328-6802/com.izwin.hotpot2 I/System.out: (HTTPLog)-Static: isSBSettingEnabled false
2021-12-13 17:14:04.705 6328-6803/com.izwin.hotpot2 I/System.out: (HTTPLog)-Static: isSBSettingEnabled false
2021-12-13 17:14:04.705 6328-6803/com.izwin.hotpot2 I/System.out: (HTTPLog)-Static: isSBSettingEnabled false
2021-12-13 17:14:04.820 6328-6798/com.izwin.hotpot2 I/System.out: (HTTPLog)-Static: isSBSettingEnabled false
2021-12-13 17:14:04.821 6328-6798/com.izwin.hotpot2 I/System.out: (HTTPLog)-Static: isSBSettingEnabled false
2021-12-13 17:14:04.830 6328-6772/com.izwin.hotpot2 I/ACodec:  [] Now uninitialized
2021-12-13 17:14:04.831 6328-6805/com.izwin.hotpot2 I/ACodec: [] onAllocateComponent
2021-12-13 17:14:04.833 6328-6805/com.izwin.hotpot2 I/OMXClient: Treble IOmx obtained
2021-12-13 17:14:04.834 3335-691/? I/OMXMaster: makeComponentInstance(OMX.Exynos.avc.dec) in omx@1.0-service process
2021-12-13 17:14:04.838 3335-691/? D/libexynosv4l2: try node: /dev/video6
2021-12-13 17:14:04.838 3335-691/? I/libexynosv4l2: node found for device s5p-mfc-dec: /dev/video6
2021-12-13 17:14:04.838 3335-691/? I/libexynosv4l2: open video device /dev/video6
2021-12-13 17:14:04.839 6328-6805/com.izwin.hotpot2 I/ACodec: [OMX.Exynos.avc.dec] Now Loaded
2021-12-13 17:14:04.842 6328-6772/com.izwin.hotpot2 V/Surface: sf_framedrop debug : 0x4f4c, game : false, logging : 0
2021-12-13 17:14:04.842 6328-6804/com.izwin.hotpot2 D/SurfaceUtils: connecting to surface 0x757ab29010, reason connectToSurface
2021-12-13 17:14:04.843 6328-6804/com.izwin.hotpot2 I/MediaCodec: [OMX.Exynos.avc.dec] setting surface generation to 6479893
2021-12-13 17:14:04.843 6328-6804/com.izwin.hotpot2 D/SurfaceUtils: disconnecting from surface 0x757ab29010, reason connectToSurface(reconnect)
2021-12-13 17:14:04.843 6328-6804/com.izwin.hotpot2 D/SurfaceUtils: connecting to surface 0x757ab29010, reason connectToSurface(reconnect)
2021-12-13 17:14:04.843 3326-689/? I/ResourceManagerService: ResourceManagerService checkCodecCapacity pid 6328 clientId 504569497280 useExtended 0 
2021-12-13 17:14:04.844 6328-6805/com.izwin.hotpot2 I/ACodec: can't find wfdsink-exynos-enable
2021-12-13 17:14:04.847 3335-691/? E/OMXNodeInstance: setConfig(0xd18c5ba0:Exynos.avc.dec, ConfigPriority(0x6f800002)) ERROR: UnsupportedIndex(0x8000101a)
2021-12-13 17:14:04.847 6328-6805/com.izwin.hotpot2 I/ACodec: codec does not support config priority (err -1010)
2021-12-13 17:14:04.848 3335-691/? E/OMXNodeInstance: getConfig(0xd18c5ba0:Exynos.avc.dec, ConfigCommonOutputCrop(0x700000f)) ERROR: NotReady(0x80001010)
2021-12-13 17:14:04.850 3335-6806/? I/EXYNOS_BASE_COMP: [0xefa1d400][Exynos_OMX_ComponentStateSet] current:(OMX_StateLoaded) dest:(OMX_StateIdle)
2021-12-13 17:14:04.850 6328-6805/com.izwin.hotpot2 I/ACodec: [OMX.Exynos.avc.dec] Now Loaded->Idle
2021-12-13 17:14:04.850 3335-6806/? D/libexynosv4l2: try node: /dev/video6
2021-12-13 17:14:04.850 3335-6806/? I/libexynosv4l2: node found for device s5p-mfc-dec: /dev/video6
2021-12-13 17:14:04.851 3335-6806/? I/libexynosv4l2: open video device /dev/video6
2021-12-13 17:14:04.853 3182-3182/? W//system/bin/hw/android.hidl.allocator@1.0-service: ashmem_create_region(1572864) returning hidl_memory(0x70c982c530, 1572864)
2021-12-13 17:14:04.862 3182-3182/? I/chatty: uid=1000(system) allocator@1.0-s identical 3 lines
2021-12-13 17:14:04.864 3182-3182/? W//system/bin/hw/android.hidl.allocator@1.0-service: ashmem_create_region(1572864) returning hidl_memory(0x70c982c530, 1572864)
2021-12-13 17:14:04.869 6328-6805/com.izwin.hotpot2 D/SurfaceUtils: set up nativeWindow 0x757ab29010 for 540x752, color 0x121, rotation 0, usage 0x2900
2021-12-13 17:14:04.870 6328-6805/com.izwin.hotpot2 I/ACodec: [OMX.Exynos.avc.dec] configureOutputBuffersFromNativeWindow setBufferCount : 8, minUndequeuedBuffers : 4
2021-12-13 17:14:04.873 3335-6806/? I/EXYNOS_BASE_COMP: [0xefa1d400][Exynos_OMX_EventHandler] OMX_EventCmdComplete(OMX_StateIdle)
2021-12-13 17:14:04.874 3335-6806/? I/EXYNOS_BASE_COMP: [0xefa1d400][Exynos_OMX_ComponentStateSet] current:(OMX_StateIdle) dest:(OMX_StateExecuting)
2021-12-13 17:14:04.874 3335-6806/? I/EXYNOS_BASE_COMP: [0xefa1d400][Exynos_OMX_ComponentStateSet] OMX_EventCmdComplete(OMX_StateExecuting)
2021-12-13 17:14:04.874 6328-6805/com.izwin.hotpot2 I/ACodec: [OMX.Exynos.avc.dec] Now Idle->Executing
2021-12-13 17:14:04.874 6328-6805/com.izwin.hotpot2 I/ACodec: [OMX.Exynos.avc.dec] Now Executing
2021-12-13 17:14:04.876 3326-689/? I/ResourceManagerService: addMediaInfo -(PID : 6328, clientID : 504569497280)
2021-12-13 17:14:04.876 3326-689/? I/ResourceManagerService: MediaInfo add 406080 (width 540 height 752) remained 11836224
2021-12-13 17:14:04.876 3326-689/? I/ResourceManagerService: getMediaResourceInfo resourceType : 2, size : 11
2021-12-13 17:14:04.876 3326-689/? I/ResourceManagerService: getMediaResourceInfo (PID : 6328, clientID : 505272259584, non-secure-codec/video-codec:1, 576x874(fps:30) - SoftCodec : No, Encorder : No)
2021-12-13 17:14:04.876 3326-689/? I/ResourceManagerService: getMediaResourceInfo (PID : 6328, clientID : 505272261888, non-secure-codec/video-codec:1, 576x874(fps:29) - SoftCodec : No, Encorder : No)
2021-12-13 17:14:04.876 3326-689/? I/ResourceManagerService: getMediaResourceInfo (PID : 6328, clientID : 505272262528, non-secure-codec/video-codec:1, 576x874(fps:23) - SoftCodec : No, Encorder : No)
2021-12-13 17:14:04.876 3326-689/? I/ResourceManagerService: getMediaResourceInfo (PID : 6328, clientID : 504962962560, non-secure-codec/video-codec:1, 576x874(fps:29) - SoftCodec : No, Encorder : No)
2021-12-13 17:14:04.876 3326-689/? I/ResourceManagerService: getMediaResourceInfo (PID : 6328, clientID : 504713750272, non-secure-codec/video-codec:1, 576x874(fps:29) - SoftCodec : No, Encorder : No)
2021-12-13 17:14:04.876 3326-689/? I/ResourceManagerService: getMediaResourceInfo (PID : 6328, clientID : 505264982528, non-secure-codec/video-codec:1, 720x1280(fps:29) - SoftCodec : No, Encorder : No)
2021-12-13 17:14:04.876 3326-689/? I/ResourceManagerService: getMediaResourceInfo (PID : 6328, clientID : 505671937856, non-secure-codec/video-codec:1, 576x874(fps:29) - SoftCodec : No, Encorder : No)
2021-12-13 17:14:04.876 3326-689/? I/ResourceManagerService: getMediaResourceInfo (PID : 6328, clientID : 504744069376, non-secure-codec/video-codec:1, 576x874(fps:30) - SoftCodec : No, Encorder : No)
2021-12-13 17:14:04.876 3326-689/? I/ResourceManagerService: getMediaResourceInfo (PID : 6328, clientID : 504585915456, non-secure-codec/video-codec:1, 576x874(fps:29) - SoftCodec : No, Encorder : No)
2021-12-13 17:14:04.876 3326-689/? I/ResourceManagerService: getMediaResourceInfo (PID : 6328, clientID : 504737919040, non-secure-codec/video-codec:1, 576x874(fps:29) - SoftCodec : No, Encorder : No)
2021-12-13 17:14:04.876 3326-689/? I/ResourceManagerService: getMediaResourceInfo (PID : 6328, clientID : 504569497280, non-secure-codec/video-codec:1, 540x752(fps:30) - SoftCodec : No, Encorder : No)
