2021-12-13 17:14:13.481 3289-3289/? E/audit: type=1400 audit(1639404853.467:10729): avc:  denied  { execmod } for  pid=6875 comm=4173796E635461736B202332 path=2F6465762F6173686D656D2F64616C76696B2D2F646174612F646174612F636F6D2E66616365626F6F6B2E6B6174616E612F6465782F6F61742F61726D2F7A2D646434363732643035333734666263336436316136623931306663353232616437616236653130612E6172745F363837355F36393939202864656C6574656429 dev="tmpfs" ino=3749742 scontext=u:r:untrusted_app:s0:c512,c768 tcontext=u:object_r:untrusted_app_tmpfs:s0:c512,c768 tclass=file permissive=0 SEPF_SM-G935F_8.0.0_0018 audit_filtered
2021-12-13 17:14:13.485 6875-6998/? W/AppInitScheduler|Run:   Finished InitHelium in 7ms
2021-12-13 17:14:13.487 6875-6998/? W/AppInitScheduler|Run: Running MaybeTraceColdStart [*]
2021-12-13 17:14:13.491 3289-3289/? E/audit: type=1400 audit(1639404853.477:10730): avc:  denied  { execmod } for  pid=6875 comm=4173796E635461736B202332 path=2F6465762F6173686D656D2F64616C76696B2D2F646174612F646174612F636F6D2E66616365626F6F6B2E6B6174616E612F6465782F6F61742F61726D2F7A2D646434363732643035333734666263336436316136623931306663353232616437616236653130612E6172745F363837355F36393939202864656C6574656429 dev="tmpfs" ino=3749742 scontext=u:r:untrusted_app:s0:c512,c768 tcontext=u:object_r:untrusted_app_tmpfs:s0:c512,c768 tclass=file permissive=0 SEPF_SM-G935F_8.0.0_0018 audit_filtered
2021-12-13 17:14:13.525 6875-7012/? W/AppInitScheduler|Run:   Finished MobileConfigSessionlessInit in 249ms
2021-12-13 17:14:13.527 6875-7012/? W/AppInitScheduler|Run: Running PrecreateUuids
2021-12-13 17:14:13.537 6875-7012/? W/AppInitScheduler|Run:   Finished PrecreateUuids in 10ms
2021-12-13 17:14:13.537 6875-7012/? W/AppInitScheduler|Run: Running AddProcessNameToErrorReport
2021-12-13 17:14:13.538 6875-7012/? W/AppInitScheduler|Run:   Finished AddProcessNameToErrorReport in 1ms
2021-12-13 17:14:13.539 6875-7012/? W/AppInitScheduler|Run: Running AsyncStartLooperMonitor
2021-12-13 17:14:13.541 3289-3289/? E/audit: type=1400 audit(1639404853.527:10731): avc:  denied  { execmod } for  pid=6875 comm=4173796E635461736B202332 path="/data/app/com.facebook.katana-ITArHLaabFI4c9de6mM-6A==/oat/arm/base.odex" dev="dm-1" ino=199676 scontext=u:r:untrusted_app:s0:c512,c768 tcontext=u:object_r:dalvikcache_data_file:s0 tclass=file permissive=0 SEPF_SM-G935F_8.0.0_0018 audit_filtered
2021-12-13 17:14:13.549 6840-6934/? W/ResourceType: ResTable_typeSpec entry count inconsistent: given 74, previously 76
2021-12-13 17:14:13.563 6875-7012/? W/AppInitScheduler|Run:   Finished AsyncStartLooperMonitor in 23ms
2021-12-13 17:14:13.563 6875-7012/? W/AppInitScheduler|Run: Running ConfigureComponentsIfIsRunningEndToEndTest
2021-12-13 17:14:13.565 6875-7012/? W/AppInitScheduler|Run:   Finished ConfigureComponentsIfIsRunningEndToEndTest in 2ms
2021-12-13 17:14:13.566 6875-7012/? W/AppInitScheduler|Run: Running DalvikInternalsOnColdStartEnd
2021-12-13 17:14:13.571 3289-3289/? E/audit: type=1400 audit(1639404853.557:10732): avc:  denied  { execmod } for  pid=6875 comm=4173796E635461736B202332 path="/system/lib/libsoundextractor.so" dev="dm-0" ino=1943 scontext=u:r:untrusted_app:s0:c512,c768 tcontext=u:object_r:system_file:s0 tclass=file permissive=0 SEPF_SM-G935F_8.0.0_0018 audit_filtered
2021-12-13 17:14:13.571 3289-3289/? E/audit: type=1400 audit(1639404853.557:10733): avc:  denied  { execmod } for  pid=6875 comm=4173796E635461736B202332 path="/system/lib/libsoundextractor.so" dev="dm-0" ino=1943 scontext=u:r:untrusted_app:s0:c512,c768 tcontext=u:object_r:system_file:s0 tclass=file permissive=0 SEPF_SM-G935F_8.0.0_0018 audit_filtered
2021-12-13 17:14:13.572 3289-3289/? E/audit: type=1400 audit(1639404853.557:10734): avc:  denied  { execmod } for  pid=6875 comm=4173796E635461736B202332 path="/system/lib/libart-dexlayout.so" dev="dm-0" ino=4451 scontext=u:r:untrusted_app:s0:c512,c768 tcontext=u:object_r:system_file:s0 tclass=file permissive=0 SEPF_SM-G935F_8.0.0_0018 audit_filtered
2021-12-13 17:14:13.573 6875-7012/? W/AppInitScheduler|Run:   Finished DalvikInternalsOnColdStartEnd in 7ms
2021-12-13 17:14:13.573 6875-7012/? W/AppInitScheduler|Run: Running DownloadedFbResources
2021-12-13 17:14:13.580 6840-6934/? W/ResourceType: ResTable_typeSpec entry count inconsistent: given 74, previously 76
2021-12-13 17:14:13.608 3668-5333/? D/ConnectivityService: filterNetworkStateForUid() uid: 10061 networkInfo: [type: WIFI[] - WIFI, state: CONNECTED/CONNECTED, reason: (unspecified), extra: "iPhone ", failover: false, available: true, roaming: false, metered: false]
2021-12-13 17:14:13.613 6328-7017/com.izwin.hotpot2 I/System.out: (HTTPLog)-Static: isSBSettingEnabled false
2021-12-13 17:14:13.652 3668-5638/? D/ConnectivityService: filterNetworkStateForUid() uid: 10061 networkInfo: [type: WIFI[] - WIFI, state: CONNECTED/CONNECTED, reason: (unspecified), extra: "iPhone ", failover: false, available: true, roaming: false, metered: false]
2021-12-13 17:14:13.734 6875-6997/? W/AppInitScheduler|Run:   Finished MobileConfigInit in 457ms
2021-12-13 17:14:13.737 6875-6997/? W/AppInitScheduler|Run: Running AppDataBridge
2021-12-13 17:14:13.746 6875-6994/? W/AppInitScheduler|Run:   Finished InitLacrimaEarlyNative in 1012ms
2021-12-13 17:14:13.746 6875-6994/? W/AppInitScheduler|Run: Running InitDittoBreakpadIntegration
2021-12-13 17:14:13.755 6875-6994/? W/AppInitScheduler|Run:   Finished InitDittoBreakpadIntegration in 4ms
2021-12-13 17:14:13.758 6875-6994/? W/AppInitScheduler|Run: Running EnableGcPolicy
2021-12-13 17:14:13.769 6875-6994/? W/AppInitScheduler|Run:   Finished EnableGcPolicy in 10ms
2021-12-13 17:14:13.770 6875-6994/? W/AppInitScheduler|Run: Running FixieNoSync
2021-12-13 17:14:13.770 6875-6994/? W/Fixie/NoSyncFixer: Enable NoSync
2021-12-13 17:14:13.813 3668-5333/? D/ConnectivityService: filterNetworkStateForUid() uid: 10061 networkInfo: [type: WIFI[] - WIFI, state: CONNECTED/CONNECTED, reason: (unspecified), extra: "iPhone ", failover: false, available: true, roaming: false, metered: false]
2021-12-13 17:14:13.918 6875-7012/? D/CACHE_HINTS: Entering madvise file
2021-12-13 17:14:13.952 6875-7012/? D/CACHE_HINTS: MADVISE_RAND file 0xb6148000 4530175 /data/data/com.facebook.katana/app_restricks/layouts.bin
2021-12-13 17:14:13.958 3668-5627/? D/BatteryService: !@BatteryListener : batteryPropertiesChanged!
2021-12-13 17:14:13.958 3668-5627/? D/BatteryService: level:65, scale:100, status:2, health:2, present:true, voltage: 3891, temperature: 315, technology: Li-ion, AC powered:false, USB powered:true, POGO powered:false, Wireless powered:false, icon:17303851, invalid charger:0, maxChargingCurrent:0, maxChargingVoltage:0, chargeCounter:0
2021-12-13 17:14:13.958 3668-5627/? D/BatteryService: online:4, current avg:-54, charge type:1, power sharing:false, high voltage charger:false, capacity:280000, batterySWSelfDischarging:false, misc_event:131072, current_event:0, current_now:-195
2021-12-13 17:14:13.959 3668-3668/? D/BatteryService: Sending ACTION_BATTERY_CHANGED.
2021-12-13 17:14:13.963 3668-3668/? I/MotionRecognitionService: Plugged
2021-12-13 17:14:13.963 3668-3668/? D/MotionRecognitionService:   mCableConnection= 1
2021-12-13 17:14:13.963 3668-3668/? D/MotionRecognitionService: setPowerConnected : mGripEnabled = false
2021-12-13 17:14:13.963 3668-3668/? D/SamsungPhoneWindowManager: ACTION_BATTERY_CHANGED - Level :: 65, battStatus :: 2
2021-12-13 17:14:13.964 3668-3717/? D/UsbDeviceManager: handleMessage -> MSG_UPDATE_CHARGING_STATE = 1
2021-12-13 17:14:13.968 4175-4175/? D/KeyguardUpdateMonitor: received broadcast android.intent.action.BATTERY_CHANGED
2021-12-13 17:14:13.973 4175-4175/? D/BatteryController: onReceive-ACTION_BATTERY_CHANGED : mLevel=65, mBatteryStatus=2
2021-12-13 17:14:13.990 6875-7006/? W/EndToEndAnalyticsEventListener: WRITE_ANALYTICS_TO_LOGCAT = null, EndToEnd.isRunningEndToEndTest() = false
2021-12-13 17:14:14.007 4175-4175/? D/PowerUI: priorPlugType = 2 mPlugType =  2
2021-12-13 17:14:14.009 4175-4175/? D/PowerUI.Notification: showChargingNotice oldChargingType : 1 currentChargingType : 1 oldChargingTime : 9384000 mChargingTime : 9384000
2021-12-13 17:14:14.009 4175-4175/? D/PowerUI.Notification: There is no change about charging status, so return!
2021-12-13 17:14:14.122 3668-3864/? D/NtpTrustedTime: currentTimeMillis() cache hit
2021-12-13 17:14:14.137 3327-3607/? D/CommandListener: bwctrlcmd: argc=2 bandwidth gettetherstats ...
2021-12-13 17:14:14.137 3327-3607/? D/CommandListener: gettetherstats start. socket=54, pid=3668, uid=1000, gid=1000
2021-12-13 17:14:14.137 3327-3607/? D/CommandListener: gettetherstats end 1
2021-12-13 17:14:14.238 3668-3864/? D/NtpTrustedTime: currentTimeMillis() cache hit
2021-12-13 17:14:14.242 3668-3866/? D/NtpTrustedTime: currentTimeMillis() cache hit
2021-12-13 17:14:14.242 3327-3607/? D/CommandListener: bwctrlcmd: argc=3 bandwidth setglobalalert ...
2021-12-13 17:14:14.242 3668-3866/? D/NtpTrustedTime: currentTimeMillis() cache hit
2021-12-13 17:14:14.242 3327-3607/? D/CommandListener: bwctrlcmd: argc=3 bandwidth setglobalalert ...
2021-12-13 17:14:14.253 6875-6992/? W/AppInitScheduler|Run:   Waiting on LoadLibColdStart for 1668ms...
2021-12-13 17:14:14.259 3192-3192/? I/android.hardware.wifi@1.0-service: installApfPacketFilter
2021-12-13 17:14:14.259 3192-3192/? D/WifiHAL: Setting APF program, halHandle = 0x7af444e2c0
2021-12-13 17:14:14.259 3192-3192/? I/WifiHAL: createRequest: APF set program request
2021-12-13 17:14:14.261 3192-3192/? I/WifiHAL: Done!
2021-12-13 17:14:14.275 6328-7042/com.izwin.hotpot2 I/System.out: (HTTPLog)-Static: isSBSettingEnabled false
2021-12-13 17:14:14.275 6328-7042/com.izwin.hotpot2 I/System.out: (HTTPLog)-Static: isSBSettingEnabled false
2021-12-13 17:14:14.319 6875-7009/? W/AppInitScheduler|Run:   Finished FixieLimitNativeStackSize in 1043ms
2021-12-13 17:14:14.320 6875-7009/? W/AppInitScheduler|Run: Running HandleAppComponentsForPreTosBuild
2021-12-13 17:14:14.326 6875-7009/? W/AppInitScheduler|Run:   Finished HandleAppComponentsForPreTosBuild in 5ms
2021-12-13 17:14:14.331 6875-7009/? W/AppInitScheduler|Run: Running INeedInitForBroadcastReceiverRegister
2021-12-13 17:14:14.373 6875-7012/? W/AppInitScheduler|Run:   Finished DownloadedFbResources in 799ms
2021-12-13 17:14:14.373 6875-7012/? W/AppInitScheduler|Run: Running INeedInitForEventBusRegister
2021-12-13 17:14:14.426 6875-7012/? W/AppInitScheduler|Run:   Finished INeedInitForEventBusRegister in 52ms
2021-12-13 17:14:14.428 6875-6994/? D/DistractUtil: Function fsync hooked with result=0
2021-12-13 17:14:14.432 6875-7012/? W/AppInitScheduler|Run:   Finished INeedInitForGatekeepersListenerRegister in 1ms
2021-12-13 17:14:14.432 6875-7012/? W/AppInitScheduler|Run: Running INeedInitForSharedPrefsListenerRegister
2021-12-13 17:14:14.461 6875-6994/? D/DistractUtil: Function fdatasync hooked with result=0
2021-12-13 17:14:14.475 6328-7042/com.izwin.hotpot2 I/System.out: (HTTPLog)-Static: isSBSettingEnabled false
2021-12-13 17:14:14.476 6328-7042/com.izwin.hotpot2 I/System.out: (HTTPLog)-Static: isSBSettingEnabled false
2021-12-13 17:14:14.490 6875-6994/? D/DistractUtil: Function msync hooked with result=0
2021-12-13 17:14:14.491 6875-6994/? D/DistractUtil: Function sync hooked with result=0
2021-12-13 17:14:14.494 6875-6994/? W/AppInitScheduler|Run:   Finished FixieNoSync in 723ms
2021-12-13 17:14:14.499 6875-6994/? W/AppInitScheduler|Run: Running InitAppChoreographer
2021-12-13 17:14:14.519 6875-6994/? W/AppInitScheduler|Run:   Finished InitAppChoreographer in 20ms
2021-12-13 17:14:14.520 6875-6994/? W/AppInitScheduler|Run: Running InitAppModuleFallbackLoader
2021-12-13 17:14:14.522 6875-6994/? W/AppInitScheduler|Run:   Finished InitAppModuleFallbackLoader in 1ms
2021-12-13 17:14:14.522 6875-6994/? W/AppInitScheduler|Run: Running InitFury
2021-12-13 17:14:14.530 6875-7012/? W/AppInitScheduler|Run:   Finished INeedInitForSharedPrefsListenerRegister in 97ms
2021-12-13 17:14:14.535 6875-7012/? W/AppInitScheduler|Run: Running InitGrimsey
2021-12-13 17:14:14.542 6875-7009/? W/AppInitScheduler|Run:   Finished INeedInitForBroadcastReceiverRegister in 211ms
2021-12-13 17:14:14.543 6875-7009/? W/AppInitScheduler|Run: Running InitLacrimaLaterInit
2021-12-13 17:14:14.547 6875-7012/? W/AppInitScheduler|Run:   Finished InitGrimsey in 0ms
2021-12-13 17:14:14.548 6875-7012/? W/AppInitScheduler|Run: Running InitLogging
2021-12-13 17:14:14.553 6875-7009/? W/lacrima: FbErrorReportingConfig.laterInit
2021-12-13 17:14:14.561 6875-7012/? W/fb4a.AppInitScheduler|Run:   Finished InitLogging in 13ms
2021-12-13 17:14:14.562 6875-7012/? W/fb4a.AppInitScheduler|Run: Running InitMallocHooks
2021-12-13 17:14:14.570 6875-7012/? W/fb4a.AppInitScheduler|Run:   Finished InitMallocHooks in 8ms
2021-12-13 17:14:14.570 6875-7012/? W/fb4a.AppInitScheduler|Run: Running InitMemoryDumpHandler
2021-12-13 17:14:14.572 6875-7012/? W/fb4a.AppInitScheduler|Run:   Finished InitMemoryDumpHandler in 1ms
2021-12-13 17:14:14.573 6875-7012/? W/fb4a.AppInitScheduler|Run: Running InitSurfaces
2021-12-13 17:14:14.615 6875-7009/? W/fb4a.lacrima: Start AnrDetector... com.facebook.acra.anr.multisignal.MultiSignalANRDetector
2021-12-13 17:14:14.615 6875-7009/? W/fb4a.MultiSignalANRDetectorLacrima: Starting
2021-12-13 17:14:14.615 6875-7009/? W/fb4a.ProcessAnrErrorMonitor: startMonitoring with delay: 0
2021-12-13 17:14:14.626 6875-6999/? W/fb4a.AppInitScheduler|Run:   Finished FbSharedPreferenceInitializer in 1348ms
2021-12-13 17:14:14.627 6875-6999/? W/fb4a.AppInitScheduler|Run: Running StringResourcesDelegate [*]
2021-12-13 17:14:14.667 6875-7047/? W/fb4a.ProcessAnrErrorMonitor: Starting process monitor checks for process 'com.facebook.katana'
2021-12-13 17:14:14.673 6875-7047/? W/fb4a.MultiSignalANRDetectorLacrima: Started monitoring
2021-12-13 17:14:14.673 6875-6999/? W/fb4a.FrscLanguagePackLoader: Loading FRSC strings for locale (ru)
2021-12-13 17:14:14.685 6875-6999/? W/fb4a.AppInitScheduler|Run:   Finished StringResourcesDelegate in 58ms
2021-12-13 17:14:14.686 6875-6999/? W/fb4a.AppInitScheduler|Run: Running ClientCacheEdgeManagerInitializer
2021-12-13 17:14:14.691 3668-3824/? D/InputReader: Input event(3): value=1 when=83199304570000
2021-12-13 17:14:14.691 3668-3824/? D/InputReader: Input event(3): value=1 when=83199304570000
2021-12-13 17:14:14.691 3668-3824/? I/InputReader: Touch event's action is 0x0 (deviceType=0) [pCnt=1, s=0.511 ] when=83199304570000
2021-12-13 17:14:14.691 3668-3823/? I/InputDispatcher: Delivering touch to (4175): action: 0x4, toolType: 1
2021-12-13 17:14:14.691 3668-3823/? I/InputDispatcher: Delivering touch to (6328): action: 0x0, toolType: 1
2021-12-13 17:14:14.694 6328-6328/com.izwin.hotpot2 D/ViewRootImpl@c021a16[MainActivity]: ViewPostIme pointer 0
2021-12-13 17:14:14.701 6875-6999/? W/fb4a.AppInitScheduler|Run:   Finished ClientCacheEdgeManagerInitializer in 15ms
2021-12-13 17:14:14.702 6875-6999/? W/fb4a.AppInitScheduler|Run: Running ComposerSavedSessionStoreInitializer
2021-12-13 17:14:14.702 6875-6994/? W/fb4a.AppInitScheduler|Run:   Finished InitFury in 180ms
2021-12-13 17:14:14.703 6875-6994/? W/fb4a.AppInitScheduler|Run: Running ErrorReporterSecondaryInit
2021-12-13 17:14:14.705 6875-6999/? W/fb4a.AppInitScheduler|Run:   Finished ComposerSavedSessionStoreInitializer in 3ms
2021-12-13 17:14:14.709 6875-6999/? W/fb4a.AppInitScheduler|Run: Running Fb4aReactEagerInitHotMCUnpacker
2021-12-13 17:14:14.710 6328-7053/com.izwin.hotpot2 I/System.out: (HTTPLog)-Static: isSBSettingEnabled false
2021-12-13 17:14:14.711 6328-7053/com.izwin.hotpot2 I/System.out: (HTTPLog)-Static: isSBSettingEnabled false
2021-12-13 17:14:14.713 3327-3600/? D/DnsProxyListener: DNSDBG::dns addrinfo af 0
2021-12-13 17:14:14.714 6875-7012/? W/fb4a.AppInitScheduler|Run:   Finished InitSurfaces in 140ms
2021-12-13 17:14:14.714 6875-7012/? W/fb4a.AppInitScheduler|Run: Running Fb4aUIQREnvironment
2021-12-13 17:14:14.719 6875-7012/? W/fb4a.AppInitScheduler|Run:   Finished Fb4aUIQREnvironment in 4ms
2021-12-13 17:14:14.719 6875-7012/? W/fb4a.AppInitScheduler|Run: Running HenosisEventReporter
2021-12-13 17:14:14.725 6875-6994/? W/fb4a.AppInitScheduler|Run:   Finished ErrorReporterSecondaryInit in 23ms
2021-12-13 17:14:14.726 6875-6994/? W/fb4a.AppInitScheduler|Run: Running InitSystrace
2021-12-13 17:14:14.731 6875-6994/? W/fb4a.AppInitScheduler|Run:   Finished InitSystrace in 4ms
2021-12-13 17:14:14.732 6875-6999/? W/fb4a.AppInitScheduler|Run:   Finished Fb4aReactEagerInitHotMCUnpacker in 22ms
2021-12-13 17:14:14.732 6875-6994/? W/fb4a.AppInitScheduler|Run: Running JemallocSetRetainInitializer
2021-12-13 17:14:14.732 6875-6999/? W/fb4a.AppInitScheduler|Run: Running LanguageSwitcher
2021-12-13 17:14:14.733 6875-6994/? W/fb4a.AppInitScheduler|Run:   Finished JemallocSetRetainInitializer in 1ms
2021-12-13 17:14:14.734 6875-6994/? W/fb4a.AppInitScheduler|Run: Running LazyCustomErrorDataInitializer
2021-12-13 17:14:14.744 6875-6994/? W/fb4a.AppInitScheduler|Run:   Finished LazyCustomErrorDataInitializer in 11ms
2021-12-13 17:14:14.745 6875-6994/? W/fb4a.AppInitScheduler|Run: Running LimitJemallocRetainSize
2021-12-13 17:14:14.749 6875-6994/? W/fb4a.AppInitScheduler|Run:   Finished LimitJemallocRetainSize in 4ms
2021-12-13 17:14:14.749 6875-6994/? W/fb4a.AppInitScheduler|Run: Running LithoConfiguration
2021-12-13 17:14:14.750 3192-3192/? I/android.hardware.wifi@1.0-service: getLinkLayerStats
2021-12-13 17:14:14.755 6875-6994/? W/fb4a.AppInitScheduler|Run:   Finished LithoConfiguration in 5ms
2021-12-13 17:14:14.757 6875-6999/? W/fb4a.AppInitScheduler|Run:   Finished LanguageSwitcher in 25ms
2021-12-13 17:14:14.758 6875-6999/? W/fb4a.AppInitScheduler|Run: Running LogController
2021-12-13 17:14:14.762 6875-6999/? W/fb4a.AppInitScheduler|Run:   Finished LogController in 5ms
2021-12-13 17:14:14.763 6875-6999/? W/fb4a.AppInitScheduler|Run: Running NotifyAppStateManagerOnCreateComplete
2021-12-13 17:14:14.771 6875-6994/? W/fb4a.AppInitScheduler|Run:   Finished LocationRequestDetector in 3ms
2021-12-13 17:14:14.771 6875-6994/? W/fb4a.AppInitScheduler|Run: Running PendingStoryStoreInitializer
2021-12-13 17:14:14.774 6875-6994/? W/fb4a.AppInitScheduler|Run:   Finished PendingStoryStoreInitializer in 2ms
2021-12-13 17:14:14.774 6875-6994/? W/fb4a.AppInitScheduler|Run: Running RegisterFrameRateTraceListener
2021-12-13 17:14:14.775 6875-6994/? W/fb4a.AppInitScheduler|Run:   Finished RegisterFrameRateTraceListener in 1ms
2021-12-13 17:14:14.776 6875-6994/? W/fb4a.AppInitScheduler|Run: Running RegisterMainLooperTracer
2021-12-13 17:14:14.781 6875-6994/? W/fb4a.AppInitScheduler|Run:   Finished RegisterMainLooperTracer in 5ms
2021-12-13 17:14:14.782 6875-6994/? W/fb4a.AppInitScheduler|Run: Running ReleaseDeferredBroadcastReceiver
2021-12-13 17:14:14.783 6875-6994/? W/fb4a.AppInitScheduler|Run:   Finished ReleaseDeferredBroadcastReceiver in 1ms
2021-12-13 17:14:14.783 6875-6994/? W/fb4a.AppInitScheduler|Run: Running ReplaceDalvikBuffer
2021-12-13 17:14:14.785 6875-6994/? W/fb4a.AppInitScheduler|Run:   Finished ReplaceDalvikBuffer in 2ms
2021-12-13 17:14:14.786 6875-6994/? W/fb4a.AppInitScheduler|Run: Running RtcVoltronModulesLoader
2021-12-13 17:14:14.788 6875-6994/? W/fb4a.AppInitScheduler|Run:   Finished RtcVoltronModulesLoader in 2ms
2021-12-13 17:14:14.788 6875-6994/? W/fb4a.AppInitScheduler|Run: Running SetupDynaBuilds
2021-12-13 17:14:14.790 3668-3824/? D/InputReader: Input event(3): value=0 when=83199403755000
2021-12-13 17:14:14.790 3668-3824/? D/InputReader: Input event(3): value=0 when=83199403755000
2021-12-13 17:14:14.790 3668-3824/? I/InputReader: Touch event's action is 0x1 (deviceType=0) [pCnt=1, s=] when=83199403755000
2021-12-13 17:14:14.790 6875-6999/? W/fb4a.AppInitScheduler|Run:   Finished NotifyAppStateManagerOnCreateComplete in 27ms
2021-12-13 17:14:14.790 3668-3823/? I/InputDispatcher: Delivering touch to (6328): action: 0x1, toolType: 1
2021-12-13 17:14:14.791 6875-6999/? W/fb4a.AppInitScheduler|Run: Running SetupSmartGc
2021-12-13 17:14:14.791 6875-6999/? W/fb4a.AppInitScheduler|Run:   Finished SetupSmartGc in 1ms
2021-12-13 17:14:14.792 6875-6999/? W/fb4a.AppInitScheduler|Run: Running StatefulPeerManagerImpl
2021-12-13 17:14:14.792 6328-6328/com.izwin.hotpot2 D/ViewRootImpl@c021a16[MainActivity]: ViewPostIme pointer 1
2021-12-13 17:14:14.794 3668-10475/? D/CustomFrequencyManagerService: acquireDVFSLockLocked : type : DVFS_MIN_LIMIT  frequency : 832000  uid : 1000  pid : 3668  pkgName : GESTURE_DETECTED@CPU_MIN@48
2021-12-13 17:14:14.797 3201-3201/? I/SurfaceFlinger: id=648 createSurf (1440x2464),4 flag=404, SurfaceView - com.izwin.hotpot2/com.izwin.hotpot2.view.MainActivity@203e155@0#0
2021-12-13 17:14:14.798 3201-3201/? I/SurfaceFlinger: id=649 createSurf (1440x2464),-1 flag=20404, Background for - SurfaceView - com.izwin.hotpot2/com.izwin.hotpot2.view.MainActivity@203e155@0#0
2021-12-13 17:14:14.799 6328-6328/com.izwin.hotpot2 D/SurfaceView: BG show() Surface(name=Background for - SurfaceView - com.izwin.hotpot2/com.izwin.hotpot2.view.MainActivity@203e155@0) android.view.SurfaceView{203e155 V.E...... ......ID 0,0-1440,2464}
2021-12-13 17:14:14.801 6875-6994/? W/fb4a.AppInitScheduler|Run:   Finished SetupDynaBuilds in 13ms
2021-12-13 17:14:14.802 6875-6994/? W/fb4a.AppInitScheduler|Run: Running TraceCurrentThreadMetadata
2021-12-13 17:14:14.804 6875-6994/? W/fb4a.AppInitScheduler|Run:   Finished TraceCurrentThreadMetadata in 2ms
2021-12-13 17:14:14.805 6875-6994/? W/fb4a.AppInitScheduler|Run: Running TransientNetworkTraceEarlyInit
2021-12-13 17:14:14.807 6875-6994/? W/fb4a.AppInitScheduler|Run:   Finished TransientNetworkTraceEarlyInit in 1ms
2021-12-13 17:14:14.809 6875-6994/? W/fb4a.AppInitScheduler|Run: Running VideoComponentWarmup
2021-12-13 17:14:14.810 6328-6328/com.izwin.hotpot2 V/Surface: sf_framedrop debug : 0x4f4c, game : false, logging : 0
2021-12-13 17:14:14.810 6328-6328/com.izwin.hotpot2 D/SurfaceView: surfaceCreated 1 android.view.SurfaceView{203e155 V.E...... ......ID 0,0-1440,2464}
2021-12-13 17:14:14.810 6328-6328/com.izwin.hotpot2 D/SurfaceView: surfaceChanged (1440,2464) 1 android.view.SurfaceView{203e155 V.E...... ......ID 0,0-1440,2464}
2021-12-13 17:14:14.815 3201-3201/? D/SurfaceFlinger:   Display[0] configurations (* current):
        * 0: 1440x2560, xdpi=537.882019, ydpi=532.982971, refresh=16949152
      numHwLayers=5, flags=00000000
        type   |  handle  | hint | flag | tr | blnd |   format    |     source crop (l,t,r,b)      |          frame         | name 
    -----------+----------+------+------+----+------+-------------+--------------------------------+------------------------+------
          GLES | 00000000 | 0000 | 0220 | 00 | 0105 | ? ffffffff  |    0.0,    0.0,   -1.0,   -0.1 |    0, 2205, 1440, 2560 | Background for - SurfaceView - com.izwin.hotpot2/com.izwin.hotpot2.view.MainActivity@203e155@0#0
           HWC | 754d3b0e80 | 0000 | 0020 | 00 | 0100 | ? 00000121  |    0.0,    0.0,  720.0, 1280.0 |   27,   96, 1413, 2560 | SurfaceView - com.izwin.hotpot2/com.izwin.hotpot2.view.MainActivity@fe249cc@0#0
           HWC | 75516c2b80 | 0000 | 0000 | 00 | 0105 | RGBA_8888   |    0.0,    0.0, 1440.0, 2560.0 |    0,    0, 1440, 2560 | com.izwin.hotpot2/com.izwin.hotpot2.view.MainActivity#0
           HWC | 75516c2
2021-12-13 17:14:14.815 3201-3201/? D/SurfaceFlinger: ac0 | 0000 | 0000 | 00 | 0105 | RGBA_8888   |    0.0,    0.0, 1440.0,   96.0 |    0,    0, 1440,   96 | StatusBar#0
     FB TARGET | 75519f5e40 | 0000 | 0000 | 00 | 0105 | RGBA_8888   |    0.0,    0.0, 1440.0, 2560.0 |    0,    0, 1440, 2560 | HWC_FRAMEBUFFER_TARGET
2021-12-13 17:14:14.860 6875-6999/? W/fb4a.AppInitScheduler|Run:   Finished StatefulPeerManagerImpl in 68ms
2021-12-13 17:14:14.861 6875-6999/? W/fb4a.AppInitScheduler|Run: Running VideoServiceWarmup
2021-12-13 17:14:14.862 6875-7050/? W/fb4a.FrscLanguagePackLoader: FRSC English strings buffer size - (limit : 713626, capacity : 713626)
2021-12-13 17:14:14.865 6328-7042/com.izwin.hotpot2 I/System.out: (HTTPLog)-Static: isSBSettingEnabled false
2021-12-13 17:14:14.866 6328-7042/com.izwin.hotpot2 I/System.out: (HTTPLog)-Static: isSBSettingEnabled false
2021-12-13 17:14:14.866 6328-6797/com.izwin.hotpot2 D/MediaCodecInfo: AssumedSupport [sizeAndRate.rotated, 720x1280x29.999177932739258] [OMX.google.h264.decoder, video/avc] [hero2lte, SM-G935F, samsung, 26]
2021-12-13 17:14:14.869 6328-6797/com.izwin.hotpot2 I/chatty: uid=10476(u0_a476) ExoPlayer:Playb identical 2 lines
2021-12-13 17:14:14.870 6328-6797/com.izwin.hotpot2 D/MediaCodecInfo: AssumedSupport [sizeAndRate.rotated, 720x1280x29.999177932739258] [OMX.google.h264.decoder, video/avc] [hero2lte, SM-G935F, samsung, 26]
2021-12-13 17:14:14.875 6328-6328/com.izwin.hotpot2 I/ExoPlayerImpl: Init ead100e [ExoPlayerLib/2.16.1] [hero2lte, SM-G935F, samsung, 26]
2021-12-13 17:14:14.878 3668-5627/? D/AudioService: GetAppDevice, uid=10476
2021-12-13 17:14:14.879 3668-5627/? D/AudioService: getStreamVolume 3 index 20
2021-12-13 17:14:14.879 3668-5333/? W/StorageManager: getStorageLowBytes lowPercent : 5, lowBytes : 1332166656, maxLowBytes : 524288000
2021-12-13 17:14:14.883 6328-6328/com.izwin.hotpot2 D/VPNAA: androidx.constraintlayout.widget.ConstraintLayout{95c183c V.E...... ......I. 0,0-0,0}
2021-12-13 17:14:14.887 6875-6999/? W/fb4a.AppInitScheduler|Run:   Finished VideoServiceWarmup in 26ms
2021-12-13 17:14:14.887 6875-6999/? W/fb4a.AppInitScheduler|Run: Running VpvHelperInitializer
2021-12-13 17:14:14.888 6875-6999/? W/fb4a.AppInitScheduler|Run:   Finished VpvHelperInitializer in 1ms
2021-12-13 17:14:14.889 6875-6999/? W/fb4a.AppInitScheduler|Run: Running WhitehatOverlayInitializer
2021-12-13 17:14:14.889 6328-6328/com.izwin.hotpot2 D/RecView: Position change 12
2021-12-13 17:14:14.892 6875-6999/? W/fb4a.AppInitScheduler|Run:   Finished WhitehatOverlayInitializer in 4ms
2021-12-13 17:14:14.942 6875-7014/? W/fb4a.AppInitScheduler|Run:   Finished LoadLibColdStart in 2356ms
2021-12-13 17:14:14.942 6875-6999/? W/fb4a.AppInitScheduler|Run: Running FixAndroidBugs
2021-12-13 17:14:14.942 6875-7014/? W/fb4a.AppInitScheduler|Run: Running InitJit
2021-12-13 17:14:14.952 6875-7014/? W/fb4a.AppInitScheduler|Run:   Finished InitJit in 10ms
2021-12-13 17:14:14.952 6875-7014/? W/fb4a.AppInitScheduler|Run: Running InitLyra
2021-12-13 17:14:14.953 6875-7014/? W/fb4a.AppInitScheduler|Run:   Finished InitLyra in 0ms
2021-12-13 17:14:14.953 6875-7014/? W/fb4a.AppInitScheduler|Run: Running EagerInitTigonLibs
2021-12-13 17:14:14.963 6328-6328/com.izwin.hotpot2 D/RecView: Last is 6861627778245152005
2021-12-13 17:14:14.965 6328-6328/com.izwin.hotpot2 D/RecView: Stop 11
2021-12-13 17:14:14.966 6328-6328/com.izwin.hotpot2 D/RecView: Play 12 
2021-12-13 17:14:14.970 3668-5333/? V/WindowManager: Relayout Window{3868f41 u0 com.izwin.hotpot2/com.izwin.hotpot2.view.MainActivity}: viewVisibility=0 req=1440x2560 WM.LayoutParams{(0,0)(fillxfill) sim=#10 ty=1 fl=#81810100 pfl=0x20000 fmt=-3 wanim=0x10302fd vsysui=0x600 needsMenuKey=2 colorMode=0 naviIconColor=0}
2021-12-13 17:14:14.971 6328-7064/com.izwin.hotpot2 I/System.out: (HTTPLog)-Static: isSBSettingEnabled false
2021-12-13 17:14:14.972 6328-7064/com.izwin.hotpot2 I/System.out: (HTTPLog)-Static: isSBSettingEnabled false
2021-12-13 17:14:14.976 6875-6999/? W/fb4a.AppInitScheduler|Run:   Finished FixAndroidBugs in 33ms
2021-12-13 17:14:14.978 6328-6328/com.izwin.hotpot2 D/ViewRootImpl@c021a16[MainActivity]: Relayout returned: old=[0,0][1440,2560] new=[0,0][1440,2560] result=0x1 surface={valid=true 505288982528} changed=false
2021-12-13 17:14:14.979 6875-6997/? W/fb4a.AppStateLoggerCore: Application needs to be registered before setting app state manager bridge
2021-12-13 17:14:14.979 6875-6997/? W/fb4a.AppInitScheduler|Run:   Finished AppDataBridge in 1242ms
2021-12-13 17:14:14.981 6875-7012/? W/fb4a.AppInitScheduler|Run:   Finished HenosisEventReporter in 261ms
2021-12-13 17:14:14.982 6875-7014/? V/tigonliger: tigonliger/JNI_OnLoad called
2021-12-13 17:14:14.985 6875-7006/? W/fb4a.QuickPerformanceLoggerModule: Providing QPL...
2021-12-13 17:14:14.997 3307-3646/? I/AudioSAEffectSecPlus: command EFFECT_CMD_SET_VOLUME left = 0.000000, right =0.000000
2021-12-13 17:14:14.997 3307-3646/? I/SoundBoosterEffectPlus: SB_setVolume(0xe9728540)
2021-12-13 17:14:14.997 3307-3646/? I/SoundBoosterEffectPlus: command EFFECT_CMD_SET_VOLUME left = 0.000000, right =0.000000
2021-12-13 17:14:14.998 3307-3646/? I/SoundAlive_PrePost: [ -378454144 ][ 48000 ]Exe_Pre() mRequiredPreVolume is changed - dB : -100.000000  mRequiredPreVolume : -10.000000
2021-12-13 17:14:14.998 3307-3646/? I/SoundAlive_PrePost: [ -378454144 ][ 48000 ]Exe_Pre() mRequiredPreGain is changed - dB : -100.000000  mRequiredPreGain : 0.000000
2021-12-13 17:14:14.998 3307-3646/? I/SoundAlive_PrePost: [ -378454144 ][ 48000 ]Exe_Post() mRequiredPostVolume is changed - dB : -100.000000  mRequiredPostVolume : -100.000000
2021-12-13 17:14:14.998 3307-3646/? I/SoundAlive_PrePost: [ -378454144 ][ 48000 ]Exe_Post() mRequiredPostGain is changed - dB : -100.000000  mRequiredPostGain : 0.000000
2021-12-13 17:14:15.017 3307-3646/? I/AudioSAEffectSecPlus: command EFFECT_CMD_SET_VOLUME left = 0.013916, right =0.013916
2021-12-13 17:14:15.017 3307-3646/? I/SoundBoosterEffectPlus: SB_setVolume(0xe9728540)
2021-12-13 17:14:15.017 3307-3646/? I/SoundBoosterEffectPlus: command EFFECT_CMD_SET_VOLUME left = 0.013916, right =0.013916
2021-12-13 17:14:15.019 6875-7046/? W/fb4a.SigquitDetectorLacrima: nativeInit
2021-12-13 17:14:15.028 3307-3646/? I/SoundAlive_Interface: [ -378454144 ][ 48000 ]FlushBuffers()
2021-12-13 17:14:15.028 3307-3646/? I/SoundAlive_Core: [ -378454144 ][ 48000 ](interface-API)FlushBuffers()
2021-12-13 17:14:15.028 3307-3646/? D/SoundAlive_Core: [ -378454144 ][ 48000 ](internal-API)ReOpen( ConfigMode : 1 )
2021-12-13 17:14:15.028 3307-3646/? I/SoundAlive_Effect: [ -378454144 ][ 48000 ]Init() nch : 2  bitdepth : 0 
2021-12-13 17:14:15.028 3307-3646/? I/SoundAlive_Effect: [ -378454144 ][ 48000 ]SamplingRateConfig() SamplingRate : 48000
2021-12-13 17:14:15.028 3307-3646/? I/SoundAlive_Effect: [ -378454144 ][ 48000 ]OutDevConfig() OutDevConfig : 1
2021-12-13 17:14:15.028 3307-3646/? D/SoundAlive_Core: [ -378454144 ][ 48000 ](internal-API)Set_Current_Effect_Configuration( ConfigMode : 1 )
2021-12-13 17:14:15.028 3307-3646/? I/SoundAlive_Effect: [ -378454144 ][ 48000 ]Set_Preset() : 0
2021-12-13 17:14:15.028 3307-3646/? I/SoundAlive_Effect: [ -378454144 ][ 48000 ]Set_User_BWE() 0
2021-12-13 17:14:15.028 3307-3646/? I/SoundAlive_Effect: [ -378454144 ][ 48000 ]Set_User_CH() : 0
2021-12-13 17:14:15.028 3307-3646/? I/SoundAlive_Effect: [ -378454144 ][ 48000 ]Set_SquareUI() : 4 , 4
2021-12-13 17:14:15.028 3307-3646/? I/SoundAlive_Effect: [ -378454144 ][ 48000 ]Set_User_3D() : 0
2021-12-13 17:14:15.028 3307-3646/? I/SoundAlive_Effect: [ -378454144 ][ 48000 ]Set_User_BE() : 0
2021-12-13 17:14:15.029 6875-7014/? W/fb4a.AppInitScheduler|Run:   Finished EagerInitTigonLibs in 75ms
2021-12-13 17:14:15.030 6875-6999/? W/fb4a.AppInitScheduler|Run: Running EagerInitTigonInterceptors
2021-12-13 17:14:15.030 6875-7014/? W/fb4a.AppInitScheduler|Run: Running EagerTigonLigerXPlatService
2021-12-13 17:14:15.032 6875-7013/? W/fb4a.AppInitScheduler|Run:   Finished StaticGraphServiceFactoryInitializerFastPath in 1673ms
2021-12-13 17:14:15.032 6875-7063/? D/PgoUtils: Trying to int PGO tools for art (Apply String init map fix: 0)
2021-12-13 17:14:15.035 6875-6999/? V/tigoninterceptors: tigoninterceptors/JNI_OnLoad called
2021-12-13 17:14:15.037 6875-7063/? D/SUSPEND_RESUME: Flag: base add: /suspendResumeVerifyV3_800_VV4 flag: PGO use: /suspendResumeVerifyV3_800_VV4_PGO
2021-12-13 17:14:15.044 6875-7046/? D/SigquitDetector: Signal catcher tid: 6884
2021-12-13 17:14:15.044 6875-7046/? D/SigquitDetector: Initialized [Lacrima]
2021-12-13 17:14:15.048 3307-3646/? I/SoundAlive_PrePost: [ -378454144 ][ 48000 ]Exe_Pre() mRequiredPreVolume is changed - dB : -37.123463  mRequiredPreVolume : -10.123463
2021-12-13 17:14:15.048 3307-3646/? I/SoundAlive_PrePost: [ -378454144 ][ 48000 ]Exe_Post() mRequiredPostVolume is changed - dB : -37.123463  mRequiredPostVolume : -27.000000
2021-12-13 17:14:15.066 6875-6998/? W/fb4a.AppInitScheduler|Run:   Finished MaybeTraceColdStart in 1579ms
2021-12-13 17:14:15.067 6875-7012/? W/fb4a.AppInitScheduler|Run: Running BlackBoxOnInitTrigger
2021-12-13 17:14:15.068 3307-3646/? I/SoundAlive_PrePost: [ -378454144 ][ 48000 ]Exe_Pre() mRequiredPreGain is changed - dB : -37.123463  mRequiredPreGain : 0.000000
2021-12-13 17:14:15.068 3307-3646/? I/SoundAlive_PrePost: [ -378454144 ][ 48000 ]Exe_Post() mRequiredPostGain is changed - dB : -37.123463  mRequiredPostGain : 0.000000
2021-12-13 17:14:15.069 6875-6998/? W/fb4a.AppInitScheduler|Run: Running RunPerfMarkers [*]
2021-12-13 17:14:15.072 6875-7012/? W/Profilo/TraceControl: START PROFILO_TRACEID: DPVp/AMzv8Y
2021-12-13 17:14:15.075 6328-6328/com.izwin.hotpot2 D/SurfaceView: BG show() Surface(name=Background for - SurfaceView - com.izwin.hotpot2/com.izwin.hotpot2.view.MainActivity@fe249cc@0) android.view.SurfaceView{fe249cc V.E...... ........ 0,0-1386,2464}
2021-12-13 17:14:15.077 6328-6328/com.izwin.hotpot2 D/SurfaceView: surfaceDestroyed 1 android.view.SurfaceView{fe249cc V.E...... ........ 0,0-1386,2464}
2021-12-13 17:14:15.084 6328-7066/com.izwin.hotpot2 V/Surface: sf_framedrop debug : 0x4f4c, game : false, logging : 0
2021-12-13 17:14:15.085 6328-6797/com.izwin.hotpot2 V/Surface: sf_framedrop debug : 0x4f4c, game : false, logging : 0
2021-12-13 17:14:15.085 6328-6823/com.izwin.hotpot2 D/SurfaceUtils: connecting to surface 0x75717fd010, reason connectToSurface
2021-12-13 17:14:15.085 6328-6823/com.izwin.hotpot2 I/MediaCodec: [OMX.Exynos.avc.dec] setting surface generation to 6479896
2021-12-13 17:14:15.085 6328-6823/com.izwin.hotpot2 D/SurfaceUtils: disconnecting from surface 0x75717fd010, reason connectToSurface(reconnect)
2021-12-13 17:14:15.085 6328-6823/com.izwin.hotpot2 D/SurfaceUtils: connecting to surface 0x75717fd010, reason connectToSurface(reconnect)
2021-12-13 17:14:15.086 6875-6998/? W/fb4a.AppInitScheduler|Run:   Finished RunPerfMarkers in 17ms
2021-12-13 17:14:15.087 6328-6824/com.izwin.hotpot2 D/SurfaceUtils: set up nativeWindow 0x75717fd010 for 720x1280, color 0x121, rotation 0, usage 0x2900
2021-12-13 17:14:15.087 6328-6823/com.izwin.hotpot2 D/SurfaceUtils: disconnecting from surface 0x75716ea010, reason disconnectFromSurface
2021-12-13 17:14:15.087 6875-7013/? W/fb4a.AppInitScheduler|Run: Running WaitForUIDependenciesInitializer [*]
2021-12-13 17:14:15.093 3201-5876/? I/SurfaceFlinger: id=646 Removed SurfaceView - com.izwin.hotpot2/com.izwin.hotpot2.view.MainActivity@fe249cc@0#0 (2/5)
2021-12-13 17:14:15.093 3201-5876/? I/SurfaceFlinger: id=646 Removed SurfaceView - com.izwin.hotpot2/com.izwin.hotpot2.view.MainActivity@fe249cc@0#0 (-2/5)
2021-12-13 17:14:15.093 6328-6328/com.izwin.hotpot2 D/SurfaceView: BG destroy() Surface(name=Background for - SurfaceView - com.izwin.hotpot2/com.izwin.hotpot2.view.MainActivity@fe249cc@0) android.view.SurfaceView{fe249cc V.E...... ........ 0,0-1386,2464}
2021-12-13 17:14:15.094 3201-5876/? I/SurfaceFlinger: id=647 Removed Background for - SurfaceView - com.izwin.hotpot2/com.izwin.hotpot2.view.MainActivity@fe249cc@0#0 (0/5)
2021-12-13 17:14:15.094 3201-5876/? I/SurfaceFlinger: id=647 Removed Background for - SurfaceView - com.izwin.hotpot2/com.izwin.hotpot2.view.MainActivity@fe249cc@0#0 (-2/5)
2021-12-13 17:14:15.098 6875-7013/? W/fb4a.AppInitScheduler|Run:   Finished WaitForUIDependenciesInitializer in 11ms
2021-12-13 17:14:15.100 6875-6997/? W/fb4a.AppInitScheduler|Run: Running DismissSplashScreens
2021-12-13 17:14:15.102 6875-6998/? W/fb4a.AppInitScheduler|Run: Running ReplayBroadcastReceivedDuringAppInit
2021-12-13 17:14:15.103 6875-7014/? W/fb4a.DefaultNetworkConfig: com.facebook.katana: getShouldCheckCertsInternal: true
2021-12-13 17:14:15.103 6875-7013/? W/fb4a.AppInitScheduler|Run: Running ScheduleLowPriWork
2021-12-13 17:14:15.105 6875-6998/? W/fb4a.AppInitScheduler|Run:   Finished ReplayBroadcastReceivedDuringAppInit in 3ms
2021-12-13 17:14:15.106 6875-6997/? W/fb4a.AppInitScheduler|Run:   Finished DismissSplashScreens in 5ms
2021-12-13 17:14:15.107 3201-3201/? I/Layer: id=647 onRemoved Background for - SurfaceView - com.izwin.hotpot2/com.izwin.hotpot2.view.MainActivity@fe249cc@0#0 
2021-12-13 17:14:15.107 3201-3201/? I/Layer: id=646 onRemoved SurfaceView - com.izwin.hotpot2/com.izwin.hotpot2.view.MainActivity@fe249cc@0#0 
2021-12-13 17:14:15.113 3201-3201/? D/SurfaceFlinger:   Display[0] configurations (* current):
        * 0: 1440x2560, xdpi=537.882019, ydpi=532.982971, refresh=16949152
      numHwLayers=4, flags=00000000
        type   |  handle  | hint | flag | tr | blnd |   format    |     source crop (l,t,r,b)      |          frame         | name 
    -----------+----------+------+------+----+------+-------------+--------------------------------+------------------------+------
          GLES | 00000000 | 0000 | 0220 | 00 | 0105 | ? ffffffff  |    0.0,    0.0,   -1.0,   -1.0 |    0,   96, 1440, 2560 | Background for - SurfaceView - com.izwin.hotpot2/com.izwin.hotpot2.view.MainActivity@203e155@0#0
           HWC | 75516c2b80 | 0000 | 0000 | 00 | 0105 | RGBA_8888   |    0.0,    0.0, 1440.0, 2560.0 |    0,    0, 1440, 2560 | com.izwin.hotpot2/com.izwin.hotpot2.view.MainActivity#0
           HWC | 75516c2ac0 | 0000 | 0000 | 00 | 0105 | RGBA_8888   |    0.0,    0.0, 1440.0,   96.0 |    0,    0, 1440,   96 | StatusBar#0
     FB TARGET | 75519f5f00 | 0000 | 0000 | 00 | 0105 | RGBA_8888   |    0.0,    0.0, 1440.0
2021-12-13 17:14:15.113 3201-3201/? D/SurfaceFlinger: , 2560.0 |    0,    0, 1440, 2560 | HWC_FRAMEBUFFER_TARGET
2021-12-13 17:14:15.168 3307-3646/? I/SoundAlive_Interface: [ -378454144 ][ 48000 ]FlushBuffers()
2021-12-13 17:14:15.168 3307-3646/? I/SoundAlive_Core: [ -378454144 ][ 48000 ](interface-API)FlushBuffers()
2021-12-13 17:14:15.168 3307-3646/? D/SoundAlive_Core: [ -378454144 ][ 48000 ](internal-API)ReOpen( ConfigMode : 1 )
2021-12-13 17:14:15.168 3307-3646/? I/SoundAlive_Effect: [ -378454144 ][ 48000 ]Init() nch : 2  bitdepth : 0 
2021-12-13 17:14:15.168 3307-3646/? I/SoundAlive_Effect: [ -378454144 ][ 48000 ]SamplingRateConfig() SamplingRate : 48000
2021-12-13 17:14:15.168 3307-3646/? I/SoundAlive_Effect: [ -378454144 ][ 48000 ]OutDevConfig() OutDevConfig : 1
2021-12-13 17:14:15.168 3307-3646/? D/SoundAlive_Core: [ -378454144 ][ 48000 ](internal-API)Set_Current_Effect_Configuration( ConfigMode : 1 )
2021-12-13 17:14:15.169 3307-3646/? I/SoundAlive_Effect: [ -378454144 ][ 48000 ]Set_Preset() : 0
2021-12-13 17:14:15.169 3307-3646/? I/SoundAlive_Effect: [ -378454144 ][ 48000 ]Set_User_BWE() 0
2021-12-13 17:14:15.169 3307-3646/? I/SoundAlive_Effect: [ -378454144 ][ 48000 ]Set_User_CH() : 0
2021-12-13 17:14:15.169 3307-3646/? I/SoundAlive_Effect: [ -378454144 ][ 48000 ]Set_SquareUI() : 4 , 4
2021-12-13 17:14:15.169 3307-3646/? I/SoundAlive_Effect: [ -378454144 ][ 48000 ]Set_User_3D() : 0
2021-12-13 17:14:15.169 3307-3646/? I/SoundAlive_Effect: [ -378454144 ][ 48000 ]Set_User_BE() : 0
2021-12-13 17:14:15.169 3307-3646/? I/SoundBoosterEffectPlus: SB_reset SoundBooster sessionId(-1305)
2021-12-13 17:14:15.169 3307-3646/? I/SoundBooster7: BuffClear()
2021-12-13 17:14:15.177 3307-3486/? V/APM_AudioPolicyManager: stopOutput() output 13, stream 3, session 1625
2021-12-13 17:14:15.177 3307-3486/? V/APM_AudioPolicyManager: setBeaconMute(1) mBeaconMuteRefCount=0 mBeaconPlayingRefCount=0
2021-12-13 17:14:15.177 3307-3486/? V/APM_AudioPolicyManager: getNewOutputDevice() selected device 0
2021-12-13 17:14:15.177 3307-3486/? V/APM_AudioPolicyManager: setOutputDevice() device 0000 delayMs 160
2021-12-13 17:14:15.177 3307-3486/? V/APM_AudioPolicyManager: setOutputDevice() prevDevice 0x0002
2021-12-13 17:14:15.177 3307-3486/? V/APM_AudioPolicyManager: setOutputDevice() setting same device 0x0000 or null device
2021-12-13 17:14:15.177 3307-3486/? V/APM_AudioPolicyManager: selectOutputForMusicEffects selected output 13
2021-12-13 17:14:15.204 6875-6988/? W/ComponentDiscovery: Class com.google.firebase.dynamicloading.DynamicLoadingRegistrar is not an found.
2021-12-13 17:14:15.228 6875-7006/? W/fb4a.Fixie: Initialize FB4A_OPTIMIZATION_PROVIDER
2021-12-13 17:14:15.228 6875-7006/? W/fb4a.Fixie/ActivityStackResetterFixer: Enable Activity Stack Resetter
2021-12-13 17:14:15.253 6875-7013/? W/fb4a.AppInitScheduler|Run:   Finished ScheduleLowPriWork in 150ms
2021-12-13 17:14:15.254 6875-6992/? W/fb4a.AppInitScheduler|Run:   Waiting on StartupQPLInit for 1974ms...
2021-12-13 17:14:15.278 3668-5627/? D/ConnectivityService: filterNetworkStateForUid() uid: 10103 networkInfo: [type: WIFI[] - WIFI, state: CONNECTED/CONNECTED, reason: (unspecified), extra: "iPhone ", failover: false, available: true, roaming: false, metered: false]
2021-12-13 17:14:15.279 3668-5333/? D/ConnectivityService: filterNetworkStateForUid() uid: 10103 networkInfo: [type: WIFI[] - WIFI, state: CONNECTED/CONNECTED, reason: (unspecified), extra: "iPhone ", failover: false, available: true, roaming: false, metered: false]
2021-12-13 17:14:15.284 6875-6999/? W/fb4a.MobileConfigFactoryImpl: SESSIONBASED factory used for SESSIONLESS param
2021-12-13 17:14:15.289 6875-6999/? W/fb4a.MobileConfigFactoryImpl: SESSIONBASED factory used for SESSIONLESS param
2021-12-13 17:14:15.345 6875-7072/? W/fb4a.lacrima: Soft error detector missing: MobileConfigFactoryImpl: invalid specifier SESSIONBASED factory used for SESSIONLESS param, delaying
2021-12-13 17:14:15.345 6875-7072/? W/fb4a.lacrima: Soft error detector missing: MobileConfigFactoryImpl: invalid specifier SESSIONBASED factory used for SESSIONLESS param, delaying
2021-12-13 17:14:15.349 6328-7053/com.izwin.hotpot2 I/System.out: (HTTPLog)-Static: isSBSettingEnabled false
2021-12-13 17:14:15.350 6328-7053/com.izwin.hotpot2 I/System.out: (HTTPLog)-Static: isSBSettingEnabled false
2021-12-13 17:14:15.398 6875-7045/? D/DistractUtil: Function _ZN3art13SignalCatcher6OutputERKNSt3__112basic_stringIcNS1_11char_traitsIcEENS1_9allocatorIcEEEE hooked with result=0
2021-12-13 17:14:15.398 6875-7045/? D/SigquitDetector: Hooked methods [Lacrima]
2021-12-13 17:14:15.426 6840-6856/? I/zygote64: Waiting for a blocking GC ProfileSaver
2021-12-13 17:14:15.436 6875-7071/? D/NetworkSecurityConfig: Using Network Security Config from resource (name removed) debugBuild: false
2021-12-13 17:14:15.448 6840-6856/? I/zygote64: WaitForGcToComplete blocked for 22.356ms for cause ProfileSaver
2021-12-13 17:14:15.508 6875-7063/? D/MuseumVerifier: Attempting verification for SuspendResume with flag file: /data/user/0/com.facebook.katana/app_pgoutils/suspendResumeVerifyV3_800_VV4_PGO
2021-12-13 17:14:15.514 6875-7063/? D/MuseumVerifier: Parsed error [prior result: failure] for SuspendResume : Failed threadList->VisitRoots( &tcv , kVisitRootFlagAllRoots )
2021-12-13 17:14:15.514 6875-7063/? D/MuseumVerifier: Previously failed verification of SuspendResume, not trying again. Previous error: Failed threadList->VisitRoots( &tcv , kVisitRootFlagAllRoots )
2021-12-13 17:14:15.514 6875-7063/? W/SUSPEND_RESUME: Failed to verify SuspendResume with error: Previously failed verification of SuspendResume, not trying again. Previous error: Failed threadList->VisitRoots( &tcv , kVisitRootFlagAllRoots )
2021-12-13 17:14:15.523 6875-7063/? D/SUSPEND_RESUME: isSuspendResumeSupported: 0
2021-12-13 17:14:15.523 6875-7063/? D/PgoUtils: Art Pgo supported on platform: 0 suspend and resume supported: 0
2021-12-13 17:14:15.523 6875-7063/? D/PgoUtils: PGO Utils was not successfully inited [pgoutils: 0]
2021-12-13 17:14:15.529 3327-3600/? D/DnsProxyListener: DNSDBG::dns addrinfo af 0
2021-12-13 17:14:15.542 3327-3600/? D/DnsProxyListener: DNSDBG::dns addrinfo af 0
2021-12-13 17:14:15.545 6875-7063/? D/JitUtils: Trying to int jit tools for art
2021-12-13 17:14:15.546 6875-7063/? D/ART_JIT: verifyArtJitCalls with jit Enabled [force verify: 0] malloc arena pool: 0 Jit sampling weights: 0 mmap race fix: 1 Test Method initialize (Landroid/content/Context;ZLjava/util/List;IZZZZZZ)Z[flag name: /ArtJitEnabledMMapFix_S2V13_AV800_VV4] test methods: [ ( n: testCompileMethod, s: (I)Z )( n: loadInnerNewApiClass, s: (Ljava/lang/String;[Ldalvik/system/DexFile;I)Ljava/lang/Class; ) ]
2021-12-13 17:14:15.555 3327-3600/? D/DnsProxyListener: DNSDBG::dns addrinfo af 0
2021-12-13 17:14:15.609 3327-3600/? D/DnsProxyListener: DNSDBG::dns addrinfo af 0
2021-12-13 17:14:15.620 6875-7006/? W/fb4a.MobileConfigFactoryImpl: SESSIONLESS factory used for SESSIONBASED param
2021-12-13 17:14:15.621 6875-7072/? W/fb4a.lacrima: Soft error detector missing: MobileConfigFactoryImpl: invalid specifier SESSIONLESS factory used for SESSIONBASED param, delaying
2021-12-13 17:14:15.624 6875-6895/? W/ResourceType: ResTable_typeSpec entry count inconsistent: given 74, previously 76
2021-12-13 17:14:15.643 6875-6895/? W/ResourceType: ResTable_typeSpec entry count inconsistent: given 74, previously 76
2021-12-13 17:14:15.644 6875-7012/? W/fb4a.AppInitScheduler|Run:   Finished BlackBoxOnInitTrigger in 576ms
2021-12-13 17:14:15.646 6875-7065/? V/AospBugFixOpts: set AOSP bug fix jboolean EnableAospBugFixes: bugFixOpt -> enable = 0. Given 0
2021-12-13 17:14:15.651 6875-6895/? W/ResourceType: ResTable_typeSpec entry count inconsistent: given 74, previously 76
2021-12-13 17:14:15.656 6875-7063/? D/MuseumVerifier: Attempting verification for Art Jit with flag file: /data/user/0/com.facebook.katana/app_jitutils/ArtJitEnabledMMapFix_S2V13_AV800_VV4
2021-12-13 17:14:15.664 6875-7063/? D/MuseumVerifier: Parsed error [prior result: success] for Art Jit : No Error
2021-12-13 17:14:15.664 6875-7063/? D/MuseumVerifier: Skipping verification of Art Jit: Already succeeded previously
2021-12-13 17:14:15.673 6875-7063/? D/JitUtils: Art Jit supported on platform[verify malloc arena pool 0 mmap race fix: 1 UI Tid[0]: 0]: 1 suspend and resume supported: 0
2021-12-13 17:14:15.673 6875-7063/? D/JitUtils: Jit Utils was not successfully inited [jitutils: 0] [Can enable malloc pool: 0] Current jit state: Enabled
2021-12-13 17:14:15.690 6875-7006/? W/fb4a.QuickPerformanceLoggerModule: Provided QPL: 260135138
2021-12-13 17:14:15.690 6875-7006/? W/fb4a.AppInitScheduler|Run:   Finished StartupQPLInit in 2410ms
2021-12-13 17:14:15.691 6875-7006/? W/fb4a.AppInitScheduler|Run: Running CombinedLoggingInit
2021-12-13 17:14:15.692 6875-6997/? W/fb4a.AppInitScheduler|Run: Running ProfiloBridgeFactoryImpl
2021-12-13 17:14:15.692 6875-7013/? W/fb4a.AppInitScheduler|Run: Running ReliabilityUserPerceptibleScopeToQPL
2021-12-13 17:14:15.692 6875-6998/? W/fb4a.AppInitScheduler|Run: Running FunctionalReliabilityRingBufferInitializer
2021-12-13 17:14:15.692 6875-7012/? W/fb4a.AppInitScheduler|Run: Running StartupInfraPreloader
2021-12-13 17:14:15.694 6875-7006/? W/fb4a.AppInitScheduler|Run:   Finished CombinedLoggingInit in 2ms
2021-12-13 17:14:15.695 6875-6998/? W/fb4a.AppInitScheduler|Run:   Finished FunctionalReliabilityRingBufferInitializer in 3ms
2021-12-13 17:14:15.695 6875-6998/? W/fb4a.AppInitScheduler|Run: Running ZOptLoggingInitializer
2021-12-13 17:14:15.696 6875-7006/? W/fb4a.AppInitScheduler|Run: Running StartupQPLReplayer
2021-12-13 17:14:15.696 6875-7013/? W/fb4a.AppInitScheduler|Run:   Finished ReliabilityUserPerceptibleScopeToQPL in 4ms
2021-12-13 17:14:15.697 6875-6998/? W/fb4a.AppInitScheduler|Run:   Finished ZOptLoggingInitializer in 1ms
2021-12-13 17:14:15.699 6875-7012/? W/fb4a.AppInitScheduler|Run:   Finished StartupInfraPreloader in 7ms
2021-12-13 17:14:15.708 6875-6997/? W/fb4a.AppInitScheduler|Run:   Finished ProfiloBridgeFactoryImpl in 17ms
2021-12-13 17:14:15.718 6875-7006/? W/fb4a.AppInitScheduler|Run:   Finished StartupQPLReplayer in 23ms
2021-12-13 17:14:15.784 6328-7064/com.izwin.hotpot2 I/System.out: (HTTPLog)-Static: isSBSettingEnabled false
2021-12-13 17:14:15.785 6328-7064/com.izwin.hotpot2 I/System.out: (HTTPLog)-Static: isSBSettingEnabled false
2021-12-13 17:14:15.831 3668-5333/? D/AudioService: GetAppDevice, uid=10103
2021-12-13 17:14:15.831 3668-5333/? D/AudioService: getStreamVolume 3 index 20
2021-12-13 17:14:15.884 6875-6994/? W/fb4a.MobileConfigFactoryImpl: Invalid param type used for config: 607, param: 237
2021-12-13 17:14:15.885 3668-5627/? W/StorageManager: getStorageLowBytes lowPercent : 5, lowBytes : 1332166656, maxLowBytes : 524288000
2021-12-13 17:14:15.894 6875-7072/? W/fb4a.lacrima: Soft error detector missing: MobileConfigFactoryImpl: invalid specifier Invalid param type used for config: 607, param: 237, delaying
2021-12-13 17:14:15.898 3668-5333/? W/StorageManager: getStorageLowBytes lowPercent : 5, lowBytes : 1332166656, maxLowBytes : 524288000
2021-12-13 17:14:15.902 3668-5333/? W/StorageManager: getStorageLowBytes lowPercent : 5, lowBytes : 1332166656, maxLowBytes : 524288000
2021-12-13 17:14:15.907 3668-5638/? W/StorageManager: getStorageLowBytes lowPercent : 5, lowBytes : 1332166656, maxLowBytes : 524288000
2021-12-13 17:14:15.909 3668-5333/? I/ClientCertificateManagerService: ClientCertificateManager.isPremiumContainer() : false for user : 0
2021-12-13 17:14:15.941 6875-6999/? V/requestattribution: requestattribution/JNI_OnLoad called
2021-12-13 17:14:15.945 4841-4841/? D/io_stats: !@   8,0 r 6846628 263122880 w 2346996 53839840 d 322716 28259056 f 870312 861404 iot 6962550 6435036 th 307716 0 0 pt 0 inp 0 0 83200.559
2021-12-13 17:14:15.954 3307-9603/? V/APM_AudioPolicyManager: listAudioPorts() role 0 type 0 num_ports 0 ports 0xe9719700
2021-12-13 17:14:15.954 3307-9603/? V/APM_AudioPolicyManager: listAudioPorts() got 0 ports needed 10
2021-12-13 17:14:15.956 3307-9603/? V/APM_AudioPolicyManager: listAudioPorts() role 0 type 0 num_ports 10 ports 0xe7c87000
