2021-12-13 17:13:52.665 4175-4367/? D/NetworkController.MobileSignalController(0/-2): getMobileIconGroup(): 0
2021-12-13 17:13:53.021 6328-6730/com.izwin.hotpot2 I/System.out: (HTTPLog)-Static: isSBSettingEnabled false
2021-12-13 17:13:53.021 6328-6730/com.izwin.hotpot2 I/System.out: (HTTPLog)-Static: isSBSettingEnabled false
2021-12-13 17:13:53.036 6328-6712/com.izwin.hotpot2 I/ACodec:  [] Now uninitialized
2021-12-13 17:13:53.039 6328-6734/com.izwin.hotpot2 I/ACodec: [] onAllocateComponent
2021-12-13 17:13:53.041 6328-6734/com.izwin.hotpot2 I/OMXClient: Treble IOmx obtained
2021-12-13 17:13:53.043 3335-708/? I/OMXMaster: makeComponentInstance(OMX.Exynos.avc.dec) in omx@1.0-service process
2021-12-13 17:13:53.107 3335-708/? D/libexynosv4l2: try node: /dev/video6
2021-12-13 17:13:53.108 3335-708/? I/libexynosv4l2: node found for device s5p-mfc-dec: /dev/video6
2021-12-13 17:13:53.108 3335-708/? I/libexynosv4l2: open video device /dev/video6
2021-12-13 17:13:53.109 6328-6734/com.izwin.hotpot2 I/ACodec: [OMX.Exynos.avc.dec] Now Loaded
2021-12-13 17:13:53.112 6328-6712/com.izwin.hotpot2 V/Surface: sf_framedrop debug : 0x4f4c, game : false, logging : 0
2021-12-13 17:13:53.113 6328-6733/com.izwin.hotpot2 D/SurfaceUtils: connecting to surface 0x7580b95010, reason connectToSurface
2021-12-13 17:13:53.113 6328-6733/com.izwin.hotpot2 I/MediaCodec: [OMX.Exynos.avc.dec] setting surface generation to 6479887
2021-12-13 17:13:53.114 6328-6733/com.izwin.hotpot2 D/SurfaceUtils: disconnecting from surface 0x7580b95010, reason connectToSurface(reconnect)
2021-12-13 17:13:53.114 6328-6733/com.izwin.hotpot2 D/SurfaceUtils: connecting to surface 0x7580b95010, reason connectToSurface(reconnect)
2021-12-13 17:13:53.115 3326-689/? I/ResourceManagerService: ResourceManagerService checkCodecCapacity pid 6328 clientId 504744069376 useExtended 0 
2021-12-13 17:13:53.116 6328-6734/com.izwin.hotpot2 I/ACodec: can't find wfdsink-exynos-enable
2021-12-13 17:13:53.118 3335-708/? E/OMXNodeInstance: setConfig(0xd18c5420:Exynos.avc.dec, ConfigPriority(0x6f800002)) ERROR: UnsupportedIndex(0x8000101a)
2021-12-13 17:13:53.119 6328-6734/com.izwin.hotpot2 I/ACodec: codec does not support config priority (err -1010)
2021-12-13 17:13:53.122 3335-708/? E/OMXNodeInstance: getConfig(0xd18c5420:Exynos.avc.dec, ConfigCommonOutputCrop(0x700000f)) ERROR: NotReady(0x80001010)
2021-12-13 17:13:53.124 3335-6735/? I/EXYNOS_BASE_COMP: [0xd8f0f400][Exynos_OMX_ComponentStateSet] current:(OMX_StateLoaded) dest:(OMX_StateIdle)
2021-12-13 17:13:53.124 6328-6734/com.izwin.hotpot2 I/ACodec: [OMX.Exynos.avc.dec] Now Loaded->Idle
2021-12-13 17:13:53.125 3335-6735/? D/libexynosv4l2: try node: /dev/video6
2021-12-13 17:13:53.125 3335-6735/? I/libexynosv4l2: node found for device s5p-mfc-dec: /dev/video6
2021-12-13 17:13:53.125 3335-6735/? I/libexynosv4l2: open video device /dev/video6
2021-12-13 17:13:53.129 3182-3182/? W//system/bin/hw/android.hidl.allocator@1.0-service: ashmem_create_region(1572864) returning hidl_memory(0x70c982c530, 1572864)
2021-12-13 17:13:53.137 3182-3182/? I/chatty: uid=1000(system) allocator@1.0-s identical 3 lines
2021-12-13 17:13:53.140 3182-3182/? W//system/bin/hw/android.hidl.allocator@1.0-service: ashmem_create_region(1572864) returning hidl_memory(0x70c982c530, 1572864)
2021-12-13 17:13:53.142 6328-6734/com.izwin.hotpot2 D/SurfaceUtils: set up nativeWindow 0x7580b95010 for 576x874, color 0x121, rotation 0, usage 0x2900
2021-12-13 17:13:53.143 6328-6734/com.izwin.hotpot2 I/ACodec: [OMX.Exynos.avc.dec] configureOutputBuffersFromNativeWindow setBufferCount : 8, minUndequeuedBuffers : 4
2021-12-13 17:13:53.145 3335-6735/? I/EXYNOS_BASE_COMP: [0xd8f0f400][Exynos_OMX_EventHandler] OMX_EventCmdComplete(OMX_StateIdle)
2021-12-13 17:13:53.145 3335-6735/? I/EXYNOS_BASE_COMP: [0xd8f0f400][Exynos_OMX_ComponentStateSet] current:(OMX_StateIdle) dest:(OMX_StateExecuting)
2021-12-13 17:13:53.146 3335-6735/? I/EXYNOS_BASE_COMP: [0xd8f0f400][Exynos_OMX_ComponentStateSet] OMX_EventCmdComplete(OMX_StateExecuting)
2021-12-13 17:13:53.146 6328-6734/com.izwin.hotpot2 I/ACodec: [OMX.Exynos.avc.dec] Now Idle->Executing
2021-12-13 17:13:53.146 6328-6734/com.izwin.hotpot2 I/ACodec: [OMX.Exynos.avc.dec] Now Executing
2021-12-13 17:13:53.147 3326-689/? I/ResourceManagerService: addMediaInfo -(PID : 6328, clientID : 504744069376)
2021-12-13 17:13:53.147 3326-689/? I/ResourceManagerService: MediaInfo add 503424 (width 576 height 874) remained 13249152
2021-12-13 17:13:53.147 3326-689/? I/ResourceManagerService: getMediaResourceInfo resourceType : 2, size : 8
2021-12-13 17:13:53.147 3326-689/? I/ResourceManagerService: getMediaResourceInfo (PID : 6328, clientID : 505272259584, non-secure-codec/video-codec:1, 576x874(fps:30) - SoftCodec : No, Encorder : No)
2021-12-13 17:13:53.147 3326-689/? I/ResourceManagerService: getMediaResourceInfo (PID : 6328, clientID : 505272261888, non-secure-codec/video-codec:1, 576x874(fps:29) - SoftCodec : No, Encorder : No)
2021-12-13 17:13:53.147 3326-689/? I/ResourceManagerService: getMediaResourceInfo (PID : 6328, clientID : 505272262528, non-secure-codec/video-codec:1, 576x874(fps:23) - SoftCodec : No, Encorder : No)
2021-12-13 17:13:53.147 3326-689/? I/ResourceManagerService: getMediaResourceInfo (PID : 6328, clientID : 504962962560, non-secure-codec/video-codec:1, 576x874(fps:29) - SoftCodec : No, Encorder : No)
2021-12-13 17:13:53.147 3326-689/? I/ResourceManagerService: getMediaResourceInfo (PID : 6328, clientID : 504713750272, non-secure-codec/video-codec:1, 576x874(fps:29) - SoftCodec : No, Encorder : No)
2021-12-13 17:13:53.147 3326-689/? I/ResourceManagerService: getMediaResourceInfo (PID : 6328, clientID : 505264982528, non-secure-codec/video-codec:1, 720x1280(fps:29) - SoftCodec : No, Encorder : No)
2021-12-13 17:13:53.147 3326-689/? I/ResourceManagerService: getMediaResourceInfo (PID : 6328, clientID : 505671937856, non-secure-codec/video-codec:1, 576x874(fps:29) - SoftCodec : No, Encorder : No)
2021-12-13 17:13:53.147 3326-689/? I/ResourceManagerService: getMediaResourceInfo (PID : 6328, clientID : 504744069376, non-secure-codec/video-codec:1, 576x874(fps:30) - SoftCodec : No, Encorder : No)
2021-12-13 17:13:53.148 3668-4980/? V/ResourceManagerHelper-JNI: JNIMediaResourceHelper::notify eventType : 1, ext1 : 0, ext2 : 0
2021-12-13 17:13:53.148 3668-4980/? V/ResourceManagerHelper-JNI: notify eventType : 1, ext1 : 0, ext2 : 0
2021-12-13 17:13:53.148 3668-4980/? I/SemMediaResourceHelper: makeMediaResourceInfo mOwnResourceEventExcluded : false, mPid : 3668
2021-12-13 17:13:53.148 3668-4980/? I/SemMediaResourceHelper: [1] makeMediaResourceInfo resourceType : 2 isSecured : false, pid : 6328, client id : 505272259584
2021-12-13 17:13:53.149 3668-4980/? I/SemMediaResourceHelper: [2] makeMediaResourceInfo resourceType : 2 isSecured : false, pid : 6328, client id : 505272261888
2021-12-13 17:13:53.149 3668-4980/? I/SemMediaResourceHelper: [3] makeMediaResourceInfo resourceType : 2 isSecured : false, pid : 6328, client id : 505272262528
2021-12-13 17:13:53.149 3668-4980/? I/SemMediaResourceHelper: [4] makeMediaResourceInfo resourceType : 2 isSecured : false, pid : 6328, client id : 504962962560
2021-12-13 17:13:53.149 3668-4980/? I/SemMediaResourceHelper: [5] makeMediaResourceInfo resourceType : 2 isSecured : false, pid : 6328, client id : 504713750272
2021-12-13 17:13:53.149 3668-4980/? I/SemMediaResourceHelper: [6] makeMediaResourceInfo resourceType : 2 isSecured : false, pid : 6328, client id : 505264982528
2021-12-13 17:13:53.149 3668-4980/? I/SemMediaResourceHelper: [7] makeMediaResourceInfo resourceType : 2 isSecured : false, pid : 6328, client id : 505671937856
2021-12-13 17:13:53.149 3668-4980/? I/SemMediaResourceHelper: [8] makeMediaResourceInfo resourceType : 2 isSecured : false, pid : 6328, client id : 504744069376
2021-12-13 17:13:53.149 3668-13541/? I/SemMediaResourceHelper: onAdd
2021-12-13 17:13:53.150 3668-13541/? I/DrmMediaResourceHelper: onAdd size = 8
2021-12-13 17:13:53.152 3335-6740/? D/ExynosVideoDecoder: MFC_Decoder_ExtensionEnqueue_Inbuf: DATA with flags(0x20000000)
2021-12-13 17:13:53.159 6328-6712/com.izwin.hotpot2 I/ACodec:  [] Now uninitialized
2021-12-13 17:13:53.161 3335-6735/? I/EXYNOS_BASE_PORT: [0xd8f0f400][Exynos_OMX_PortDisableProcess] Before disabling output port, do flush
2021-12-13 17:13:53.161 3335-6735/? I/EXYNOS_BASE_PORT: [0xd8f0f400][Exynos_OMX_PortDisableProcess] Disable output Port
2021-12-13 17:13:53.161 6328-6741/com.izwin.hotpot2 I/ACodec: [] onAllocateComponent
2021-12-13 17:13:53.162 6328-6734/com.izwin.hotpot2 I/ACodec: [OMX.Exynos.avc.dec] Now handling output port settings change
2021-12-13 17:13:53.162 3335-6740/? D/ExynosVideoDecoder: MFC_Decoder_ExtensionEnqueue_Inbuf: DATA with flags(0x20000000)
2021-12-13 17:13:53.162 6328-6734/com.izwin.hotpot2 W/AHierarchicalStateMachine: Warning message AMessage(what = 'omxI') = {
      int32_t type = 0
      int32_t event = 3
      int32_t data1 = 1
      int32_t data2 = 117440527
    } unhandled in root state.
2021-12-13 17:13:53.163 6328-6741/com.izwin.hotpot2 I/OMXClient: Treble IOmx obtained
2021-12-13 17:13:53.163 3335-6740/? D/ExynosVideoDecoder: MFC_Decoder_ExtensionEnqueue_Inbuf: DATA with flags(0x20000000)
2021-12-13 17:13:53.164 3335-708/? I/OMXMaster: makeComponentInstance(OMX.google.aac.decoder) in omx@1.0-service process
2021-12-13 17:13:53.166 6328-6741/com.izwin.hotpot2 I/ACodec: [OMX.google.aac.decoder] Now Loaded
2021-12-13 17:13:53.167 3335-6735/? I/EXYNOS_BASE_PORT: [0xd8f0f400][Exynos_OMX_PortEnableProcess] Enable output Port
2021-12-13 17:13:53.168 6328-6734/com.izwin.hotpot2 D/SurfaceUtils: set up nativeWindow 0x7580b95010 for 576x880, color 0x121, rotation 0, usage 0x2900
2021-12-13 17:13:53.169 6328-6734/com.izwin.hotpot2 I/ACodec: [OMX.Exynos.avc.dec] configureOutputBuffersFromNativeWindow setBufferCount : 15, minUndequeuedBuffers : 4
2021-12-13 17:13:53.171 3335-28457/? E/OMXNodeInstance: setConfig(0xd18c54e0:google.aac.decoder, ConfigPriority(0x6f800002)) ERROR: Undefined(0x80001001)
2021-12-13 17:13:53.171 6328-6741/com.izwin.hotpot2 I/ACodec: codec does not support config priority (err -2147483648)
2021-12-13 17:13:53.171 3335-28457/? E/OMXNodeInstance: getConfig(0xd18c54e0:google.aac.decoder, ConfigAndroidVendorExtension(0x6f100004)) ERROR: Undefined(0x80001001)
2021-12-13 17:13:53.172 6328-6741/com.izwin.hotpot2 I/ACodec: [OMX.google.aac.decoder] Now Loaded->Idle
2021-12-13 17:13:53.172 3335-6735/? I/EXYNOS_BASE_COMP: [0xd8f0f400][Exynos_OMX_EventHandler] OMX_EventCmdComplete(Enable/output port)
2021-12-13 17:13:53.175 3182-3182/? W//system/bin/hw/android.hidl.allocator@1.0-service: ashmem_create_region(8192) returning hidl_memory(0x70c982c530, 8192)
2021-12-13 17:13:53.178 3182-3182/? I/chatty: uid=1000(system) allocator@1.0-s identical 2 lines
2021-12-13 17:13:53.179 3182-3182/? W//system/bin/hw/android.hidl.allocator@1.0-service: ashmem_create_region(8192) returning hidl_memory(0x70c982c530, 8192)
2021-12-13 17:13:53.182 3182-3182/? W//system/bin/hw/android.hidl.allocator@1.0-service: ashmem_create_region(32768) returning hidl_memory(0x70c982c530, 32768)
2021-12-13 17:13:53.183 3182-3182/? I/chatty: uid=1000(system) allocator@1.0-s identical 2 lines
2021-12-13 17:13:53.184 3182-3182/? W//system/bin/hw/android.hidl.allocator@1.0-service: ashmem_create_region(32768) returning hidl_memory(0x70c982c530, 32768)
2021-12-13 17:13:53.185 6328-6741/com.izwin.hotpot2 I/ACodec: [OMX.google.aac.decoder] Now Idle->Executing
2021-12-13 17:13:53.188 6328-6741/com.izwin.hotpot2 I/ACodec: [OMX.google.aac.decoder] Now Executing
2021-12-13 17:13:53.188 6328-6734/com.izwin.hotpot2 I/ACodec: [OMX.Exynos.avc.dec] Now Executing
2021-12-13 17:13:53.190 3335-6742/? I/SoftAAC2: Reconfiguring decoder: 0->44100 Hz, 0->2 channels
2021-12-13 17:13:53.191 6328-6741/com.izwin.hotpot2 I/ACodec: [OMX.google.aac.decoder] Now handling output port settings change
2021-12-13 17:13:53.196 3182-3182/? W//system/bin/hw/android.hidl.allocator@1.0-service: ashmem_create_region(32768) returning hidl_memory(0x70c982c530, 32768)
2021-12-13 17:13:53.197 3182-3182/? I/chatty: uid=1000(system) allocator@1.0-s identical 2 lines
2021-12-13 17:13:53.197 3182-3182/? W//system/bin/hw/android.hidl.allocator@1.0-service: ashmem_create_region(32768) returning hidl_memory(0x70c982c530, 32768)
2021-12-13 17:13:53.198 6328-6741/com.izwin.hotpot2 I/ACodec: [OMX.google.aac.decoder] Now Executing
2021-12-13 17:13:53.210 3307-9603/? V/APM_AudioPolicyManager: getOutput() device 2, stream 3, samplingRate 0, format 0, channelMask 3, flags 0
2021-12-13 17:13:53.211 3307-9603/? V/APM_AudioPolicyManager: selectOutput() commonFlags for output 13, 0000
2021-12-13 17:13:53.211 3307-9603/? V/APM_AudioPolicyManager: selectOutput() commonFlags for output 21, 0000
2021-12-13 17:13:53.211 3307-9603/? V/APM_AudioPolicyManager:   getOutputForDevice() returns output 13
2021-12-13 17:13:53.211 3307-9603/? V/APM_AudioPolicyManager: getOutput() device 2, stream 3, samplingRate 0, format 0, channelMask 3, flags 0
2021-12-13 17:13:53.211 3307-9603/? V/APM_AudioPolicyManager: selectOutput() commonFlags for output 13, 0000
2021-12-13 17:13:53.211 3307-9603/? V/APM_AudioPolicyManager: selectOutput() commonFlags for output 21, 0000
2021-12-13 17:13:53.211 3307-9603/? V/APM_AudioPolicyManager:   getOutputForDevice() returns output 13
2021-12-13 17:13:53.212 3307-3307/? V/APM_AudioPolicyManager: getOutput() device 2, stream 3, samplingRate 0, format 0, channelMask 3, flags 0
2021-12-13 17:13:53.212 3307-3307/? V/APM_AudioPolicyManager: selectOutput() commonFlags for output 13, 0000
2021-12-13 17:13:53.212 3307-3307/? V/APM_AudioPolicyManager: selectOutput() commonFlags for output 21, 0000
2021-12-13 17:13:53.212 3307-3307/? V/APM_AudioPolicyManager:   getOutputForDevice() returns output 13
2021-12-13 17:13:53.213 3307-3307/? V/APM_AudioPolicyManager: getOutputForAttr() usage=1, content=0, tag= flags=00000200 session 1593 selectedDeviceId 0
2021-12-13 17:13:53.213 3307-3307/? D/APM::SoundKitchen: getDevice, uid = 10476, device = 0
2021-12-13 17:13:53.214 3307-3307/? V/APM_AudioPolicyManager: getOutputForAttr() device 0x2, samplingRate 44100, format 1, channelMask 3, flags 8
2021-12-13 17:13:53.214 3307-3307/? V/APM_AudioPolicyManager: selectOutput() commonFlags for output 13, 0001
2021-12-13 17:13:53.214 3307-3307/? V/APM_AudioPolicyManager:   getOutputForDevice() returns output 13
2021-12-13 17:13:53.214 6507-6507/? D/SADVFSHelper: Either heavy-duty effect is Off or Music playback is not active
2021-12-13 17:13:53.215 6328-6712/com.izwin.hotpot2 D/AudioTrack: Client defaulted notificationFrames to 4725 for frameCount 14176
2021-12-13 17:13:53.222 3201-3201/? D/SurfaceFlinger:   Display[0] configurations (* current):
        * 0: 1440x2560, xdpi=537.882019, ydpi=532.982971, refresh=16949152
      numHwLayers=4, flags=00000000
        type   |  handle  | hint | flag | tr | blnd |   format    |     source crop (l,t,r,b)      |          frame         | name 
    -----------+----------+------+------+----+------+-------------+--------------------------------+------------------------+------
           HWC | 7555a2d3c0 | 0000 | 0020 | 00 | 0100 | ? 00000121  |    0.0,    0.0,  576.0,  874.0 |    0,   96, 1440, 2560 | SurfaceView - com.izwin.hotpot2/com.izwin.hotpot2.view.MainActivity@952dfd7@0#0
           HWC | 7555a2d180 | 0000 | 0000 | 00 | 0105 | RGBA_8888   |    0.0,    0.0, 1440.0, 2560.0 |    0,    0, 1440, 2560 | com.izwin.hotpot2/com.izwin.hotpot2.view.MainActivity#0
           HWC | 75516c0f00 | 0000 | 0000 | 00 | 0105 | RGBA_8888   |    0.0,    0.0, 1440.0,   96.0 |    0,    0, 1440,   96 | StatusBar#0
     FB TARGET | 75519f5e40 | 0000 | 0000 | 00 | 0105 | RGBA_8888   |    0.0,    0.0, 1440.0, 2560.0 |    0
2021-12-13 17:13:53.222 3201-3201/? D/SurfaceFlinger: ,    0, 1440, 2560 | HWC_FRAMEBUFFER_TARGET
2021-12-13 17:13:53.225 6328-6328/com.izwin.hotpot2 D/SurfaceView: BG show() Surface(name=Background for - SurfaceView - com.izwin.hotpot2/com.izwin.hotpot2.view.MainActivity@952dfd7@0) android.view.SurfaceView{952dfd7 V.E...... ......ID 0,0-1440,2185}
2021-12-13 17:13:53.235 6328-6328/com.izwin.hotpot2 D/SurfaceView: surfaceChanged (1440,2185) 1 android.view.SurfaceView{952dfd7 V.E...... ......ID 0,0-1440,2185}
2021-12-13 17:13:53.253 3668-4980/? V/WindowManager: Relayout Window{3868f41 u0 com.izwin.hotpot2/com.izwin.hotpot2.view.MainActivity}: viewVisibility=0 req=1440x2560 WM.LayoutParams{(0,0)(fillxfill) sim=#10 ty=1 fl=#81810100 pfl=0x20000 fmt=-3 wanim=0x10302fd vsysui=0x600 needsMenuKey=2 colorMode=0 naviIconColor=0}
2021-12-13 17:13:53.254 6328-6712/com.izwin.hotpot2 I/AudioTrack: This process already got info. FadeIn[0] FadeOut[0] FadeInRing[0]
2021-12-13 17:13:53.254 3307-3307/? W/AudioPolicyIntefaceImpl: Skipped to add effects on session 1593
2021-12-13 17:13:53.254 3307-3307/? V/APM_AudioPolicyManager: startOutput() output 13, stream 3, session 1593
2021-12-13 17:13:53.254 3307-3307/? D/APM::SoundKitchen: getDevice, uid = 10476, device = 0
2021-12-13 17:13:53.254 3307-3307/? D/APM_AudioPolicyManager: newDevice=0
2021-12-13 17:13:53.254 3307-3307/? V/APM_AudioPolicyManager: setBeaconMute(1) mBeaconMuteRefCount=1 mBeaconPlayingRefCount=0
2021-12-13 17:13:53.254 3307-3307/? V/APM_AudioPolicyManager: selectOutputForMusicEffects activeOnly 1 outputs[0] flags 0x0000000a
2021-12-13 17:13:53.254 3307-3307/? V/APM_AudioPolicyManager: selectOutputForMusicEffects selected output 13
2021-12-13 17:13:53.254 3307-3307/? V/APM_AudioPolicyManager: getNewOutputDevice() selected device 2
2021-12-13 17:13:53.254 3307-3307/? V/APM_AudioPolicyManager: setOutputDevice() device 0002 delayMs 0
2021-12-13 17:13:53.254 3307-3307/? V/APM_AudioPolicyManager: setOutputDevice() prevDevice 0x0002
2021-12-13 17:13:53.255 3307-3307/? V/APM_AudioPolicyManager: setOutputDevice() setting same device 0x0002 or null device
2021-12-13 17:13:53.255 3307-3307/? I/AudioEffectStage: getStageIndex primary_output_sub1_normal
2021-12-13 17:13:53.255 3307-3307/? I/AudioFlinger: updateStageIndex prev 0, new -1305
2021-12-13 17:13:53.255 3307-3307/? I/AudioEffectStage: getSinkBuffer primary_output_sub1_normal
2021-12-13 17:13:53.255 3668-5321/? D/AudioPlaybackMonitor: Found a new active media playback. ID:1103 -- type:android.media.AudioTrack -- u/pid:10476/6328 -- state:started -- attr:AudioAttributes: usage=1 content=0 flags=0x200 tags= bundle=null
2021-12-13 17:13:53.255 3668-5321/? D/MediaSessionStack: updateMediaButtonSessionIfNeeded, callers=com.android.server.media.MediaSessionService$1.onAudioPlaybackStarted:189 com.android.server.media.AudioPlaybackMonitor.dispatchPlaybackConfigChange:127 
2021-12-13 17:13:53.257 3307-3646/? I/AudioMixer: create resampler src 44100, 2, dst 48000, 2, q 8
2021-12-13 17:13:53.258 3307-3646/? D/SoundAliveResampler: [SoundAliveResampler] Init+++
2021-12-13 17:13:53.260 6328-6745/com.izwin.hotpot2 I/System.out: (HTTPLog)-Static: isSBSettingEnabled false
2021-12-13 17:13:53.260 6328-6745/com.izwin.hotpot2 I/System.out: (HTTPLog)-Static: isSBSettingEnabled false
2021-12-13 17:13:53.262 6328-6328/com.izwin.hotpot2 D/ViewRootImpl@c021a16[MainActivity]: Relayout returned: old=[0,0][1440,2560] new=[0,0][1440,2560] result=0x1 surface={valid=true 505288982528} changed=false
2021-12-13 17:13:53.609 6328-6745/com.izwin.hotpot2 I/System.out: (HTTPLog)-Static: isSBSettingEnabled false
2021-12-13 17:13:53.609 6328-6745/com.izwin.hotpot2 I/System.out: (HTTPLog)-Static: isSBSettingEnabled false
2021-12-13 17:13:53.612 3327-3600/? D/DnsProxyListener: DNSDBG::dns addrinfo af 0
2021-12-13 17:13:53.629 3192-3192/? I/android.hardware.wifi@1.0-service: getLinkLayerStats
2021-12-13 17:13:53.682 12567-12621/? D/ScanRecord: Not a Multi Manu data
2021-12-13 17:13:53.682 12567-12621/? I/chatty: uid=1002(bluetooth) BT Service Call identical 11 lines
2021-12-13 17:13:53.682 12567-12621/? D/ScanRecord: Not a Multi Manu data
2021-12-13 17:13:53.682 12567-12621/? D/BtGatt.GattService: onScanResult to scannerId: 5- event_type=0x10, address_type=0, address=6C:2, primary_phy=1, secondary_phy=0, advertising_sid=0xff, tx_power=127, rssi=-101, periodic_adv_int=0x0
2021-12-13 17:13:53.684 11518-12287/? D/ScanRecord: Not a Multi Manu data
2021-12-13 17:13:53.695 11518-12287/? I/[+3]oneconnect[1.7.70.21_01][CORE]: BleParserForVD.parseTvPacket - [Name]null[DeviceType]TV[Discover]_BLE[Services]None[Connected]false[TvStatus]-128[TvService]-82[TvMirrorChannel]1[TvRegisteredDB][0, 0, 0, 0, 0, 0][TvYear]2015[TvOcfInfo]0[TvAcmStatus]0[ExTvStatus]0
2021-12-13 17:13:53.705 3668-4297/? E/Watchdog: !@Sync 2769 [2021-12-13 17:13:53.705]
2021-12-13 17:13:53.740 6328-6747/com.izwin.hotpot2 I/System.out: (HTTPLog)-Static: isSBSettingEnabled false
2021-12-13 17:13:53.828 3668-4980/? D/BatteryService: !@BatteryListener : batteryPropertiesChanged!
2021-12-13 17:13:53.829 3668-4980/? D/BatteryService: level:65, scale:100, status:2, health:2, present:true, voltage: 3917, temperature: 315, technology: Li-ion, AC powered:false, USB powered:true, POGO powered:false, Wireless powered:false, icon:17303851, invalid charger:0, maxChargingCurrent:0, maxChargingVoltage:0, chargeCounter:0
2021-12-13 17:13:53.829 3668-4980/? D/BatteryService: online:4, current avg:63, charge type:1, power sharing:false, high voltage charger:false, capacity:280000, batterySWSelfDischarging:false, misc_event:131072, current_event:0, current_now:-39
2021-12-13 17:13:53.829 3668-3668/? D/BatteryService: Sending ACTION_BATTERY_CHANGED.
2021-12-13 17:13:53.834 3668-3668/? I/MotionRecognitionService: Plugged
2021-12-13 17:13:53.834 3668-3668/? D/MotionRecognitionService:   mCableConnection= 1
2021-12-13 17:13:53.834 3668-3668/? D/MotionRecognitionService: setPowerConnected : mGripEnabled = false
2021-12-13 17:13:53.834 3668-3668/? D/SamsungPhoneWindowManager: ACTION_BATTERY_CHANGED - Level :: 65, battStatus :: 2
2021-12-13 17:13:53.836 3668-3717/? D/UsbDeviceManager: handleMessage -> MSG_UPDATE_CHARGING_STATE = 1
2021-12-13 17:13:53.839 4175-4175/? D/KeyguardUpdateMonitor: received broadcast android.intent.action.BATTERY_CHANGED
2021-12-13 17:13:53.841 4175-4175/? D/BatteryController: onReceive-ACTION_BATTERY_CHANGED : mLevel=65, mBatteryStatus=2
2021-12-13 17:13:53.845 4175-4175/? D/PowerUI: priorPlugType = 2 mPlugType =  2
2021-12-13 17:13:53.846 4175-4175/? D/PowerUI.Notification: showChargingNotice oldChargingType : 1 currentChargingType : 1 oldChargingTime : 9384000 mChargingTime : 9384000
2021-12-13 17:13:53.847 4175-4175/? D/PowerUI.Notification: There is no change about charging status, so return!
2021-12-13 17:13:53.978 6328-6747/com.izwin.hotpot2 I/System.out: (HTTPLog)-Static: isSBSettingEnabled false
2021-12-13 17:13:53.978 6328-6747/com.izwin.hotpot2 I/System.out: (HTTPLog)-Static: isSBSettingEnabled false
2021-12-13 17:13:54.091 6328-6745/com.izwin.hotpot2 I/System.out: (HTTPLog)-Static: isSBSettingEnabled false
2021-12-13 17:13:54.279 3668-3668/? D/CustomFrequencyManagerService: releaseDVFSLockLocked : Getting Lock type frm List : DVFS_MIN_LIMIT  frequency : 832000  uid : 1000  pid : 3668  tag : GESTURE_DETECTED@CPU_MIN@48
2021-12-13 17:13:54.413 3668-3824/? D/InputReader: Input event(3): value=1 when=83179026639000
2021-12-13 17:13:54.413 3668-3824/? D/InputReader: Input event(3): value=1 when=83179026639000
2021-12-13 17:13:54.413 3668-3824/? I/InputReader: Touch event's action is 0x0 (deviceType=0) [pCnt=1, s=0.505 ] when=83179026639000
2021-12-13 17:13:54.414 3668-3823/? I/InputDispatcher: Delivering touch to (4175): action: 0x4, toolType: 1
2021-12-13 17:13:54.414 3668-3823/? I/InputDispatcher: Delivering touch to (6328): action: 0x0, toolType: 1
2021-12-13 17:13:54.415 6328-6328/com.izwin.hotpot2 D/ViewRootImpl@c021a16[MainActivity]: ViewPostIme pointer 0
2021-12-13 17:13:54.469 3668-3824/? D/InputReader: Input event(3): value=0 when=83179083116000
2021-12-13 17:13:54.469 3668-3824/? D/InputReader: Input event(3): value=0 when=83179083116000
2021-12-13 17:13:54.469 3668-3824/? I/InputReader: Touch event's action is 0x1 (deviceType=0) [pCnt=1, s=] when=83179083116000
2021-12-13 17:13:54.469 3668-3823/? I/InputDispatcher: Delivering touch to (6328): action: 0x1, toolType: 1
2021-12-13 17:13:54.470 6328-6328/com.izwin.hotpot2 D/ViewRootImpl@c021a16[MainActivity]: ViewPostIme pointer 1
2021-12-13 17:13:54.517 3307-3646/? I/AudioSAEffectSecPlus: command EFFECT_CMD_SET_VOLUME left = 0.000000, right =0.000000
2021-12-13 17:13:54.517 3307-3646/? I/SoundBoosterEffectPlus: SB_setVolume(0xe9728540)
2021-12-13 17:13:54.517 3307-3646/? I/SoundBoosterEffectPlus: command EFFECT_CMD_SET_VOLUME left = 0.000000, right =0.000000
2021-12-13 17:13:54.518 3307-3646/? I/SoundAlive_PrePost: [ -378454144 ][ 48000 ]Exe_Pre() mRequiredPreVolume is changed - dB : -100.000000  mRequiredPreVolume : -10.000000
2021-12-13 17:13:54.518 3307-3646/? I/SoundAlive_PrePost: [ -378454144 ][ 48000 ]Exe_Pre() mRequiredPreGain is changed - dB : -100.000000  mRequiredPreGain : 0.000000
2021-12-13 17:13:54.518 3307-3646/? I/SoundAlive_PrePost: [ -378454144 ][ 48000 ]Exe_Post() mRequiredPostVolume is changed - dB : -100.000000  mRequiredPostVolume : -100.000000
2021-12-13 17:13:54.518 3307-3646/? I/SoundAlive_PrePost: [ -378454144 ][ 48000 ]Exe_Post() mRequiredPostGain is changed - dB : -100.000000  mRequiredPostGain : 0.000000
2021-12-13 17:13:54.538 3307-3646/? I/AudioSAEffectSecPlus: command EFFECT_CMD_SET_VOLUME left = 0.013916, right =0.013916
2021-12-13 17:13:54.538 3307-3646/? I/SoundBoosterEffectPlus: SB_setVolume(0xe9728540)
2021-12-13 17:13:54.538 3307-3646/? I/SoundBoosterEffectPlus: command EFFECT_CMD_SET_VOLUME left = 0.013916, right =0.013916
2021-12-13 17:13:54.549 3307-3646/? I/SoundAlive_Interface: [ -378454144 ][ 48000 ]FlushBuffers()
2021-12-13 17:13:54.549 3307-3646/? I/SoundAlive_Core: [ -378454144 ][ 48000 ](interface-API)FlushBuffers()
2021-12-13 17:13:54.549 3307-3646/? D/SoundAlive_Core: [ -378454144 ][ 48000 ](internal-API)ReOpen( ConfigMode : 1 )
2021-12-13 17:13:54.549 3307-3646/? I/SoundAlive_Effect: [ -378454144 ][ 48000 ]Init() nch : 2  bitdepth : 0 
2021-12-13 17:13:54.549 3307-3646/? I/SoundAlive_Effect: [ -378454144 ][ 48000 ]SamplingRateConfig() SamplingRate : 48000
2021-12-13 17:13:54.549 3307-3646/? I/SoundAlive_Effect: [ -378454144 ][ 48000 ]OutDevConfig() OutDevConfig : 1
2021-12-13 17:13:54.549 3307-3646/? D/SoundAlive_Core: [ -378454144 ][ 48000 ](internal-API)Set_Current_Effect_Configuration( ConfigMode : 1 )
2021-12-13 17:13:54.549 3307-3646/? I/SoundAlive_Effect: [ -378454144 ][ 48000 ]Set_Preset() : 0
2021-12-13 17:13:54.549 3307-3646/? I/SoundAlive_Effect: [ -378454144 ][ 48000 ]Set_User_BWE() 0
2021-12-13 17:13:54.549 3307-3646/? I/SoundAlive_Effect: [ -378454144 ][ 48000 ]Set_User_CH() : 0
2021-12-13 17:13:54.549 3307-3646/? I/SoundAlive_Effect: [ -378454144 ][ 48000 ]Set_SquareUI() : 4 , 4
2021-12-13 17:13:54.549 3307-3646/? I/SoundAlive_Effect: [ -378454144 ][ 48000 ]Set_User_3D() : 0
2021-12-13 17:13:54.549 3307-3646/? I/SoundAlive_Effect: [ -378454144 ][ 48000 ]Set_User_BE() : 0
2021-12-13 17:13:54.566 6328-6747/com.izwin.hotpot2 I/System.out: (HTTPLog)-Static: isSBSettingEnabled false
2021-12-13 17:13:54.567 3307-3646/? I/SoundAlive_PrePost: [ -378454144 ][ 48000 ]Exe_Pre() mRequiredPreVolume is changed - dB : -37.123463  mRequiredPreVolume : -10.123463
2021-12-13 17:13:54.568 3307-3646/? I/SoundAlive_PrePost: [ -378454144 ][ 48000 ]Exe_Post() mRequiredPostVolume is changed - dB : -37.123463  mRequiredPostVolume : -27.000000
2021-12-13 17:13:54.568 6328-6747/com.izwin.hotpot2 I/System.out: (HTTPLog)-Static: isSBSettingEnabled false
2021-12-13 17:13:54.588 3307-3646/? I/SoundAlive_PrePost: [ -378454144 ][ 48000 ]Exe_Pre() mRequiredPreGain is changed - dB : -37.123463  mRequiredPreGain : 0.000000
2021-12-13 17:13:54.588 3307-3646/? I/SoundAlive_PrePost: [ -378454144 ][ 48000 ]Exe_Post() mRequiredPostGain is changed - dB : -37.123463  mRequiredPostGain : 0.000000
2021-12-13 17:13:54.688 3307-3646/? I/SoundAlive_Interface: [ -378454144 ][ 48000 ]FlushBuffers()
2021-12-13 17:13:54.688 3307-3646/? I/SoundAlive_Core: [ -378454144 ][ 48000 ](interface-API)FlushBuffers()
2021-12-13 17:13:54.688 3307-3646/? D/SoundAlive_Core: [ -378454144 ][ 48000 ](internal-API)ReOpen( ConfigMode : 1 )
2021-12-13 17:13:54.688 3307-3646/? I/SoundAlive_Effect: [ -378454144 ][ 48000 ]Init() nch : 2  bitdepth : 0 
2021-12-13 17:13:54.688 3307-3646/? I/SoundAlive_Effect: [ -378454144 ][ 48000 ]SamplingRateConfig() SamplingRate : 48000
2021-12-13 17:13:54.688 3307-3646/? I/SoundAlive_Effect: [ -378454144 ][ 48000 ]OutDevConfig() OutDevConfig : 1
2021-12-13 17:13:54.688 3307-3646/? D/SoundAlive_Core: [ -378454144 ][ 48000 ](internal-API)Set_Current_Effect_Configuration( ConfigMode : 1 )
2021-12-13 17:13:54.688 3307-3646/? I/SoundAlive_Effect: [ -378454144 ][ 48000 ]Set_Preset() : 0
2021-12-13 17:13:54.688 3307-3646/? I/SoundAlive_Effect: [ -378454144 ][ 48000 ]Set_User_BWE() 0
2021-12-13 17:13:54.688 3307-3646/? I/SoundAlive_Effect: [ -378454144 ][ 48000 ]Set_User_CH() : 0
2021-12-13 17:13:54.688 3307-3646/? I/SoundAlive_Effect: [ -378454144 ][ 48000 ]Set_SquareUI() : 4 , 4
2021-12-13 17:13:54.688 3307-3646/? I/SoundAlive_Effect: [ -378454144 ][ 48000 ]Set_User_3D() : 0
2021-12-13 17:13:54.688 3307-3646/? I/SoundAlive_Effect: [ -378454144 ][ 48000 ]Set_User_BE() : 0
2021-12-13 17:13:54.688 3307-3646/? I/SoundBoosterEffectPlus: SB_reset SoundBooster sessionId(-1305)
2021-12-13 17:13:54.688 3307-3646/? I/SoundBooster7: BuffClear()
2021-12-13 17:13:54.697 3307-3486/? V/APM_AudioPolicyManager: stopOutput() output 13, stream 3, session 1593
2021-12-13 17:13:54.697 3307-3486/? V/APM_AudioPolicyManager: setBeaconMute(1) mBeaconMuteRefCount=0 mBeaconPlayingRefCount=0
2021-12-13 17:13:54.697 3307-3486/? V/APM_AudioPolicyManager: getNewOutputDevice() selected device 0
2021-12-13 17:13:54.697 3307-3486/? V/APM_AudioPolicyManager: setOutputDevice() device 0000 delayMs 160
2021-12-13 17:13:54.697 3307-3486/? V/APM_AudioPolicyManager: setOutputDevice() prevDevice 0x0002
2021-12-13 17:13:54.697 3307-3486/? V/APM_AudioPolicyManager: setOutputDevice() setting same device 0x0000 or null device
2021-12-13 17:13:54.697 3307-3486/? V/APM_AudioPolicyManager: selectOutputForMusicEffects selected output 13
2021-12-13 17:13:55.270 6328-6749/com.izwin.hotpot2 I/System.out: (HTTPLog)-Static: isSBSettingEnabled false
2021-12-13 17:13:55.270 6328-6749/com.izwin.hotpot2 I/System.out: (HTTPLog)-Static: isSBSettingEnabled false
2021-12-13 17:13:55.318 3668-3824/? D/InputReader: Input event(3): value=1 when=83179931497000
2021-12-13 17:13:55.318 3668-3824/? D/InputReader: Input event(3): value=1 when=83179931497000
2021-12-13 17:13:55.318 3668-3824/? I/InputReader: Touch event's action is 0x0 (deviceType=0) [pCnt=1, s=0.506 ] when=83179931497000
2021-12-13 17:13:55.319 3668-3823/? I/InputDispatcher: Delivering touch to (4175): action: 0x4, toolType: 1
2021-12-13 17:13:55.319 3668-3823/? I/InputDispatcher: Delivering touch to (6328): action: 0x0, toolType: 1
2021-12-13 17:13:55.320 6328-6328/com.izwin.hotpot2 D/ViewRootImpl@c021a16[MainActivity]: ViewPostIme pointer 0
2021-12-13 17:13:55.320 3668-3823/? D/PowerManagerService: [api] userActivityFromNative : 240 (event: 2 flags: 0) eventTime = 83179931
2021-12-13 17:13:55.374 3668-3824/? D/InputReader: Input event(3): value=0 when=83179988423000
2021-12-13 17:13:55.375 3668-3824/? D/InputReader: Input event(3): value=0 when=83179988423000
2021-12-13 17:13:55.375 3668-3824/? I/InputReader: Touch event's action is 0x1 (deviceType=0) [pCnt=1, s=] when=83179988423000
2021-12-13 17:13:55.375 3668-3823/? I/InputDispatcher: Delivering touch to (6328): action: 0x1, toolType: 1
2021-12-13 17:13:55.375 6328-6328/com.izwin.hotpot2 D/ViewRootImpl@c021a16[MainActivity]: ViewPostIme pointer 1
2021-12-13 17:13:55.380 3307-3307/? W/AudioPolicyIntefaceImpl: Skipped to add effects on session 1593
2021-12-13 17:13:55.380 3668-4980/? D/AudioPlaybackMonitor: Found a new active media playback. ID:1103 -- type:android.media.AudioTrack -- u/pid:10476/6328 -- state:started -- attr:AudioAttributes: usage=1 content=0 flags=0x200 tags= bundle=null
2021-12-13 17:13:55.380 3307-3307/? V/APM_AudioPolicyManager: startOutput() output 13, stream 3, session 1593
2021-12-13 17:13:55.380 3307-3307/? D/APM::SoundKitchen: getDevice, uid = 10476, device = 0
2021-12-13 17:13:55.380 3307-3307/? D/APM_AudioPolicyManager: newDevice=0
2021-12-13 17:13:55.380 3307-3307/? V/APM_AudioPolicyManager: setBeaconMute(1) mBeaconMuteRefCount=1 mBeaconPlayingRefCount=0
2021-12-13 17:13:55.380 3668-4980/? D/MediaSessionStack: updateMediaButtonSessionIfNeeded, callers=com.android.server.media.MediaSessionService$1.onAudioPlaybackStarted:189 com.android.server.media.AudioPlaybackMonitor.dispatchPlaybackConfigChange:127 
2021-12-13 17:13:55.380 3307-3307/? V/APM_AudioPolicyManager: selectOutputForMusicEffects activeOnly 1 outputs[0] flags 0x0000000a
2021-12-13 17:13:55.380 3307-3307/? V/APM_AudioPolicyManager: selectOutputForMusicEffects selected output 13
2021-12-13 17:13:55.380 3307-3307/? V/APM_AudioPolicyManager: getNewOutputDevice() selected device 2
2021-12-13 17:13:55.381 3307-3307/? V/APM_AudioPolicyManager: setOutputDevice() device 0002 delayMs 0
2021-12-13 17:13:55.381 3307-3307/? V/APM_AudioPolicyManager: setOutputDevice() prevDevice 0x0002
2021-12-13 17:13:55.381 3307-3307/? V/APM_AudioPolicyManager: setOutputDevice() setting same device 0x0002 or null device
2021-12-13 17:13:55.381 3307-3307/? I/AudioEffectStage: getStageIndex primary_output_sub1_normal
2021-12-13 17:13:55.381 3307-3307/? I/AudioFlinger: updateStageIndex prev 0, new -1305
2021-12-13 17:13:55.381 3307-3307/? I/AudioEffectStage: getSinkBuffer primary_output_sub1_normal
2021-12-13 17:13:55.417 3307-3646/? D/SoundAliveResampler: [SoundAliveResampler] Init+++
2021-12-13 17:13:55.550 6328-6749/com.izwin.hotpot2 I/System.out: (HTTPLog)-Static: isSBSettingEnabled false
2021-12-13 17:13:55.935 4841-4841/? D/io_stats: !@   8,0 r 6844341 263060512 w 2346583 53834792 d 322695 28258200 f 870134 861226 iot 6960990 6433652 th 343072 0 0 pt 0 inp 0 0 83180.546
2021-12-13 17:13:55.944 3668-10475/? D/SSRM:b: SIOP:: AP = 380, PST = 398 (W:6), BAT = 315, CHG = 360, CP = 317
2021-12-13 17:13:56.042 6328-6749/com.izwin.hotpot2 I/chatty: uid=10476(u0_a476) ExoPlayer:Loade identical 2 lines
2021-12-13 17:13:56.042 6328-6749/com.izwin.hotpot2 I/System.out: (HTTPLog)-Static: isSBSettingEnabled false
2021-12-13 17:13:56.112 3668-3824/? D/InputReader: Input event(3): value=1 when=83180725989000
2021-12-13 17:13:56.112 3668-3824/? D/InputReader: Input event(3): value=1 when=83180725989000
2021-12-13 17:13:56.112 3668-3824/? I/InputReader: Touch event's action is 0x0 (deviceType=0) [pCnt=1, s=0.507 ] when=83180725989000
2021-12-13 17:13:56.113 3668-3823/? I/InputDispatcher: Delivering touch to (4175): action: 0x4, toolType: 1
2021-12-13 17:13:56.113 3668-3823/? I/InputDispatcher: Delivering touch to (6328): action: 0x0, toolType: 1
2021-12-13 17:13:56.114 6328-6328/com.izwin.hotpot2 D/ViewRootImpl@c021a16[MainActivity]: ViewPostIme pointer 0
2021-12-13 17:13:56.206 6328-6750/com.izwin.hotpot2 I/System.out: (HTTPLog)-Static: isSBSettingEnabled false
2021-12-13 17:13:56.207 6328-6750/com.izwin.hotpot2 I/System.out: (HTTPLog)-Static: isSBSettingEnabled false
2021-12-13 17:13:56.219 3668-3824/? D/InputReader: Input event(3): value=0 when=83180832966000
2021-12-13 17:13:56.219 3668-3824/? D/InputReader: Input event(3): value=0 when=83180832966000
2021-12-13 17:13:56.219 3668-3824/? I/InputReader: Touch event's action is 0x1 (deviceType=0) [pCnt=1, s=] when=83180832966000
2021-12-13 17:13:56.220 3668-3823/? I/InputDispatcher: Delivering touch to (6328): action: 0x1, toolType: 1
2021-12-13 17:13:56.222 3668-10475/? D/CustomFrequencyManagerService: acquireDVFSLockLocked : type : DVFS_MIN_LIMIT  frequency : 832000  uid : 1000  pid : 3668  pkgName : GESTURE_DETECTED@CPU_MIN@48
2021-12-13 17:13:56.223 6328-6328/com.izwin.hotpot2 D/ViewRootImpl@c021a16[MainActivity]: ViewPostIme pointer 1
2021-12-13 17:13:56.226 3201-3201/? I/SurfaceFlinger: id=639 createSurf (1440x2464),4 flag=404, SurfaceView - com.izwin.hotpot2/com.izwin.hotpot2.view.MainActivity@3daba26@0#0
2021-12-13 17:13:56.228 3201-3201/? I/SurfaceFlinger: id=640 createSurf (1440x2464),-1 flag=20404, Background for - SurfaceView - com.izwin.hotpot2/com.izwin.hotpot2.view.MainActivity@3daba26@0#0
2021-12-13 17:13:56.229 6328-6328/com.izwin.hotpot2 D/SurfaceView: BG show() Surface(name=Background for - SurfaceView - com.izwin.hotpot2/com.izwin.hotpot2.view.MainActivity@3daba26@0) android.view.SurfaceView{3daba26 V.E...... ......ID 0,0-1440,2464}
2021-12-13 17:13:56.231 6328-6328/com.izwin.hotpot2 V/Surface: sf_framedrop debug : 0x4f4c, game : false, logging : 0
2021-12-13 17:13:56.232 6328-6328/com.izwin.hotpot2 D/SurfaceView: surfaceCreated 1 android.view.SurfaceView{3daba26 V.E...... ......ID 0,0-1440,2464}
2021-12-13 17:13:56.232 6328-6328/com.izwin.hotpot2 D/SurfaceView: surfaceChanged (1440,2464) 1 android.view.SurfaceView{3daba26 V.E...... ......ID 0,0-1440,2464}
2021-12-13 17:13:56.237 3201-3201/? D/SurfaceFlinger:   Display[0] configurations (* current):
        * 0: 1440x2560, xdpi=537.882019, ydpi=532.982971, refresh=16949152
      numHwLayers=5, flags=00000000
        type   |  handle  | hint | flag | tr | blnd |   format    |     source crop (l,t,r,b)      |          frame         | name 
    -----------+----------+------+------+----+------+-------------+--------------------------------+------------------------+------
          GLES | 00000000 | 0000 | 0220 | 00 | 0105 | ? ffffffff  |    0.0,    0.0,   -1.0,   -0.2 |    0, 2147, 1440, 2560 | Background for - SurfaceView - com.izwin.hotpot2/com.izwin.hotpot2.view.MainActivity@3daba26@0#0
           HWC | 754d3af680 | 0000 | 0020 | 00 | 0100 | ? 00000121  |    0.0,    0.0,  576.0,  874.0 |    0,  235, 1440, 2420 | SurfaceView - com.izwin.hotpot2/com.izwin.hotpot2.view.MainActivity@952dfd7@0#0
           HWC | 7555a2d180 | 0000 | 0000 | 00 | 0105 | RGBA_8888   |    0.0,    0.0, 1440.0, 2560.0 |    0,    0, 1440, 2560 | com.izwin.hotpot2/com.izwin.hotpot2.view.MainActivity#0
           HWC | 75516c0
2021-12-13 17:13:56.237 3201-3201/? D/SurfaceFlinger: f00 | 0000 | 0000 | 00 | 0105 | RGBA_8888   |    0.0,    0.0, 1440.0,   96.0 |    0,    0, 1440,   96 | StatusBar#0
     FB TARGET | 75519f5d80 | 0000 | 0000 | 00 | 0105 | RGBA_8888   |    0.0,    0.0, 1440.0, 2560.0 |    0,    0, 1440, 2560 | HWC_FRAMEBUFFER_TARGET
2021-12-13 17:13:56.240 6328-6328/com.izwin.hotpot2 D/RecView: Position change 8
2021-12-13 17:13:56.255 6328-6328/com.izwin.hotpot2 D/RecView: Last is 6852454206125772038
2021-12-13 17:13:56.257 6328-6328/com.izwin.hotpot2 D/RecView: Stop 7
2021-12-13 17:13:56.258 6328-6328/com.izwin.hotpot2 D/RecView: Play 8 
2021-12-13 17:13:56.263 3668-5321/? V/WindowManager: Relayout Window{3868f41 u0 com.izwin.hotpot2/com.izwin.hotpot2.view.MainActivity}: viewVisibility=0 req=1440x2560 WM.LayoutParams{(0,0)(fillxfill) sim=#10 ty=1 fl=#81810100 pfl=0x20000 fmt=-3 wanim=0x10302fd vsysui=0x600 needsMenuKey=2 colorMode=0 naviIconColor=0}
2021-12-13 17:13:56.266 6328-6751/com.izwin.hotpot2 I/System.out: (HTTPLog)-Static: isSBSettingEnabled false
2021-12-13 17:13:56.266 6328-6751/com.izwin.hotpot2 I/System.out: (HTTPLog)-Static: isSBSettingEnabled false
2021-12-13 17:13:56.269 3327-3600/? D/DnsProxyListener: DNSDBG::dns addrinfo af 0
2021-12-13 17:13:56.271 6328-6328/com.izwin.hotpot2 D/ViewRootImpl@c021a16[MainActivity]: Relayout returned: old=[0,0][1440,2560] new=[0,0][1440,2560] result=0x1 surface={valid=true 505288982528} changed=false
2021-12-13 17:13:56.277 3307-3646/? I/AudioSAEffectSecPlus: command EFFECT_CMD_SET_VOLUME left = 0.000000, right =0.000000
2021-12-13 17:13:56.277 3307-3646/? I/SoundBoosterEffectPlus: SB_setVolume(0xe9728540)
2021-12-13 17:13:56.277 3307-3646/? I/SoundBoosterEffectPlus: command EFFECT_CMD_SET_VOLUME left = 0.000000, right =0.000000
2021-12-13 17:13:56.278 3307-3646/? I/SoundAlive_PrePost: [ -378454144 ][ 48000 ]Exe_Pre() mRequiredPreVolume is changed - dB : -100.000000  mRequiredPreVolume : -10.000000
2021-12-13 17:13:56.278 3307-3646/? I/SoundAlive_PrePost: [ -378454144 ][ 48000 ]Exe_Pre() mRequiredPreGain is changed - dB : -100.000000  mRequiredPreGain : 0.000000
2021-12-13 17:13:56.278 3307-3646/? I/SoundAlive_PrePost: [ -378454144 ][ 48000 ]Exe_Post() mRequiredPostVolume is changed - dB : -100.000000  mRequiredPostVolume : -100.000000
2021-12-13 17:13:56.278 3307-3646/? I/SoundAlive_PrePost: [ -378454144 ][ 48000 ]Exe_Post() mRequiredPostGain is changed - dB : -100.000000  mRequiredPostGain : 0.000000
2021-12-13 17:13:56.297 3307-3646/? I/AudioSAEffectSecPlus: command EFFECT_CMD_SET_VOLUME left = 0.013916, right =0.013916
2021-12-13 17:13:56.297 3307-3646/? I/SoundBoosterEffectPlus: SB_setVolume(0xe9728540)
2021-12-13 17:13:56.297 3307-3646/? I/SoundBoosterEffectPlus: command EFFECT_CMD_SET_VOLUME left = 0.013916, right =0.013916
2021-12-13 17:13:56.308 3307-3646/? I/SoundAlive_Interface: [ -378454144 ][ 48000 ]FlushBuffers()
2021-12-13 17:13:56.308 3307-3646/? I/SoundAlive_Core: [ -378454144 ][ 48000 ](interface-API)FlushBuffers()
2021-12-13 17:13:56.308 3307-3646/? D/SoundAlive_Core: [ -378454144 ][ 48000 ](internal-API)ReOpen( ConfigMode : 1 )
2021-12-13 17:13:56.308 3307-3646/? I/SoundAlive_Effect: [ -378454144 ][ 48000 ]Init() nch : 2  bitdepth : 0 
2021-12-13 17:13:56.308 3307-3646/? I/SoundAlive_Effect: [ -378454144 ][ 48000 ]SamplingRateConfig() SamplingRate : 48000
2021-12-13 17:13:56.308 3307-3646/? I/SoundAlive_Effect: [ -378454144 ][ 48000 ]OutDevConfig() OutDevConfig : 1
2021-12-13 17:13:56.308 3307-3646/? D/SoundAlive_Core: [ -378454144 ][ 48000 ](internal-API)Set_Current_Effect_Configuration( ConfigMode : 1 )
2021-12-13 17:13:56.308 3307-3646/? I/SoundAlive_Effect: [ -378454144 ][ 48000 ]Set_Preset() : 0
2021-12-13 17:13:56.308 3307-3646/? I/SoundAlive_Effect: [ -378454144 ][ 48000 ]Set_User_BWE() 0
2021-12-13 17:13:56.308 3307-3646/? I/SoundAlive_Effect: [ -378454144 ][ 48000 ]Set_User_CH() : 0
2021-12-13 17:13:56.308 3307-3646/? I/SoundAlive_Effect: [ -378454144 ][ 48000 ]Set_SquareUI() : 4 , 4
2021-12-13 17:13:56.308 3307-3646/? I/SoundAlive_Effect: [ -378454144 ][ 48000 ]Set_User_3D() : 0
2021-12-13 17:13:56.308 3307-3646/? I/SoundAlive_Effect: [ -378454144 ][ 48000 ]Set_User_BE() : 0
2021-12-13 17:13:56.328 3307-3646/? I/SoundAlive_PrePost: [ -378454144 ][ 48000 ]Exe_Pre() mRequiredPreVolume is changed - dB : -37.123463  mRequiredPreVolume : -10.123463
2021-12-13 17:13:56.328 3307-3646/? I/SoundAlive_PrePost: [ -378454144 ][ 48000 ]Exe_Post() mRequiredPostVolume is changed - dB : -37.123463  mRequiredPostVolume : -27.000000
2021-12-13 17:13:56.348 3307-3646/? I/SoundAlive_PrePost: [ -378454144 ][ 48000 ]Exe_Pre() mRequiredPreGain is changed - dB : -37.123463  mRequiredPreGain : 0.000000
2021-12-13 17:13:56.348 3307-3646/? I/SoundAlive_PrePost: [ -378454144 ][ 48000 ]Exe_Post() mRequiredPostGain is changed - dB : -37.123463  mRequiredPostGain : 0.000000
2021-12-13 17:13:56.352 6328-6328/com.izwin.hotpot2 I/ExoPlayerImpl: Init db1e244 [ExoPlayerLib/2.16.1] [hero2lte, SM-G935F, samsung, 26]
2021-12-13 17:13:56.355 3668-5321/? D/AudioService: GetAppDevice, uid=10476
2021-12-13 17:13:56.356 3668-5321/? D/AudioService: getStreamVolume 3 index 20
2021-12-13 17:13:56.361 6328-6328/com.izwin.hotpot2 D/VPNAA: androidx.constraintlayout.widget.ConstraintLayout{af6cc62 V.E...... ......I. 0,0-0,0}
2021-12-13 17:13:56.413 6328-6750/com.izwin.hotpot2 I/System.out: (HTTPLog)-Static: isSBSettingEnabled false
2021-12-13 17:13:56.413 6328-6750/com.izwin.hotpot2 I/System.out: (HTTPLog)-Static: isSBSettingEnabled false
2021-12-13 17:13:56.447 3307-3646/? I/SoundAlive_Interface: [ -378454144 ][ 48000 ]FlushBuffers()
2021-12-13 17:13:56.447 3307-3646/? I/SoundAlive_Core: [ -378454144 ][ 48000 ](interface-API)FlushBuffers()
2021-12-13 17:13:56.447 3307-3646/? D/SoundAlive_Core: [ -378454144 ][ 48000 ](internal-API)ReOpen( ConfigMode : 1 )
2021-12-13 17:13:56.447 3307-3646/? I/SoundAlive_Effect: [ -378454144 ][ 48000 ]Init() nch : 2  bitdepth : 0 
2021-12-13 17:13:56.447 3307-3646/? I/SoundAlive_Effect: [ -378454144 ][ 48000 ]SamplingRateConfig() SamplingRate : 48000
2021-12-13 17:13:56.447 3307-3646/? I/SoundAlive_Effect: [ -378454144 ][ 48000 ]OutDevConfig() OutDevConfig : 1
2021-12-13 17:13:56.447 3307-3646/? D/SoundAlive_Core: [ -378454144 ][ 48000 ](internal-API)Set_Current_Effect_Configuration( ConfigMode : 1 )
2021-12-13 17:13:56.447 3307-3646/? I/SoundAlive_Effect: [ -378454144 ][ 48000 ]Set_Preset() : 0
2021-12-13 17:13:56.447 3307-3646/? I/SoundAlive_Effect: [ -378454144 ][ 48000 ]Set_User_BWE() 0
2021-12-13 17:13:56.447 3307-3646/? I/SoundAlive_Effect: [ -378454144 ][ 48000 ]Set_User_CH() : 0
2021-12-13 17:13:56.447 3307-3646/? I/SoundAlive_Effect: [ -378454144 ][ 48000 ]Set_SquareUI() : 4 , 4
2021-12-13 17:13:56.447 3307-3646/? I/SoundAlive_Effect: [ -378454144 ][ 48000 ]Set_User_3D() : 0
2021-12-13 17:13:56.447 3307-3646/? I/SoundAlive_Effect: [ -378454144 ][ 48000 ]Set_User_BE() : 0
2021-12-13 17:13:56.447 3307-3646/? I/SoundBoosterEffectPlus: SB_reset SoundBooster sessionId(-1305)
2021-12-13 17:13:56.447 3307-3646/? I/SoundBooster7: BuffClear()
2021-12-13 17:13:56.457 3307-3486/? V/APM_AudioPolicyManager: stopOutput() output 13, stream 3, session 1593
2021-12-13 17:13:56.457 3307-3486/? V/APM_AudioPolicyManager: setBeaconMute(1) mBeaconMuteRefCount=0 mBeaconPlayingRefCount=0
2021-12-13 17:13:56.457 3307-3486/? V/APM_AudioPolicyManager: getNewOutputDevice() selected device 0
2021-12-13 17:13:56.457 3307-3486/? V/APM_AudioPolicyManager: setOutputDevice() device 0000 delayMs 160
2021-12-13 17:13:56.457 3307-3486/? V/APM_AudioPolicyManager: setOutputDevice() prevDevice 0x0002
2021-12-13 17:13:56.457 3307-3486/? V/APM_AudioPolicyManager: setOutputDevice() setting same device 0x0000 or null device
2021-12-13 17:13:56.457 3307-3486/? V/APM_AudioPolicyManager: selectOutputForMusicEffects selected output 13
2021-12-13 17:13:56.468 3201-3201/? D/hwcutils: MppFactory
2021-12-13 17:13:56.469 3201-3201/? D/libexynosgscaler: LibMpp
2021-12-13 17:13:56.499 6328-6328/com.izwin.hotpot2 D/SurfaceView: BG show() Surface(name=Background for - SurfaceView - com.izwin.hotpot2/com.izwin.hotpot2.view.MainActivity@952dfd7@0) android.view.SurfaceView{952dfd7 V.E...... ........ 0,0-1440,2185}
2021-12-13 17:13:56.500 6328-6328/com.izwin.hotpot2 D/SurfaceView: surfaceDestroyed 1 android.view.SurfaceView{952dfd7 V.E...... ........ 0,0-1440,2185}
2021-12-13 17:13:56.501 3201-3201/? D/libexynosgscaler: ~CGscaler
2021-12-13 17:13:56.501 3201-3201/? D/libexynosgscaler: ~LibMpp
2021-12-13 17:13:56.517 3201-3201/? D/SurfaceFlinger:   Display[0] configurations (* current):
        * 0: 1440x2560, xdpi=537.882019, ydpi=532.982971, refresh=16949152
      numHwLayers=4, flags=00000000
        type   |  handle  | hint | flag | tr | blnd |   format    |     source crop (l,t,r,b)      |          frame         | name 
    -----------+----------+------+------+----+------+-------------+--------------------------------+------------------------+------
          GLES | 00000000 | 0000 | 0220 | 00 | 0105 | ? ffffffff  |    0.0,    0.0,   -1.0,   -1.0 |    0,  121, 1440, 2560 | Background for - SurfaceView - com.izwin.hotpot2/com.izwin.hotpot2.view.MainActivity@3daba26@0#0
           HWC | 7555a2d180 | 0000 | 0000 | 00 | 0105 | RGBA_8888   |    0.0,    0.0, 1440.0, 2560.0 |    0,    0, 1440, 2560 | com.izwin.hotpot2/com.izwin.hotpot2.view.MainActivity#0
           HWC | 75516c0f00 | 0000 | 0000 | 00 | 0105 | RGBA_8888   |    0.0,    0.0, 1440.0,   96.0 |    0,    0, 1440,   96 | StatusBar#0
     FB TARGET | 75519f5f00 | 0000 | 0000 | 00 | 0105 | RGBA_8888   |    0.0,    0.0, 1440.0
2021-12-13 17:13:56.518 3201-3201/? D/SurfaceFlinger: , 2560.0 |    0,    0, 1440, 2560 | HWC_FRAMEBUFFER_TARGET
2021-12-13 17:13:56.519 6328-6754/com.izwin.hotpot2 V/Surface: sf_framedrop debug : 0x4f4c, game : false, logging : 0
2021-12-13 17:13:56.520 6328-6712/com.izwin.hotpot2 V/Surface: sf_framedrop debug : 0x4f4c, game : false, logging : 0
2021-12-13 17:13:56.521 6328-6733/com.izwin.hotpot2 D/SurfaceUtils: connecting to surface 0x757750a010, reason connectToSurface
2021-12-13 17:13:56.521 6328-6733/com.izwin.hotpot2 I/MediaCodec: [OMX.Exynos.avc.dec] setting surface generation to 6479888
2021-12-13 17:13:56.521 6328-6733/com.izwin.hotpot2 D/SurfaceUtils: disconnecting from surface 0x757750a010, reason connectToSurface(reconnect)
2021-12-13 17:13:56.521 6328-6733/com.izwin.hotpot2 D/SurfaceUtils: connecting to surface 0x757750a010, reason connectToSurface(reconnect)
2021-12-13 17:13:56.526 6328-6734/com.izwin.hotpot2 D/SurfaceUtils: set up nativeWindow 0x757750a010 for 576x880, color 0x121, rotation 0, usage 0x2900
2021-12-13 17:13:56.527 6328-6733/com.izwin.hotpot2 D/SurfaceUtils: disconnecting from surface 0x7580b95010, reason disconnectFromSurface
2021-12-13 17:13:56.532 3201-3285/? I/SurfaceFlinger: id=637 Removed SurfaceView - com.izwin.hotpot2/com.izwin.hotpot2.view.MainActivity@952dfd7@0#0 (2/5)
2021-12-13 17:13:56.532 3201-3285/? I/SurfaceFlinger: id=637 Removed SurfaceView - com.izwin.hotpot2/com.izwin.hotpot2.view.MainActivity@952dfd7@0#0 (-2/5)
2021-12-13 17:13:56.532 6328-6328/com.izwin.hotpot2 D/SurfaceView: BG destroy() Surface(name=Background for - SurfaceView - com.izwin.hotpot2/com.izwin.hotpot2.view.MainActivity@952dfd7@0) android.view.SurfaceView{952dfd7 V.E...... ........ 0,0-1440,2185}
2021-12-13 17:13:56.534 3201-3285/? I/SurfaceFlinger: id=638 Removed Background for - SurfaceView - com.izwin.hotpot2/com.izwin.hotpot2.view.MainActivity@952dfd7@0#0 (0/5)
