2021-12-13 17:14:15.957 3307-9603/? V/APM_AudioPolicyManager: listAudioPorts() got 10 ports needed 10
2021-12-13 17:14:15.985 3668-10475/? D/SSRM:b: SIOP:: AP = 400, PST = 383 (W:6), BAT = 315, CHG = 364, CP = 322
2021-12-13 17:14:16.000 3668-5638/? D/AudioService: GetAppDevice, uid=10103
2021-12-13 17:14:16.001 3668-5638/? D/AudioService: getStreamVolume 3 index 20
2021-12-13 17:14:16.007 6328-7053/com.izwin.hotpot2 I/System.out: (HTTPLog)-Static: isSBSettingEnabled false
2021-12-13 17:14:16.007 6328-7053/com.izwin.hotpot2 I/System.out: (HTTPLog)-Static: isSBSettingEnabled false
2021-12-13 17:14:16.023 3668-5638/? D/AudioService: GetAppDevice, uid=10103
2021-12-13 17:14:16.057 6875-6994/? W/fb4a.AppInitScheduler|Run:   Finished VideoComponentWarmup in 1247ms
2021-12-13 17:14:16.101 6328-7090/com.izwin.hotpot2 I/System.out: (HTTPLog)-Static: isSBSettingEnabled false
2021-12-13 17:14:16.101 6328-7090/com.izwin.hotpot2 I/System.out: (HTTPLog)-Static: isSBSettingEnabled false
2021-12-13 17:14:16.108 6875-6904/? I/zygote: Waiting for a blocking GC ProfileSaver
2021-12-13 17:14:16.110 6875-6999/? W/fb4a.AppInitScheduler|Run:   Finished EagerInitTigonInterceptors in 1080ms
2021-12-13 17:14:16.113 6875-7009/? W/fb4a.NightwatchConfig: saveExitStatus true, useMmap true, monitorResources true, tickInfo 0, detectLmkd false, needNightWatch true
2021-12-13 17:14:16.114 3668-5627/? D/AudioService: GetAppDevice, uid=10103
2021-12-13 17:14:16.115 3668-5627/? D/AudioService: getStreamVolume 3 index 20
2021-12-13 17:14:16.115 6875-7014/? V/tigonapi: tigonapi/JNI_OnLoad called
2021-12-13 17:14:16.117 3668-5627/? D/AudioService: GetAppDevice, uid=10103
2021-12-13 17:14:16.122 3668-5627/? I/chatty: uid=1000(system) Binder:3668_1D identical 2 lines
2021-12-13 17:14:16.124 3668-5627/? D/AudioService: GetAppDevice, uid=10103
2021-12-13 17:14:16.141 6840-6934/? W/ResourceType: ResTable_typeSpec entry count inconsistent: given 74, previously 76
2021-12-13 17:14:16.143 6840-6934/? I/chatty: uid=10061(u0_a61) Adjust-pool-4-t identical 1 line
2021-12-13 17:14:16.143 6840-6934/? W/ResourceType: ResTable_typeSpec entry count inconsistent: given 74, previously 76
2021-12-13 17:14:16.188 6875-7009/? D/Nightwatch: Got fb jni native method for com/facebook/errorreporting/nightwatch/Nightwatch$NightwatchNative.nRecordDataInNightWatch (JI)I with native method: recordDataInNightWatch (0xb34b2a75). try use crit jni: no try use fast jni: no Used crit: no Used fast: no Used norm: yes crit jni supported: yes fast jni supported: no config is fast: no config is crit: no
2021-12-13 17:14:16.188 6875-7009/? D/Nightwatch: Got fb jni native method for com/facebook/errorreporting/nightwatch/Nightwatch$NightwatchNative.nRecordTickInNightWatch (JJJJ)I with native method: recordTickInNightWatch (0xb34b2a53). try use crit jni: no try use fast jni: no Used crit: no Used fast: no Used norm: yes crit jni supported: yes fast jni supported: no config is fast: no config is crit: no
2021-12-13 17:14:16.188 6875-7009/? D/Nightwatch: Got fb jni native method for com/facebook/errorreporting/nightwatch/Nightwatch$NightwatchNative.nSaveResourceData ()Z with native method: saveResourceData (0xb34b2a45). try use crit jni: no try use fast jni: no Used crit: no Used fast: no Used norm: yes crit jni supported: yes fast jni supported: no config is fast: no config is crit: no
2021-12-13 17:14:16.188 6875-7009/? D/_FB_: Registering method com/facebook/errorreporting/nightwatch/Nightwatch$NightwatchNative.nRecordDataInNightWatch (JI)I with native method: recordDataInNightWatch (0xb34b2a75)
2021-12-13 17:14:16.188 6875-7009/? D/_FB_: Succeeded registering method com/facebook/errorreporting/nightwatch/Nightwatch$NightwatchNative.nRecordDataInNightWatch (JI)I with native method: recordDataInNightWatch (0xb34b2a75)
2021-12-13 17:14:16.188 6875-7009/? D/_FB_: Registering method com/facebook/errorreporting/nightwatch/Nightwatch$NightwatchNative.nRecordTickInNightWatch (JJJJ)I with native method: recordTickInNightWatch (0xb34b2a53)
2021-12-13 17:14:16.188 6875-7009/? D/_FB_: Succeeded registering method com/facebook/errorreporting/nightwatch/Nightwatch$NightwatchNative.nRecordTickInNightWatch (JJJJ)I with native method: recordTickInNightWatch (0xb34b2a53)
2021-12-13 17:14:16.188 6875-7009/? D/_FB_: Registering method com/facebook/errorreporting/nightwatch/Nightwatch$NightwatchNative.nSaveResourceData ()Z with native method: saveResourceData (0xb34b2a45)
2021-12-13 17:14:16.188 6875-7009/? D/_FB_: Succeeded registering method com/facebook/errorreporting/nightwatch/Nightwatch$NightwatchNative.nSaveResourceData ()Z with native method: saveResourceData (0xb34b2a45)
2021-12-13 17:14:16.206 6875-7009/? D/Nightwatch: Starting NightWatch. Using fast [yes] or critical [yes] native methods
2021-12-13 17:14:16.206 6875-7009/? D/Nightwatch: NightWatch using: Binary path: /data/app/com.facebook.katana-ITArHLaabFI4c9de6mM-6A==/lib/arm/libwatcher_binary.so log path: /data/data/com.facebook.katana/app_errorreporting/sess__000003257-1639404851324-90286c3a-0cc3-22ea-457d-3714a881eef1/nightwatch.txt
2021-12-13 17:14:16.206 6875-7009/? D/Nightwatch: Got fb jni native method for com/facebook/errorreporting/nightwatch/NightwatchOreo.nRecordDataInNightWatch (IIJI)I with native method: recordDataInNightWatch (0xb34b2a75). try use crit jni: yes try use fast jni: no Used crit: yes Used fast: no Used norm: no crit jni supported: yes fast jni supported: no config is fast: no config is crit: yes
2021-12-13 17:14:16.206 6875-7009/? D/Nightwatch: Got fb jni native method for com/facebook/errorreporting/nightwatch/NightwatchOreo.nRecordTickInNightWatch (IIJJJJ)I with native method: recordTickInNightWatch (0xb34b2a53). try use crit jni: yes try use fast jni: no Used crit: yes Used fast: no Used norm: no crit jni supported: yes fast jni supported: no config is fast: no config is crit: yes
2021-12-13 17:14:16.206 6875-7009/? D/Nightwatch: Got fb jni native method for com/facebook/errorreporting/nightwatch/NightwatchOreo.nSaveResourceData (II)Z with native method: saveResourceData (0xb34b2a45). try use crit jni: yes try use fast jni: no Used crit: yes Used fast: no Used norm: no crit jni supported: yes fast jni supported: no config is fast: no config is crit: yes
2021-12-13 17:14:16.206 6875-7009/? D/_FB_: Registering method com/facebook/errorreporting/nightwatch/NightwatchOreo.nRecordDataInNightWatch (IIJI)I with native method: recordDataInNightWatch (0xb34b2a75)
2021-12-13 17:14:16.206 6875-7009/? D/_FB_: Succeeded registering method com/facebook/errorreporting/nightwatch/NightwatchOreo.nRecordDataInNightWatch (IIJI)I with native method: recordDataInNightWatch (0xb34b2a75)
2021-12-13 17:14:16.206 6875-7009/? D/_FB_: Registering method com/facebook/errorreporting/nightwatch/NightwatchOreo.nRecordTickInNightWatch (IIJJJJ)I with native method: recordTickInNightWatch (0xb34b2a53)
2021-12-13 17:14:16.207 6875-7009/? D/_FB_: Succeeded registering method com/facebook/errorreporting/nightwatch/NightwatchOreo.nRecordTickInNightWatch (IIJJJJ)I with native method: recordTickInNightWatch (0xb34b2a53)
2021-12-13 17:14:16.207 6875-7009/? D/_FB_: Registering method com/facebook/errorreporting/nightwatch/NightwatchOreo.nSaveResourceData (II)Z with native method: saveResourceData (0xb34b2a45)
2021-12-13 17:14:16.207 6875-7009/? D/_FB_: Succeeded registering method com/facebook/errorreporting/nightwatch/NightwatchOreo.nSaveResourceData (II)Z with native method: saveResourceData (0xb34b2a45)
2021-12-13 17:14:16.211 6875-7009/? I/nightwatch-lib: watcher succeeded mmap /data/data/com.facebook.katana/app_errorreporting/sess__000003257-1639404851324-90286c3a-0cc3-22ea-457d-3714a881eef1/nightwatch.txt.subsecond
2021-12-13 17:14:16.219 6875-7009/? I/nightwatch-lib: watcher succeeded mmap /data/data/com.facebook.katana/app_errorreporting/sess__000003257-1639404851324-90286c3a-0cc3-22ea-457d-3714a881eef1/nightwatch.txt.second
2021-12-13 17:14:16.225 6875-7009/? I/nightwatch-lib: watcher succeeded mmap /data/data/com.facebook.katana/app_errorreporting/sess__000003257-1639404851324-90286c3a-0cc3-22ea-457d-3714a881eef1/nightwatch.txt
2021-12-13 17:14:16.225 6875-7009/? D/nightwatch-fd: Attempting to open file /proc/self/oom_adj
2021-12-13 17:14:16.225 6875-7009/? E/nightwatch-fd: Unable to open /proc/self/oom_adj (mode read) : 13 : Permission denied
2021-12-13 17:14:16.225 6875-7009/? D/nightwatch-fd: Attempting to open file /proc/self/oom_adj
2021-12-13 17:14:16.226 6875-7009/? D/nightwatch-fd: Opened file /proc/self/oom_adj (129)
2021-12-13 17:14:16.226 6875-7009/? D/nightwatch-fd: Attempting to open file /proc/self/oom_score_adj
2021-12-13 17:14:16.226 6875-7009/? E/nightwatch-fd: Unable to open /proc/self/oom_score_adj (mode read) : 13 : Permission denied
2021-12-13 17:14:16.226 6875-7009/? D/nightwatch-fd: Attempting to open file /proc/self/oom_score_adj
2021-12-13 17:14:16.226 6875-7009/? D/nightwatch-fd: Opened file /proc/self/oom_score_adj (132)
2021-12-13 17:14:16.238 6875-7009/? I/nightwatch-target: created thread to monitor process resources
2021-12-13 17:14:16.248 6875-7014/? W/fb4a.AppInitScheduler|Run:   Finished EagerTigonLigerXPlatService in 1218ms
2021-12-13 17:14:16.249 6875-7013/? W/fb4a.AppInitScheduler|Run: Running NetworkEagerInit
2021-12-13 17:14:16.252 6875-7094/? D/nightwatch-fd: Attempting to open file /proc/self/oom_score
2021-12-13 17:14:16.253 6875-7094/? D/nightwatch-fd: Opened file /proc/self/oom_score (122)
2021-12-13 17:14:16.253 6875-7094/? I/nightwatch-target: monitor resources interval 20 ms
2021-12-13 17:14:16.254 3289-3289/? E/audit: type=1400 audit(1639404856.237:10736): avc:  denied  { read } for  pid=6875 comm="AppInit6" name="file-nr" dev="proc" ino=3758092 scontext=u:r:untrusted_app:s0:c512,c768 tcontext=u:object_r:proc:s0 tclass=file permissive=0 SEPF_SM-G935F_8.0.0_0018 audit_filtered
2021-12-13 17:14:16.254 3289-3289/? E/audit: type=1400 audit(1639404856.237:10737): avc:  denied  { read } for  pid=6875 comm="AppInit6" name="zoneinfo" dev="proc" ino=4026534973 scontext=u:r:untrusted_app:s0:c512,c768 tcontext=u:object_r:proc_zoneinfo:s0 tclass=file permissive=0 SEPF_SM-G935F_8.0.0_0018 audit_filtered
2021-12-13 17:14:16.254 6875-7094/? E/nightwatch-target: /proc/zoneinfo open: errno=13
2021-12-13 17:14:16.254 6875-7094/? E/nightwatch-target: sysmeminfo parse failed
2021-12-13 17:14:16.255 6875-6992/? W/fb4a.AppInitScheduler|Run:   Waiting on InitLacrimaLaterInit for 1711ms...
2021-12-13 17:14:16.275 6875-7094/? E/nightwatch-target: /proc/zoneinfo open: errno=13
2021-12-13 17:14:16.275 3289-3289/? E/audit: type=1400 audit(1639404856.257:10738): avc:  denied  { read } for  pid=6875 comm="AppInit6" name="zoneinfo" dev="proc" ino=4026534973 scontext=u:r:untrusted_app:s0:c512,c768 tcontext=u:object_r:proc_zoneinfo:s0 tclass=file permissive=0 SEPF_SM-G935F_8.0.0_0018 audit_filtered
2021-12-13 17:14:16.275 6875-7094/? E/nightwatch-target: sysmeminfo parse failed
2021-12-13 17:14:16.300 6875-7095/? I/nightwatch-target: waiting on child pid 7096
2021-12-13 17:14:16.307 6875-7057/? V/tigonobserver: tigonobserver/JNI_OnLoad called
2021-12-13 17:14:16.360 7096-7096/? I/nightwatch-watcher: I have arisen! pid: 7096
2021-12-13 17:14:16.361 7096-7096/? I/nightwatch-lib: watcher succeeded mmap /data/data/com.facebook.katana/app_errorreporting/sess__000003257-1639404851324-90286c3a-0cc3-22ea-457d-3714a881eef1/nightwatch.txt
2021-12-13 17:14:16.361 7096-7096/? I/nightwatch-watcher: attached to tid 7095 in pid 6875, ptrace_ret: 0
2021-12-13 17:14:16.361 7096-7096/? D/nightwatch-fd: Attempting to open file /proc/6875/oom_adj
2021-12-13 17:14:16.362 7096-7096/? D/nightwatch-fd: Opened file /proc/6875/oom_adj (8)
2021-12-13 17:14:16.362 7096-7096/? D/nightwatch-fd: Attempting to open file /proc/6875/oom_score_adj
2021-12-13 17:14:16.362 7096-7096/? D/nightwatch-fd: Opened file /proc/6875/oom_score_adj (10)
2021-12-13 17:14:16.363 7096-7096/? I/nightwatch-watcher: target tid 7095 stopped with signal 19. continuing and delivering signal 0
2021-12-13 17:14:16.374 6875-7013/? W/fb4a.AppInitScheduler|Run:   Finished NetworkEagerInit in 124ms
2021-12-13 17:14:16.376 6875-6998/? W/fb4a.AppInitScheduler|Run: Running GraphServiceEagerInit
2021-12-13 17:14:16.376 6875-7013/? W/fb4a.AppInitScheduler|Run: Running ZeroLibraryInitializer
2021-12-13 17:14:16.467 6328-7064/com.izwin.hotpot2 I/System.out: (HTTPLog)-Static: isSBSettingEnabled false
2021-12-13 17:14:16.467 6328-7064/com.izwin.hotpot2 I/System.out: (HTTPLog)-Static: isSBSettingEnabled false
2021-12-13 17:14:16.481 6328-6819/com.izwin.hotpot2 I/ACodec:  [] Now uninitialized
2021-12-13 17:14:16.483 6328-7100/com.izwin.hotpot2 I/ACodec: [] onAllocateComponent
2021-12-13 17:14:16.485 6328-7100/com.izwin.hotpot2 I/OMXClient: Treble IOmx obtained
2021-12-13 17:14:16.486 3335-708/? I/OMXMaster: makeComponentInstance(OMX.Exynos.avc.dec) in omx@1.0-service process
2021-12-13 17:14:16.490 3335-708/? D/libexynosv4l2: try node: /dev/video6
2021-12-13 17:14:16.490 3335-708/? I/libexynosv4l2: node found for device s5p-mfc-dec: /dev/video6
2021-12-13 17:14:16.490 3335-708/? I/libexynosv4l2: open video device /dev/video6
2021-12-13 17:14:16.491 6328-7100/com.izwin.hotpot2 I/ACodec: [OMX.Exynos.avc.dec] Now Loaded
2021-12-13 17:14:16.494 6328-6819/com.izwin.hotpot2 V/Surface: sf_framedrop debug : 0x4f4c, game : false, logging : 0
2021-12-13 17:14:16.494 6328-7099/com.izwin.hotpot2 D/SurfaceUtils: connecting to surface 0x756c2b3010, reason connectToSurface
2021-12-13 17:14:16.495 6328-7099/com.izwin.hotpot2 I/MediaCodec: [OMX.Exynos.avc.dec] setting surface generation to 6479897
2021-12-13 17:14:16.495 6328-7099/com.izwin.hotpot2 D/SurfaceUtils: disconnecting from surface 0x756c2b3010, reason connectToSurface(reconnect)
2021-12-13 17:14:16.495 6328-7099/com.izwin.hotpot2 D/SurfaceUtils: connecting to surface 0x756c2b3010, reason connectToSurface(reconnect)
2021-12-13 17:14:16.495 3326-689/? I/ResourceManagerService: ResourceManagerService checkCodecCapacity pid 6328 clientId 504462168576 useExtended 0 
2021-12-13 17:14:16.497 6328-7100/com.izwin.hotpot2 I/ACodec: can't find wfdsink-exynos-enable
2021-12-13 17:14:16.506 3335-708/? E/OMXNodeInstance: setConfig(0xd18c5fc0:Exynos.avc.dec, ConfigPriority(0x6f800002)) ERROR: UnsupportedIndex(0x8000101a)
2021-12-13 17:14:16.506 6328-7100/com.izwin.hotpot2 I/ACodec: codec does not support config priority (err -1010)
2021-12-13 17:14:16.508 3335-708/? E/OMXNodeInstance: getConfig(0xd18c5fc0:Exynos.avc.dec, ConfigCommonOutputCrop(0x700000f)) ERROR: NotReady(0x80001010)
2021-12-13 17:14:16.510 3335-7101/? I/EXYNOS_BASE_COMP: [0xdaf61c00][Exynos_OMX_ComponentStateSet] current:(OMX_StateLoaded) dest:(OMX_StateIdle)
2021-12-13 17:14:16.510 6328-7100/com.izwin.hotpot2 I/ACodec: [OMX.Exynos.avc.dec] Now Loaded->Idle
2021-12-13 17:14:16.511 3335-7101/? D/libexynosv4l2: try node: /dev/video6
2021-12-13 17:14:16.511 3335-7101/? I/libexynosv4l2: node found for device s5p-mfc-dec: /dev/video6
2021-12-13 17:14:16.511 3335-7101/? I/libexynosv4l2: open video device /dev/video6
2021-12-13 17:14:16.513 3182-3182/? W//system/bin/hw/android.hidl.allocator@1.0-service: ashmem_create_region(1572864) returning hidl_memory(0x70c982c530, 1572864)
2021-12-13 17:14:16.521 3182-3182/? I/chatty: uid=1000(system) allocator@1.0-s identical 3 lines
2021-12-13 17:14:16.523 3182-3182/? W//system/bin/hw/android.hidl.allocator@1.0-service: ashmem_create_region(1572864) returning hidl_memory(0x70c982c530, 1572864)
2021-12-13 17:14:16.526 6328-7100/com.izwin.hotpot2 D/SurfaceUtils: set up nativeWindow 0x756c2b3010 for 576x874, color 0x121, rotation 0, usage 0x2900
2021-12-13 17:14:16.528 6328-7100/com.izwin.hotpot2 I/ACodec: [OMX.Exynos.avc.dec] configureOutputBuffersFromNativeWindow setBufferCount : 8, minUndequeuedBuffers : 4
2021-12-13 17:14:16.531 3335-7101/? I/EXYNOS_BASE_COMP: [0xdaf61c00][Exynos_OMX_EventHandler] OMX_EventCmdComplete(OMX_StateIdle)
2021-12-13 17:14:16.532 3335-7101/? I/EXYNOS_BASE_COMP: [0xdaf61c00][Exynos_OMX_ComponentStateSet] current:(OMX_StateIdle) dest:(OMX_StateExecuting)
2021-12-13 17:14:16.532 3335-7101/? I/EXYNOS_BASE_COMP: [0xdaf61c00][Exynos_OMX_ComponentStateSet] OMX_EventCmdComplete(OMX_StateExecuting)
2021-12-13 17:14:16.532 3326-681/? I/ResourceManagerService: addMediaInfo -(PID : 6328, clientID : 504462168576)
2021-12-13 17:14:16.532 3326-681/? I/ResourceManagerService: MediaInfo add 503424 (width 576 height 874) remained 10411200
2021-12-13 17:14:16.532 3326-681/? I/ResourceManagerService: getMediaResourceInfo resourceType : 2, size : 13
2021-12-13 17:14:16.532 3326-681/? I/ResourceManagerService: getMediaResourceInfo (PID : 6328, clientID : 505272259584, non-secure-codec/video-codec:1, 576x874(fps:30) - SoftCodec : No, Encorder : No)
2021-12-13 17:14:16.533 3326-681/? I/ResourceManagerService: getMediaResourceInfo (PID : 6328, clientID : 505272261888, non-secure-codec/video-codec:1, 576x874(fps:29) - SoftCodec : No, Encorder : No)
2021-12-13 17:14:16.533 3326-681/? I/ResourceManagerService: getMediaResourceInfo (PID : 6328, clientID : 505272262528, non-secure-codec/video-codec:1, 576x874(fps:23) - SoftCodec : No, Encorder : No)
2021-12-13 17:14:16.533 3326-681/? I/ResourceManagerService: getMediaResourceInfo (PID : 6328, clientID : 504962962560, non-secure-codec/video-codec:1, 576x874(fps:29) - SoftCodec : No, Encorder : No)
2021-12-13 17:14:16.533 3326-681/? I/ResourceManagerService: getMediaResourceInfo (PID : 6328, clientID : 504713750272, non-secure-codec/video-codec:1, 576x874(fps:29) - SoftCodec : No, Encorder : No)
2021-12-13 17:14:16.533 3326-681/? I/ResourceManagerService: getMediaResourceInfo (PID : 6328, clientID : 505264982528, non-secure-codec/video-codec:1, 720x1280(fps:29) - SoftCodec : No, Encorder : No)
2021-12-13 17:14:16.533 3326-681/? I/ResourceManagerService: getMediaResourceInfo (PID : 6328, clientID : 505671937856, non-secure-codec/video-codec:1, 576x874(fps:29) - SoftCodec : No, Encorder : No)
2021-12-13 17:14:16.533 3326-681/? I/ResourceManagerService: getMediaResourceInfo (PID : 6328, clientID : 504744069376, non-secure-codec/video-codec:1, 576x874(fps:30) - SoftCodec : No, Encorder : No)
2021-12-13 17:14:16.533 3326-681/? I/ResourceManagerService: getMediaResourceInfo (PID : 6328, clientID : 504585915456, non-secure-codec/video-codec:1, 576x874(fps:29) - SoftCodec : No, Encorder : No)
2021-12-13 17:14:16.533 3326-681/? I/ResourceManagerService: getMediaResourceInfo (PID : 6328, clientID : 504737919040, non-secure-codec/video-codec:1, 576x874(fps:29) - SoftCodec : No, Encorder : No)
2021-12-13 17:14:16.533 3326-681/? I/ResourceManagerService: getMediaResourceInfo (PID : 6328, clientID : 504569497280, non-secure-codec/video-codec:1, 540x752(fps:30) - SoftCodec : No, Encorder : No)
2021-12-13 17:14:16.533 3326-681/? I/ResourceManagerService: getMediaResourceInfo (PID : 6328, clientID : 504660672128, non-secure-codec/video-codec:1, 720x1280(fps:29) - SoftCodec : No, Encorder : No)
2021-12-13 17:14:16.533 3326-681/? I/ResourceManagerService: getMediaResourceInfo (PID : 6328, clientID : 504462168576, non-secure-codec/video-codec:1, 576x874(fps:29) - SoftCodec : No, Encorder : No)
2021-12-13 17:14:16.533 3668-5638/? V/ResourceManagerHelper-JNI: JNIMediaResourceHelper::notify eventType : 1, ext1 : 0, ext2 : 0
2021-12-13 17:14:16.533 3668-5638/? V/ResourceManagerHelper-JNI: notify eventType : 1, ext1 : 0, ext2 : 0
2021-12-13 17:14:16.533 6328-7100/com.izwin.hotpot2 I/ACodec: [OMX.Exynos.avc.dec] Now Idle->Executing
2021-12-13 17:14:16.534 3668-5638/? I/SemMediaResourceHelper: makeMediaResourceInfo mOwnResourceEventExcluded : false, mPid : 3668
2021-12-13 17:14:16.534 3668-5638/? I/SemMediaResourceHelper: [1] makeMediaResourceInfo resourceType : 2 isSecured : false, pid : 6328, client id : 505272259584
2021-12-13 17:14:16.534 3668-5638/? I/SemMediaResourceHelper: [2] makeMediaResourceInfo resourceType : 2 isSecured : false, pid : 6328, client id : 505272261888
2021-12-13 17:14:16.534 6328-7100/com.izwin.hotpot2 I/ACodec: [OMX.Exynos.avc.dec] Now Executing
2021-12-13 17:14:16.534 3668-5638/? I/SemMediaResourceHelper: [3] makeMediaResourceInfo resourceType : 2 isSecured : false, pid : 6328, client id : 505272262528
2021-12-13 17:14:16.534 3668-5638/? I/SemMediaResourceHelper: [4] makeMediaResourceInfo resourceType : 2 isSecured : false, pid : 6328, client id : 504962962560
2021-12-13 17:14:16.534 3668-5638/? I/SemMediaResourceHelper: [5] makeMediaResourceInfo resourceType : 2 isSecured : false, pid : 6328, client id : 504713750272
2021-12-13 17:14:16.534 3668-5638/? I/SemMediaResourceHelper: [6] makeMediaResourceInfo resourceType : 2 isSecured : false, pid : 6328, client id : 505264982528
2021-12-13 17:14:16.534 3668-5638/? I/SemMediaResourceHelper: [7] makeMediaResourceInfo resourceType : 2 isSecured : false, pid : 6328, client id : 505671937856
2021-12-13 17:14:16.534 3668-5638/? I/SemMediaResourceHelper: [8] makeMediaResourceInfo resourceType : 2 isSecured : false, pid : 6328, client id : 504744069376
2021-12-13 17:14:16.534 3668-5638/? I/SemMediaResourceHelper: [9] makeMediaResourceInfo resourceType : 2 isSecured : false, pid : 6328, client id : 504585915456
2021-12-13 17:14:16.534 3668-5638/? I/SemMediaResourceHelper: [10] makeMediaResourceInfo resourceType : 2 isSecured : false, pid : 6328, client id : 504737919040
2021-12-13 17:14:16.534 3668-5638/? I/SemMediaResourceHelper: [11] makeMediaResourceInfo resourceType : 2 isSecured : false, pid : 6328, client id : 504569497280
2021-12-13 17:14:16.534 3668-5638/? I/SemMediaResourceHelper: [12] makeMediaResourceInfo resourceType : 2 isSecured : false, pid : 6328, client id : 504660672128
2021-12-13 17:14:16.534 3668-5638/? I/SemMediaResourceHelper: [13] makeMediaResourceInfo resourceType : 2 isSecured : false, pid : 6328, client id : 504462168576
2021-12-13 17:14:16.534 3668-13541/? I/SemMediaResourceHelper: onAdd
2021-12-13 17:14:16.535 3668-13541/? I/DrmMediaResourceHelper: onAdd size = 13
2021-12-13 17:14:16.542 3335-7106/? D/ExynosVideoDecoder: MFC_Decoder_ExtensionEnqueue_Inbuf: DATA with flags(0x20000000)
2021-12-13 17:14:16.544 6328-6819/com.izwin.hotpot2 I/ACodec:  [] Now uninitialized
2021-12-13 17:14:16.547 6328-7109/com.izwin.hotpot2 I/ACodec: [] onAllocateComponent
2021-12-13 17:14:16.549 3335-7101/? I/EXYNOS_BASE_PORT: [0xdaf61c00][Exynos_OMX_PortDisableProcess] Before disabling output port, do flush
2021-12-13 17:14:16.550 3335-7101/? I/EXYNOS_BASE_PORT: [0xdaf61c00][Exynos_OMX_PortDisableProcess] Disable output Port
2021-12-13 17:14:16.552 6328-7100/com.izwin.hotpot2 I/ACodec: [OMX.Exynos.avc.dec] Now handling output port settings change
2021-12-13 17:14:16.552 6328-7100/com.izwin.hotpot2 W/AHierarchicalStateMachine: Warning message AMessage(what = 'omxI') = {
      int32_t type = 0
      int32_t event = 3
      int32_t data1 = 1
      int32_t data2 = 117440527
    } unhandled in root state.
2021-12-13 17:14:16.554 6328-7109/com.izwin.hotpot2 I/OMXClient: Treble IOmx obtained
2021-12-13 17:14:16.554 3335-7101/? I/EXYNOS_BASE_PORT: [0xdaf61c00][Exynos_OMX_PortEnableProcess] Enable output Port
2021-12-13 17:14:16.555 3335-28457/? I/OMXMaster: makeComponentInstance(OMX.google.aac.decoder) in omx@1.0-service process
2021-12-13 17:14:16.556 6328-7100/com.izwin.hotpot2 D/SurfaceUtils: set up nativeWindow 0x756c2b3010 for 576x880, color 0x121, rotation 0, usage 0x2900
2021-12-13 17:14:16.556 3335-7106/? D/ExynosVideoDecoder: MFC_Decoder_ExtensionEnqueue_Inbuf: DATA with flags(0x20000000)
2021-12-13 17:14:16.557 3335-7106/? D/ExynosVideoDecoder: MFC_Decoder_ExtensionEnqueue_Inbuf: DATA with flags(0x20000000)
2021-12-13 17:14:16.558 6328-7100/com.izwin.hotpot2 I/ACodec: [OMX.Exynos.avc.dec] configureOutputBuffersFromNativeWindow setBufferCount : 15, minUndequeuedBuffers : 4
2021-12-13 17:14:16.561 6328-7109/com.izwin.hotpot2 I/ACodec: [OMX.google.aac.decoder] Now Loaded
2021-12-13 17:14:16.562 3335-7101/? I/EXYNOS_BASE_COMP: [0xdaf61c00][Exynos_OMX_EventHandler] OMX_EventCmdComplete(Enable/output port)
2021-12-13 17:14:16.565 3335-28457/? E/OMXNodeInstance: setConfig(0xf0de0f40:google.aac.decoder, ConfigPriority(0x6f800002)) ERROR: Undefined(0x80001001)
2021-12-13 17:14:16.565 6328-7109/com.izwin.hotpot2 I/ACodec: codec does not support config priority (err -2147483648)
2021-12-13 17:14:16.566 3335-690/? E/OMXNodeInstance: getConfig(0xf0de0f40:google.aac.decoder, ConfigAndroidVendorExtension(0x6f100004)) ERROR: Undefined(0x80001001)
2021-12-13 17:14:16.569 6328-7109/com.izwin.hotpot2 I/ACodec: [OMX.google.aac.decoder] Now Loaded->Idle
2021-12-13 17:14:16.571 6328-7100/com.izwin.hotpot2 I/ACodec: [OMX.Exynos.avc.dec] Now Executing
2021-12-13 17:14:16.571 3182-3182/? W//system/bin/hw/android.hidl.allocator@1.0-service: ashmem_create_region(8192) returning hidl_memory(0x70c982c530, 8192)
2021-12-13 17:14:16.573 3182-3182/? I/chatty: uid=1000(system) allocator@1.0-s identical 2 lines
2021-12-13 17:14:16.574 3182-3182/? W//system/bin/hw/android.hidl.allocator@1.0-service: ashmem_create_region(8192) returning hidl_memory(0x70c982c530, 8192)
2021-12-13 17:14:16.578 3182-3182/? W//system/bin/hw/android.hidl.allocator@1.0-service: ashmem_create_region(32768) returning hidl_memory(0x70c982c530, 32768)
2021-12-13 17:14:16.579 3182-3182/? I/chatty: uid=1000(system) allocator@1.0-s identical 2 lines
2021-12-13 17:14:16.580 3182-3182/? W//system/bin/hw/android.hidl.allocator@1.0-service: ashmem_create_region(32768) returning hidl_memory(0x70c982c530, 32768)
2021-12-13 17:14:16.580 6328-7109/com.izwin.hotpot2 I/ACodec: [OMX.google.aac.decoder] Now Idle->Executing
2021-12-13 17:14:16.582 6328-7109/com.izwin.hotpot2 I/ACodec: [OMX.google.aac.decoder] Now Executing
2021-12-13 17:14:16.600 6875-6998/? D/TelephonyManager: getAllCellInfo : Caller (PID / UID / TID): 6875 / 10103 / 6998
2021-12-13 17:14:16.605 6875-7009/? W/ApiBlockListExemption: We Succeeded getting the needed hidden api deps on this platform. Can we try to remove hidden APIs: Yes.
2021-12-13 17:14:16.620 3335-7113/? I/SoftAAC2: Reconfiguring decoder: 0->44100 Hz, 0->2 channels
2021-12-13 17:14:16.622 6328-7109/com.izwin.hotpot2 I/ACodec: [OMX.google.aac.decoder] Now handling output port settings change
2021-12-13 17:14:16.628 3182-3182/? W//system/bin/hw/android.hidl.allocator@1.0-service: ashmem_create_region(32768) returning hidl_memory(0x70c982c530, 32768)
2021-12-13 17:14:16.631 3182-3182/? I/chatty: uid=1000(system) allocator@1.0-s identical 2 lines
2021-12-13 17:14:16.638 3182-3182/? W//system/bin/hw/android.hidl.allocator@1.0-service: ashmem_create_region(32768) returning hidl_memory(0x70c982c530, 32768)
2021-12-13 17:14:16.641 6328-7109/com.izwin.hotpot2 I/ACodec: [OMX.google.aac.decoder] Now Executing
2021-12-13 17:14:16.650 3307-9603/? V/APM_AudioPolicyManager: getOutput() device 2, stream 3, samplingRate 0, format 0, channelMask 3, flags 0
2021-12-13 17:14:16.650 3307-9603/? V/APM_AudioPolicyManager: selectOutput() commonFlags for output 13, 0000
2021-12-13 17:14:16.650 3307-9603/? V/APM_AudioPolicyManager: selectOutput() commonFlags for output 21, 0000
2021-12-13 17:14:16.650 6875-7013/? W/fb4a.AppInitScheduler|Run:   Finished ZeroLibraryInitializer in 274ms
2021-12-13 17:14:16.650 3307-9603/? V/APM_AudioPolicyManager:   getOutputForDevice() returns output 13
2021-12-13 17:14:16.651 3307-9603/? V/APM_AudioPolicyManager: getOutput() device 2, stream 3, samplingRate 0, format 0, channelMask 3, flags 0
2021-12-13 17:14:16.651 3307-9603/? V/APM_AudioPolicyManager: selectOutput() commonFlags for output 13, 0000
2021-12-13 17:14:16.651 3307-9603/? V/APM_AudioPolicyManager: selectOutput() commonFlags for output 21, 0000
2021-12-13 17:14:16.651 3307-9603/? V/APM_AudioPolicyManager:   getOutputForDevice() returns output 13
2021-12-13 17:14:16.651 3307-9603/? V/APM_AudioPolicyManager: getOutput() device 2, stream 3, samplingRate 0, format 0, channelMask 3, flags 0
2021-12-13 17:14:16.651 3307-9603/? V/APM_AudioPolicyManager: selectOutput() commonFlags for output 13, 0000
2021-12-13 17:14:16.651 3307-9603/? V/APM_AudioPolicyManager: selectOutput() commonFlags for output 21, 0000
2021-12-13 17:14:16.651 3307-9603/? V/APM_AudioPolicyManager:   getOutputForDevice() returns output 13
2021-12-13 17:14:16.653 3307-9603/? V/APM_AudioPolicyManager: getOutputForAttr() usage=1, content=0, tag= flags=00000200 session 1633 selectedDeviceId 0
2021-12-13 17:14:16.653 3307-9603/? D/APM::SoundKitchen: getDevice, uid = 10476, device = 0
2021-12-13 17:14:16.653 3307-9603/? V/APM_AudioPolicyManager: getOutputForAttr() device 0x2, samplingRate 44100, format 1, channelMask 3, flags 8
2021-12-13 17:14:16.653 3307-9603/? V/APM_AudioPolicyManager: selectOutput() commonFlags for output 13, 0001
2021-12-13 17:14:16.653 3307-9603/? V/APM_AudioPolicyManager:   getOutputForDevice() returns output 13
2021-12-13 17:14:16.656 6328-6819/com.izwin.hotpot2 D/AudioTrack: Client defaulted notificationFrames to 4725 for frameCount 14176
2021-12-13 17:14:16.670 3201-3201/? D/SurfaceFlinger:   Display[0] configurations (* current):
        * 0: 1440x2560, xdpi=537.882019, ydpi=532.982971, refresh=16949152
      numHwLayers=4, flags=00000000
        type   |  handle  | hint | flag | tr | blnd |   format    |     source crop (l,t,r,b)      |          frame         | name 
    -----------+----------+------+------+----+------+-------------+--------------------------------+------------------------+------
           HWC | 7555a2d780 | 0000 | 0020 | 00 | 0100 | ? 00000121  |    0.0,    0.0,  576.0,  874.0 |    0,   96, 1440, 2560 | SurfaceView - com.izwin.hotpot2/com.izwin.hotpot2.view.MainActivity@203e155@0#0
           HWC | 75516c2b80 | 0000 | 0000 | 00 | 0105 | RGBA_8888   |    0.0,    0.0, 1440.0, 2560.0 |    0,    0, 1440, 2560 | com.izwin.hotpot2/com.izwin.hotpot2.view.MainActivity#0
           HWC | 75516c2ac0 | 0000 | 0000 | 00 | 0105 | RGBA_8888   |    0.0,    0.0, 1440.0,   96.0 |    0,    0, 1440,   96 | StatusBar#0
     FB TARGET | 75519f5e40 | 0000 | 0000 | 00 | 0105 | RGBA_8888   |    0.0,    0.0, 1440.0, 2560.0 |    0
2021-12-13 17:14:16.670 6328-6328/com.izwin.hotpot2 D/SurfaceView: BG show() Surface(name=Background for - SurfaceView - com.izwin.hotpot2/com.izwin.hotpot2.view.MainActivity@203e155@0) android.view.SurfaceView{203e155 V.E...... ......ID 0,0-1440,2185}
2021-12-13 17:14:16.670 3201-3201/? D/SurfaceFlinger: ,    0, 1440, 2560 | HWC_FRAMEBUFFER_TARGET
2021-12-13 17:14:16.680 6328-6328/com.izwin.hotpot2 D/SurfaceView: surfaceChanged (1440,2185) 1 android.view.SurfaceView{203e155 V.E...... ......ID 0,0-1440,2185}
2021-12-13 17:14:16.682 6875-7009/? D/BinderHooker: Called hook binder
2021-12-13 17:14:16.682 6875-7009/? D/BinderHooker: Starting init of BinderHooker
2021-12-13 17:14:16.693 6328-7090/com.izwin.hotpot2 I/System.out: (HTTPLog)-Static: isSBSettingEnabled false
2021-12-13 17:14:16.698 3668-5627/? V/WindowManager: Relayout Window{3868f41 u0 com.izwin.hotpot2/com.izwin.hotpot2.view.MainActivity}: viewVisibility=0 req=1440x2560 WM.LayoutParams{(0,0)(fillxfill) sim=#10 ty=1 fl=#81810100 pfl=0x20000 fmt=-3 wanim=0x10302fd vsysui=0x600 needsMenuKey=2 colorMode=0 naviIconColor=0}
2021-12-13 17:14:16.705 6328-6328/com.izwin.hotpot2 D/ViewRootImpl@c021a16[MainActivity]: Relayout returned: old=[0,0][1440,2560] new=[0,0][1440,2560] result=0x1 surface={valid=true 505288982528} changed=false
2021-12-13 17:14:16.712 6875-7045/? W/fb4a.MultiSignalANRDetectorLacrima: Pausing error state checks
2021-12-13 17:14:16.727 6875-7009/? D/BinderHooker: Binder Hooker was successfully inited [StrongPointer dep is supported] [Parcel dep is supported]
2021-12-13 17:14:16.727 6875-7009/? D/BinderHooker: Is a binder hook class, seeing if we need to unwrap it.
2021-12-13 17:14:16.728 6875-7009/? D/BinderHooker: Found a wrapped BinderHook class com.facebook.common.activitythreadhook.ActivityThreadBinderHooker$ApplicationThreadBinderHook
2021-12-13 17:14:16.728 6875-7009/? D/BinderHooker: Attempting to hook binder android.app.ActivityThread$ApplicationThread with binder com.facebook.common.activitythreadhook.IApplicationThreadBinderHookWrapper(com.facebook.common.activitythreadhook.ActivityThreadBinderHooker$ApplicationThreadBinderHook)
2021-12-13 17:14:16.728 6875-7009/? D/BinderHooker: Getting IBinder obj for android.app.ActivityThread$ApplicationThread
2021-12-13 17:14:16.728 6875-7009/? D/BinderHooker: Getting IBinder for android.app.ActivityThread$ApplicationThread 0xbf2f45d0
2021-12-13 17:14:16.728 6875-7009/? D/BinderHooker: Calling java to create a parcel and write jobj 0xbf2f45d0 to it. 
2021-12-13 17:14:16.728 6875-7009/? D/BinderHooker: Got Parcel Ptr 0xda272980 for java obj 0xbf2f45d0.
2021-12-13 17:14:16.728 6875-7009/? D/BinderHooker: Call readStrongBinder(0xda272980) ret not null? yes sp: e4926440.
2021-12-13 17:14:16.728 6875-7009/? D/BinderHooker: Finished getting IBinder obj for android.app.ActivityThread$ApplicationThread. Got e4926440.
2021-12-13 17:14:16.728 6875-7009/? D/BinderHooker: Taking and locking Strong IBinder ref e4926440 for android.app.ActivityThread$ApplicationThread
2021-12-13 17:14:16.728 6875-7009/? D/BinderHooker: FINISHED taking and locking Strong IBinder ref e4926440 for android.app.ActivityThread$ApplicationThread
2021-12-13 17:14:16.728 6875-7009/? D/BinderHooker: Got binder ptr e4926440 for the given val
2021-12-13 17:14:16.728 6875-7009/? D/BinderHooker: Setting Orig javaBBinder mObjectPtr for android.app.ActivityThread$ApplicationThread because it has not been set before
2021-12-13 17:14:16.729 6875-7009/? D/BinderHooker: Finished Setting Orig javaBBinder mObjectPtr
2021-12-13 17:14:16.729 6875-7009/? D/BinderHooker: Setting javaBBinder mObjectPtr 0xe4926450 (orig: 0x1fc6) for android.app.ActivityThread$ApplicationThread
2021-12-13 17:14:16.729 6875-7009/? D/BinderHooker: Getting IBinder obj for com.facebook.common.activitythreadhook.IApplicationThreadBinderHookWrapper(com.facebook.common.activitythreadhook.ActivityThreadBinderHooker$ApplicationThreadBinderHook)
2021-12-13 17:14:16.729 6875-7009/? D/BinderHooker: Getting IBinder for com.facebook.common.activitythreadhook.IApplicationThreadBinderHookWrapper(com.facebook.common.activitythreadhook.ActivityThreadBinderHooker$ApplicationThreadBinderHook) 0xbf2f45d4
2021-12-13 17:14:16.729 6875-7009/? D/BinderHooker: Calling java to create a parcel and write jobj 0xbf2f45d4 to it. 
2021-12-13 17:14:16.729 6875-7009/? D/BinderHooker: Got Parcel Ptr 0xda26e000 for java obj 0xbf2f45d4.
2021-12-13 17:14:16.729 6875-7009/? D/BinderHooker: Call readStrongBinder(0xda26e000) ret not null? yes sp: b3d38a20.
2021-12-13 17:14:16.729 6875-7009/? D/BinderHooker: Finished getting IBinder obj for com.facebook.common.activitythreadhook.IApplicationThreadBinderHookWrapper(com.facebook.common.activitythreadhook.ActivityThreadBinderHooker$ApplicationThreadBinderHook). Got b3d38a20.
2021-12-13 17:14:16.729 6875-7009/? D/BinderHooker: Taking and locking Strong IBinder ref b3d38a20 for com.facebook.common.activitythreadhook.IApplicationThreadBinderHookWrapper(com.facebook.common.activitythreadhook.ActivityThreadBinderHooker$ApplicationThreadBinderHook)
2021-12-13 17:14:16.729 6875-7009/? D/BinderHooker: FINISHED taking and locking Strong IBinder ref b3d38a20 for com.facebook.common.activitythreadhook.IApplicationThreadBinderHookWrapper(com.facebook.common.activitythreadhook.ActivityThreadBinderHooker$ApplicationThreadBinderHook)
2021-12-13 17:14:16.729 6875-7009/? D/BinderHooker: Got binder ptr b3d38a20 for the given val
2021-12-13 17:14:16.729 6875-7009/? D/BinderHooker: Setting Orig javaBBinder mObjectPtr for com.facebook.common.activitythreadhook.IApplicationThreadBinderHookWrapper(com.facebook.common.activitythreadhook.ActivityThreadBinderHooker$ApplicationThreadBinderHook) because it has not been set before
2021-12-13 17:14:16.730 6875-7009/? D/BinderHooker: Finished Setting Orig javaBBinder mObjectPtr
2021-12-13 17:14:16.730 6875-7009/? D/BinderHooker: Setting javaBBinder mObjectPtr 0xb3d38a30 (orig: 0x2d16) for com.facebook.common.activitythreadhook.IApplicationThreadBinderHookWrapper(com.facebook.common.activitythreadhook.ActivityThreadBinderHooker$ApplicationThreadBinderHook)
2021-12-13 17:14:16.730 6875-7009/? D/BinderHooker: We already have a strong binder ref
2021-12-13 17:14:16.730 6875-7009/? D/BinderHooker: We already have a strong binder ref
2021-12-13 17:14:16.730 6875-7009/? D/BinderHooker: Successfully prepared hooking binder and will now perform.  Use Transparent Conv: no 
    		Hooked: android.app.ActivityThread$ApplicationThread 
    		Hooked with: com.facebook.common.activitythreadhook.IApplicationThreadBinderHookWrapper(com.facebook.common.activitythreadhook.ActivityThreadBinderHooker$ApplicationThreadBinderHook)
2021-12-13 17:14:16.730 6875-7009/? D/BinderHooker: Attempting to set binder hook data on the hook object
2021-12-13 17:14:16.731 6875-7009/? D/BinderHooker: Finished setting binder hook data on the hook object
2021-12-13 17:14:16.731 6875-7009/? D/BinderHooker: Finished hooking binder. Success: yes 
    		Hooked: android.app.ActivityThread$ApplicationThread 
    		Hooked with: com.facebook.common.activitythreadhook.IApplicationThreadBinderHookWrapper(com.facebook.common.activitythreadhook.ActivityThreadBinderHooker$ApplicationThreadBinderHook)
2021-12-13 17:14:16.760 6328-6819/com.izwin.hotpot2 I/AudioTrack: This process already got info. FadeIn[0] FadeOut[0] FadeInRing[0]
2021-12-13 17:14:16.760 3668-5627/? D/AudioPlaybackMonitor: Found a new active media playback. ID:1143 -- type:android.media.AudioTrack -- u/pid:10476/6328 -- state:started -- attr:AudioAttributes: usage=1 content=0 flags=0x200 tags= bundle=null
2021-12-13 17:14:16.760 3668-5627/? D/MediaSessionStack: updateMediaButtonSessionIfNeeded, callers=com.android.server.media.MediaSessionService$1.onAudioPlaybackStarted:189 com.android.server.media.AudioPlaybackMonitor.dispatchPlaybackConfigChange:127 
2021-12-13 17:14:16.760 3307-3307/? W/AudioPolicyIntefaceImpl: Skipped to add effects on session 1633
2021-12-13 17:14:16.760 3307-3307/? V/APM_AudioPolicyManager: startOutput() output 13, stream 3, session 1633
2021-12-13 17:14:16.760 3307-3307/? D/APM::SoundKitchen: getDevice, uid = 10476, device = 0
2021-12-13 17:14:16.760 3307-3307/? D/APM_AudioPolicyManager: newDevice=0
2021-12-13 17:14:16.760 3307-3307/? V/APM_AudioPolicyManager: setBeaconMute(1) mBeaconMuteRefCount=1 mBeaconPlayingRefCount=0
2021-12-13 17:14:16.760 3307-3307/? V/APM_AudioPolicyManager: selectOutputForMusicEffects activeOnly 1 outputs[0] flags 0x0000000a
2021-12-13 17:14:16.760 3307-3307/? V/APM_AudioPolicyManager: selectOutputForMusicEffects selected output 13
2021-12-13 17:14:16.760 3307-3307/? V/APM_AudioPolicyManager: getNewOutputDevice() selected device 2
2021-12-13 17:14:16.760 3307-3307/? V/APM_AudioPolicyManager: setOutputDevice() device 0002 delayMs 0
2021-12-13 17:14:16.760 3307-3307/? V/APM_AudioPolicyManager: setOutputDevice() prevDevice 0x0002
2021-12-13 17:14:16.760 3307-3307/? V/APM_AudioPolicyManager: setOutputDevice() setting same device 0x0002 or null device
2021-12-13 17:14:16.761 3307-3307/? I/AudioEffectStage: getStageIndex primary_output_sub1_normal
2021-12-13 17:14:16.761 3307-3307/? I/AudioFlinger: updateStageIndex prev 0, new -1305
2021-12-13 17:14:16.761 3307-3307/? I/AudioEffectStage: getSinkBuffer primary_output_sub1_normal
2021-12-13 17:14:16.761 3307-3646/? I/AudioMixer: create resampler src 44100, 2, dst 48000, 2, q 8
2021-12-13 17:14:16.761 3307-3646/? D/SoundAliveResampler: [SoundAliveResampler] Init+++
2021-12-13 17:14:16.765 6507-6668/? D/SAContentProvider: Player/Screen Callback
2021-12-13 17:14:16.782 3192-3192/? I/android.hardware.wifi@1.0-service: getLinkLayerStats
2021-12-13 17:14:16.789 3668-5627/? E/BatteryStatsService: no controller energy info supplied
2021-12-13 17:14:16.803 6875-6998/? W/fb4a.AppInitScheduler|Run:   Finished GraphServiceEagerInit in 426ms
2021-12-13 17:14:16.809 3668-5627/? D/BatteryStatsService: !@ mLastInfo WifiActivityEnergyInfo{ timestamp=850507578 mStackState=3 mControllerTxTimeMs=147630 mControllerTxTimePerLevelMs=[] mControllerRxTimeMs=2149711 mControllerIdleTimeMs=846938324 mControllerEnergyUsed=0 }
2021-12-13 17:14:16.809 3668-5627/? D/BatteryStatsService: !@ latest WifiActivityEnergyInfo{ timestamp=850590862 mStackState=3 mControllerTxTimeMs=150104 mControllerTxTimePerLevelMs=[] mControllerRxTimeMs=2162086 mControllerIdleTimeMs=847006722 mControllerEnergyUsed=0 }
2021-12-13 17:14:16.809 3668-5627/? D/BatteryStatsService: !@ delta timePeriodMs : 83284 txTimeMs : 2474 rxTimeMs :12375 idleTimeMs : 68398
2021-12-13 17:14:16.836 6875-7009/? W/fb4a.AppInitScheduler|Run:   Finished InitLacrimaLaterInit in 2293ms
2021-12-13 17:14:16.836 6875-7009/? W/fb4a.AppInitScheduler|Run: All work finished.
2021-12-13 17:14:16.874 6875-6904/? I/zygote: Waiting for a blocking GC ProfileSaver
2021-12-13 17:14:16.875 6875-6904/? I/zygote: WaitForGcToComplete blocked for 766.678ms for cause ProfileSaver
2021-12-13 17:14:16.926 6875-6888/? I/zygote: WaitForGcToComplete blocked for 50.728ms for cause HeapTrim
2021-12-13 17:14:17.055 3668-3668/? D/CustomFrequencyManagerService: releaseDVFSLockLocked : Getting Lock type frm List : DVFS_MIN_LIMIT  frequency : 832000  uid : 1000  pid : 3668  tag : GESTURE_DETECTED@CPU_MIN@48
2021-12-13 17:14:17.109 6875-7057/? I/CameraManagerGlobal: Connecting to camera service
2021-12-13 17:14:17.129 6875-7057/? D/VendorTagDescriptor: addVendorDescriptor: vendor tag id 3854507339 added
2021-12-13 17:14:17.154 6875-7057/? I/CameraManager: getCameraCharacteristics : cameraId = 0
2021-12-13 17:14:17.181 6875-7057/? I/CameraManager: getCameraCharacteristics : cameraId = 1
2021-12-13 17:14:17.187 6328-7129/com.izwin.hotpot2 I/System.out: (HTTPLog)-Static: isSBSettingEnabled false
2021-12-13 17:14:17.187 6328-7129/com.izwin.hotpot2 I/System.out: (HTTPLog)-Static: isSBSettingEnabled false
2021-12-13 17:14:17.267 3307-3307/? V/APM_AudioPolicyManager: getAudioPolicyConfig: audioParam;outDevice
2021-12-13 17:14:17.267 3307-3307/? V/APM_AudioPolicyManager: getNewOutputDevice() selected device 2
2021-12-13 17:14:17.267 3307-3307/? V/APM_AudioPolicyManager: ### curdevice : 2
2021-12-13 17:14:17.268 6507-6507/? D/SoundAlivePolicyManager: Actual path retrieved: 2
2021-12-13 17:14:17.268 6507-6507/? D/SoundAlivePolicyManager: isAudioPathSpeaker() : true
2021-12-13 17:14:17.268 6507-6507/? D/SoundAlivePolicyManager: actual AudioPath : SA_PATH_SPK
2021-12-13 17:14:17.268 6507-6507/? D/SADVFSHelper: Audio route update attempt
2021-12-13 17:14:17.268 6507-6507/? D/SADVFSHelper: Either heavy-duty effect is Off or Music playback is not active
2021-12-13 17:14:17.276 6875-7094/? E/nightwatch-target: /proc/zoneinfo open: errno=13
2021-12-13 17:14:17.276 6875-7094/? E/nightwatch-target: sysmeminfo parse failed
2021-12-13 17:14:17.277 3289-3289/? E/audit: type=1400 audit(1639404857.267:10739): avc:  denied  { read } for  pid=6875 comm="AppInit6" name="zoneinfo" dev="proc" ino=4026534973 scontext=u:r:untrusted_app:s0:c512,c768 tcontext=u:object_r:proc_zoneinfo:s0 tclass=file permissive=0 SEPF_SM-G935F_8.0.0_0018 audit_filtered
2021-12-13 17:14:17.319 6328-6797/com.izwin.hotpot2 D/MediaCodecInfo: AssumedSupport [sizeAndRate.rotated, 720x1280x29.999177932739258] [OMX.google.h264.decoder, video/avc] [hero2lte, SM-G935F, samsung, 26]
2021-12-13 17:14:17.322 6328-6797/com.izwin.hotpot2 I/chatty: uid=10476(u0_a476) ExoPlayer:Playb identical 2 lines
2021-12-13 17:14:17.323 6328-6797/com.izwin.hotpot2 D/MediaCodecInfo: AssumedSupport [sizeAndRate.rotated, 720x1280x29.999177932739258] [OMX.google.h264.decoder, video/avc] [hero2lte, SM-G935F, samsung, 26]
2021-12-13 17:14:17.324 6328-7090/com.izwin.hotpot2 I/System.out: (HTTPLog)-Static: isSBSettingEnabled false
2021-12-13 17:14:17.325 6328-7090/com.izwin.hotpot2 I/System.out: (HTTPLog)-Static: isSBSettingEnabled false
2021-12-13 17:14:17.486 6875-6886/? W/JavaBinder: BinderProxy is being destroyed but the application did not call unlinkToDeath to unlink all of its death recipients beforehand.  Releasing leaked death recipient: X.061
2021-12-13 17:14:17.616 6328-7129/com.izwin.hotpot2 I/System.out: (HTTPLog)-Static: isSBSettingEnabled false
2021-12-13 17:14:17.617 6328-7129/com.izwin.hotpot2 I/System.out: (HTTPLog)-Static: isSBSettingEnabled false
2021-12-13 17:14:17.621 3327-3600/? D/DnsProxyListener: DNSDBG::dns addrinfo af 0
2021-12-13 17:14:17.766 3192-3192/? I/android.hardware.wifi@1.0-service: getLinkLayerStats
2021-12-13 17:14:18.271 6507-6507/? D/SADVFSHelper: Either heavy-duty effect is Off or Music playback is not active
2021-12-13 17:14:18.293 6875-7094/? E/nightwatch-target: /proc/zoneinfo open: errno=13
2021-12-13 17:14:18.293 6875-7094/? E/nightwatch-target: sysmeminfo parse failed
2021-12-13 17:14:18.293 3289-3289/? E/audit: type=1400 audit(1639404858.277:10740): avc:  denied  { read } for  pid=6875 comm="AppInit6" name="zoneinfo" dev="proc" ino=4026534973 scontext=u:r:untrusted_app:s0:c512,c768 tcontext=u:object_r:proc_zoneinfo:s0 tclass=file permissive=0 SEPF_SM-G935F_8.0.0_0018 audit_filtered
2021-12-13 17:14:18.447 6875-6883/? I/zygote: Do partial code cache collection, code=19KB, data=31KB
2021-12-13 17:14:18.448 6875-6883/? I/zygote: After code cache collection, code=19KB, data=31KB
2021-12-13 17:14:18.448 6875-6883/? I/zygote: Increasing code cache capacity to 128KB
2021-12-13 17:14:18.450 6875-6883/? I/zygote: Do partial code cache collection, code=19KB, data=38KB
2021-12-13 17:14:18.450 6875-6883/? I/zygote: After code cache collection, code=19KB, data=38KB
2021-12-13 17:14:18.451 6875-6883/? I/zygote: Increasing code cache capacity to 256KB
2021-12-13 17:14:18.451 6875-6883/? I/zygote: Compiler allocated 16MB to compile boolean X.07L.A0A(android.os.StrictMode$ThreadPolicy, java.lang.String, java.lang.String, java.lang.String, int)
2021-12-13 17:14:18.560 3668-3824/? D/InputReader: Input event(3): value=1 when=83203174021000
2021-12-13 17:14:18.560 3668-3824/? D/InputReader: Input event(3): value=1 when=83203174021000
2021-12-13 17:14:18.560 3668-3824/? I/InputReader: Touch event's action is 0x0 (deviceType=0) [pCnt=1, s=0.512 ] when=83203174021000
2021-12-13 17:14:18.561 3668-3823/? I/InputDispatcher: Delivering touch to (4175): action: 0x4, toolType: 1
2021-12-13 17:14:18.561 3668-3823/? I/InputDispatcher: Delivering touch to (6328): action: 0x0, toolType: 1
2021-12-13 17:14:18.562 6328-6328/com.izwin.hotpot2 D/ViewRootImpl@c021a16[MainActivity]: ViewPostIme pointer 0
2021-12-13 17:14:18.593 6875-6883/? I/zygote: Do full code cache collection, code=78KB, data=47KB
2021-12-13 17:14:18.594 6875-6883/? I/zygote: After code cache collection, code=58KB, data=27KB
2021-12-13 17:14:18.608 6875-6883/? I/zygote: Do partial code cache collection, code=59KB, data=46KB
2021-12-13 17:14:18.609 6875-6883/? I/zygote: After code cache collection, code=59KB, data=46KB
2021-12-13 17:14:18.609 6875-6883/? I/zygote: Increasing code cache capacity to 512KB
2021-12-13 17:14:18.663 3201-3201/? I/SurfaceFlinger: id=650 createSurf (1440x2464),4 flag=404, SurfaceView - com.izwin.hotpot2/com.izwin.hotpot2.view.MainActivity@5636592@0#0
2021-12-13 17:14:18.664 3201-3201/? I/SurfaceFlinger: id=651 createSurf (1440x2464),-1 flag=20404, Background for - SurfaceView - com.izwin.hotpot2/com.izwin.hotpot2.view.MainActivity@5636592@0#0
2021-12-13 17:14:18.664 6328-6328/com.izwin.hotpot2 D/SurfaceView: BG show() Surface(name=Background for - SurfaceView - com.izwin.hotpot2/com.izwin.hotpot2.view.MainActivity@5636592@0) android.view.SurfaceView{5636592 V.E...... ......ID 0,0-1440,2464}
2021-12-13 17:14:18.668 6328-6328/com.izwin.hotpot2 V/Surface: sf_framedrop debug : 0x4f4c, game : false, logging : 0
2021-12-13 17:14:18.668 6328-6328/com.izwin.hotpot2 D/SurfaceView: surfaceCreated 1 android.view.SurfaceView{5636592 V.E...... ......ID 0,0-1440,2464}
2021-12-13 17:14:18.668 6328-6328/com.izwin.hotpot2 D/SurfaceView: surfaceChanged (1440,2464) 1 android.view.SurfaceView{5636592 V.E...... ......ID 0,0-1440,2464}
2021-12-13 17:14:18.679 3201-3201/? D/SurfaceFlinger:   Display[0] configurations (* current):
        * 0: 1440x2560, xdpi=537.882019, ydpi=532.982971, refresh=16949152
      numHwLayers=5, flags=00000000
        type   |  handle  | hint | flag | tr | blnd |   format    |     source crop (l,t,r,b)      |          frame         | name 
    -----------+----------+------+------+----+------+-------------+--------------------------------+------------------------+------
          GLES | 00000000 | 0000 | 0220 | 00 | 0105 | ? ffffffff  |    0.0,    0.0,   -1.0,   -0.1 |    0, 2294, 1440, 2560 | Background for - SurfaceView - com.izwin.hotpot2/com.izwin.hotpot2.view.MainActivity@5636592@0#0
           HWC | 75516d69c0 | 0000 | 0020 | 00 | 0100 | ? 00000121  |    0.0,    0.0,  576.0,  874.0 |    0,  235, 1440, 2420 | SurfaceView - com.izwin.hotpot2/com.izwin.hotpot2.view.MainActivity@203e155@0#0
           HWC | 7555a2d180 | 0000 | 0000 | 00 | 0105 | RGBA_8888   |    0.0,    0.0, 1440.0, 2560.0 |    0,    0, 1440, 2560 | com.izwin.hotpot2/com.izwin.hotpot2.view.MainActivity#0
           HWC | 75516c2
2021-12-13 17:14:18.679 3201-3201/? D/SurfaceFlinger: ac0 | 0000 | 0000 | 00 | 0105 | RGBA_8888   |    0.0,    0.0, 1440.0,   96.0 |    0,    0, 1440,   96 | StatusBar#0
     FB TARGET | 75519f5d80 | 0000 | 0000 | 00 | 0105 | RGBA_8888   |    0.0,    0.0, 1440.0, 2560.0 |    0,    0, 1440, 2560 | HWC_FRAMEBUFFER_TARGET
2021-12-13 17:14:18.701 3668-3824/? D/InputReader: Input event(3): value=0 when=83203315451000
2021-12-13 17:14:18.702 3668-3824/? D/InputReader: Input event(3): value=0 when=83203315451000
2021-12-13 17:14:18.702 3668-3824/? I/InputReader: Touch event's action is 0x1 (deviceType=0) [pCnt=1, s=] when=83203315451000
